Archive member included to satisfy reference by file (symbol)

c:/ac6/systemworkbench/plugins/fr.ac6.mcu.externaltools.arm-none.win32_1.13.2.201705091103/tools/compiler/bin/../lib/gcc/arm-none-eabi/5.4.1/../../../../arm-none-eabi/lib/armv7e-m/fpu\libc_nano.a(lib_a-exit.o)
                              c:/ac6/systemworkbench/plugins/fr.ac6.mcu.externaltools.arm-none.win32_1.13.2.201705091103/tools/compiler/bin/../lib/gcc/arm-none-eabi/5.4.1/../../../../arm-none-eabi/lib/armv7e-m/fpu/crt0.o (exit)
c:/ac6/systemworkbench/plugins/fr.ac6.mcu.externaltools.arm-none.win32_1.13.2.201705091103/tools/compiler/bin/../lib/gcc/arm-none-eabi/5.4.1/../../../../arm-none-eabi/lib/armv7e-m/fpu\libc_nano.a(lib_a-impure.o)
                              c:/ac6/systemworkbench/plugins/fr.ac6.mcu.externaltools.arm-none.win32_1.13.2.201705091103/tools/compiler/bin/../lib/gcc/arm-none-eabi/5.4.1/../../../../arm-none-eabi/lib/armv7e-m/fpu\libc_nano.a(lib_a-exit.o) (_global_impure_ptr)
c:/ac6/systemworkbench/plugins/fr.ac6.mcu.externaltools.arm-none.win32_1.13.2.201705091103/tools/compiler/bin/../lib/gcc/arm-none-eabi/5.4.1/../../../../arm-none-eabi/lib/armv7e-m/fpu\libc_nano.a(lib_a-init.o)
                              c:/ac6/systemworkbench/plugins/fr.ac6.mcu.externaltools.arm-none.win32_1.13.2.201705091103/tools/compiler/bin/../lib/gcc/arm-none-eabi/5.4.1/../../../../arm-none-eabi/lib/armv7e-m/fpu/crt0.o (__libc_init_array)
c:/ac6/systemworkbench/plugins/fr.ac6.mcu.externaltools.arm-none.win32_1.13.2.201705091103/tools/compiler/bin/../lib/gcc/arm-none-eabi/5.4.1/../../../../arm-none-eabi/lib/armv7e-m/fpu\libc_nano.a(lib_a-memset.o)
                              c:/ac6/systemworkbench/plugins/fr.ac6.mcu.externaltools.arm-none.win32_1.13.2.201705091103/tools/compiler/bin/../lib/gcc/arm-none-eabi/5.4.1/../../../../arm-none-eabi/lib/armv7e-m/fpu/crt0.o (memset)
c:/ac6/systemworkbench/plugins/fr.ac6.mcu.externaltools.arm-none.win32_1.13.2.201705091103/tools/compiler/bin/../lib/gcc/arm-none-eabi/5.4.1/../../../../arm-none-eabi/lib/armv7e-m/fpu\libnosys.a(_exit.o)
                              c:/ac6/systemworkbench/plugins/fr.ac6.mcu.externaltools.arm-none.win32_1.13.2.201705091103/tools/compiler/bin/../lib/gcc/arm-none-eabi/5.4.1/../../../../arm-none-eabi/lib/armv7e-m/fpu\libc_nano.a(lib_a-exit.o) (_exit)

Allocating common symbols
Common symbol       size              file

hi2c3               0x54              Src/main.o
hspi5               0x58              Src/main.o
uwTick              0x4               Drivers/STM32F4xx_HAL_Driver/Src/stm32f4xx_hal.o
pFlash              0x20              Drivers/STM32F4xx_HAL_Driver/Src/stm32f4xx_hal_flash.o
hltdc               0xa8              Src/main.o
huart1              0x40              Src/main.o
hsdram1             0x34              Src/main.o
I2cHandle           0x54              Src/stm32f429i_discovery.o

Discarded input sections

 .text          0x00000000        0x0 c:/ac6/systemworkbench/plugins/fr.ac6.mcu.externaltools.arm-none.win32_1.13.2.201705091103/tools/compiler/bin/../lib/gcc/arm-none-eabi/5.4.1/armv7e-m/fpu/crti.o
 .data          0x00000000        0x0 c:/ac6/systemworkbench/plugins/fr.ac6.mcu.externaltools.arm-none.win32_1.13.2.201705091103/tools/compiler/bin/../lib/gcc/arm-none-eabi/5.4.1/armv7e-m/fpu/crti.o
 .bss           0x00000000        0x0 c:/ac6/systemworkbench/plugins/fr.ac6.mcu.externaltools.arm-none.win32_1.13.2.201705091103/tools/compiler/bin/../lib/gcc/arm-none-eabi/5.4.1/armv7e-m/fpu/crti.o
 .data          0x00000000        0x4 c:/ac6/systemworkbench/plugins/fr.ac6.mcu.externaltools.arm-none.win32_1.13.2.201705091103/tools/compiler/bin/../lib/gcc/arm-none-eabi/5.4.1/armv7e-m/fpu/crtbegin.o
 .text          0x00000000       0x74 c:/ac6/systemworkbench/plugins/fr.ac6.mcu.externaltools.arm-none.win32_1.13.2.201705091103/tools/compiler/bin/../lib/gcc/arm-none-eabi/5.4.1/../../../../arm-none-eabi/lib/armv7e-m/fpu/crt0.o
 .data          0x00000000        0x0 c:/ac6/systemworkbench/plugins/fr.ac6.mcu.externaltools.arm-none.win32_1.13.2.201705091103/tools/compiler/bin/../lib/gcc/arm-none-eabi/5.4.1/../../../../arm-none-eabi/lib/armv7e-m/fpu/crt0.o
 .bss           0x00000000        0x0 c:/ac6/systemworkbench/plugins/fr.ac6.mcu.externaltools.arm-none.win32_1.13.2.201705091103/tools/compiler/bin/../lib/gcc/arm-none-eabi/5.4.1/../../../../arm-none-eabi/lib/armv7e-m/fpu/crt0.o
 .ARM.extab     0x00000000        0x0 c:/ac6/systemworkbench/plugins/fr.ac6.mcu.externaltools.arm-none.win32_1.13.2.201705091103/tools/compiler/bin/../lib/gcc/arm-none-eabi/5.4.1/../../../../arm-none-eabi/lib/armv7e-m/fpu/crt0.o
 .ARM.exidx     0x00000000        0x8 c:/ac6/systemworkbench/plugins/fr.ac6.mcu.externaltools.arm-none.win32_1.13.2.201705091103/tools/compiler/bin/../lib/gcc/arm-none-eabi/5.4.1/../../../../arm-none-eabi/lib/armv7e-m/fpu/crt0.o
 .ARM.attributes
[...]
Memory Configuration

Name             Origin             Length             Attributes
RAM              0x20000000         0x00030000         xrw
CCMRAM           0x10000000         0x00010000         rw
FLASH            0x08000000         0x00200000         xr
*default*        0x00000000         0xffffffff

Linker script and memory map

LOAD c:/ac6/systemworkbench/plugins/fr.ac6.mcu.externaltools.arm-none.win32_1.13.2.201705091103/tools/compiler/bin/../lib/gcc/arm-none-eabi/5.4.1/armv7e-m/fpu/crti.o
LOAD c:/ac6/systemworkbench/plugins/fr.ac6.mcu.externaltools.arm-none.win32_1.13.2.201705091103/tools/compiler/bin/../lib/gcc/arm-none-eabi/5.4.1/armv7e-m/fpu/crtbegin.o
LOAD c:/ac6/systemworkbench/plugins/fr.ac6.mcu.externaltools.arm-none.win32_1.13.2.201705091103/tools/compiler/bin/../lib/gcc/arm-none-eabi/5.4.1/../../../../arm-none-eabi/lib/armv7e-m/fpu/crt0.o
LOAD Drivers/STM32F4xx_HAL_Driver/Src/stm32f4xx_hal.o
LOAD Drivers/STM32F4xx_HAL_Driver/Src/stm32f4xx_hal_cortex.o
LOAD Drivers/STM32F4xx_HAL_Driver/Src/stm32f4xx_hal_dma.o
LOAD Drivers/STM32F4xx_HAL_Driver/Src/stm32f4xx_hal_dma_ex.o
LOAD Drivers/STM32F4xx_HAL_Driver/Src/stm32f4xx_hal_dsi.o
LOAD Drivers/STM32F4xx_HAL_Driver/Src/stm32f4xx_hal_flash.o
LOAD Drivers/STM32F4xx_HAL_Driver/Src/stm32f4xx_hal_flash_ex.o
LOAD Drivers/STM32F4xx_HAL_Driver/Src/stm32f4xx_hal_flash_ramfunc.o
LOAD Drivers/STM32F4xx_HAL_Driver/Src/stm32f4xx_hal_gpio.o
LOAD Drivers/STM32F4xx_HAL_Driver/Src/stm32f4xx_hal_i2c.o
LOAD Drivers/STM32F4xx_HAL_Driver/Src/stm32f4xx_hal_i2c_ex.o
LOAD Drivers/STM32F4xx_HAL_Driver/Src/stm32f4xx_hal_ltdc.o
LOAD Drivers/STM32F4xx_HAL_Driver/Src/stm32f4xx_hal_ltdc_ex.o
LOAD Drivers/STM32F4xx_HAL_Driver/Src/stm32f4xx_hal_pwr.o
LOAD Drivers/STM32F4xx_HAL_Driver/Src/stm32f4xx_hal_pwr_ex.o
LOAD Drivers/STM32F4xx_HAL_Driver/Src/stm32f4xx_hal_rcc.o
LOAD Drivers/STM32F4xx_HAL_Driver/Src/stm32f4xx_hal_rcc_ex.o
LOAD Drivers/STM32F4xx_HAL_Driver/Src/stm32f4xx_hal_sdram.o
LOAD Drivers/STM32F4xx_HAL_Driver/Src/stm32f4xx_hal_spi.o
LOAD Drivers/STM32F4xx_HAL_Driver/Src/stm32f4xx_hal_tim.o
LOAD Drivers/STM32F4xx_HAL_Driver/Src/stm32f4xx_hal_tim_ex.o
LOAD Drivers/STM32F4xx_HAL_Driver/Src/stm32f4xx_hal_uart.o
LOAD Drivers/STM32F4xx_HAL_Driver/Src/stm32f4xx_ll_fmc.o
LOAD Src/main.o
LOAD Src/malloc.o
LOAD Src/stm32f429i_discovery.o
LOAD Src/stm32f4xx_hal_msp.o
LOAD Src/stm32f4xx_it.o
LOAD Src/system_stm32f4xx.o
LOAD Src/threads.o
LOAD startup/startup_stm32f429xx.o
LOAD c:/ac6/systemworkbench/plugins/fr.ac6.mcu.externaltools.arm-none.win32_1.13.2.201705091103/tools/compiler/bin/../lib/gcc/arm-none-eabi/5.4.1/../../../../arm-none-eabi/lib/armv7e-m/fpu\libm.a
START GROUP
LOAD c:/ac6/systemworkbench/plugins/fr.ac6.mcu.externaltools.arm-none.win32_1.13.2.201705091103/tools/compiler/bin/../lib/gcc/arm-none-eabi/5.4.1/armv7e-m/fpu\libgcc.a
LOAD c:/ac6/systemworkbench/plugins/fr.ac6.mcu.externaltools.arm-none.win32_1.13.2.201705091103/tools/compiler/bin/../lib/gcc/arm-none-eabi/5.4.1/../../../../arm-none-eabi/lib/armv7e-m/fpu\libc_nano.a
END GROUP
START GROUP
LOAD c:/ac6/systemworkbench/plugins/fr.ac6.mcu.externaltools.arm-none.win32_1.13.2.201705091103/tools/compiler/bin/../lib/gcc/arm-none-eabi/5.4.1/armv7e-m/fpu\libgcc.a
LOAD c:/ac6/systemworkbench/plugins/fr.ac6.mcu.externaltools.arm-none.win32_1.13.2.201705091103/tools/compiler/bin/../lib/gcc/arm-none-eabi/5.4.1/../../../../arm-none-eabi/lib/armv7e-m/fpu\libc_nano.a
LOAD c:/ac6/systemworkbench/plugins/fr.ac6.mcu.externaltools.arm-none.win32_1.13.2.201705091103/tools/compiler/bin/../lib/gcc/arm-none-eabi/5.4.1/../../../../arm-none-eabi/lib/armv7e-m/fpu\libnosys.a
END GROUP
START GROUP
LOAD c:/ac6/systemworkbench/plugins/fr.ac6.mcu.externaltools.arm-none.win32_1.13.2.201705091103/tools/compiler/bin/../lib/gcc/arm-none-eabi/5.4.1/armv7e-m/fpu\libgcc.a
LOAD c:/ac6/systemworkbench/plugins/fr.ac6.mcu.externaltools.arm-none.win32_1.13.2.201705091103/tools/compiler/bin/../lib/gcc/arm-none-eabi/5.4.1/../../../../arm-none-eabi/lib/armv7e-m/fpu\libc_nano.a
LOAD c:/ac6/systemworkbench/plugins/fr.ac6.mcu.externaltools.arm-none.win32_1.13.2.201705091103/tools/compiler/bin/../lib/gcc/arm-none-eabi/5.4.1/../../../../arm-none-eabi/lib/armv7e-m/fpu\libnosys.a
END GROUP
LOAD c:/ac6/systemworkbench/plugins/fr.ac6.mcu.externaltools.arm-none.win32_1.13.2.201705091103/tools/compiler/bin/../lib/gcc/arm-none-eabi/5.4.1/armv7e-m/fpu/crtend.o
LOAD c:/ac6/systemworkbench/plugins/fr.ac6.mcu.externaltools.arm-none.win32_1.13.2.201705091103/tools/compiler/bin/../lib/gcc/arm-none-eabi/5.4.1/armv7e-m/fpu/crtn.o
                0x20030000                _estack = 0x20030000
                0x00000200                _Min_Heap_Size = 0x200
                0x00000400                _Min_Stack_Size = 0x400

.isr_vector     0x08000000      0x1ac
                0x08000000                . = ALIGN (0x4)
 *(.isr_vector)
 .isr_vector    0x08000000      0x1ac startup/startup_stm32f429xx.o
                0x08000000                g_pfnVectors
                0x080001ac                . = ALIGN (0x4)

.text           0x080001ac     0x36e4
                0x080001ac                . = ALIGN (0x4)
 *(.text)
 .text          0x080001ac       0x5c c:/ac6/systemworkbench/plugins/fr.ac6.mcu.externaltools.arm-none.win32_1.13.2.201705091103/tools/compiler/bin/../lib/gcc/arm-none-eabi/5.4.1/armv7e-m/fpu/crtbegin.o
 *(.text*)
 .text.HAL_Init
                0x08000208       0x44 Drivers/STM32F4xx_HAL_Driver/Src/stm32f4xx_hal.o
                0x08000208                HAL_Init
 .text.HAL_InitTick
                0x0800024c       0x38 Drivers/STM32F4xx_HAL_Driver/Src/stm32f4xx_hal.o
                0x0800024c                HAL_InitTick
 .text.HAL_IncTick
                0x08000284       0x1c Drivers/STM32F4xx_HAL_Driver/Src/stm32f4xx_hal.o
                0x08000284                HAL_IncTick
 .text.HAL_GetTick
                0x080002a0       0x18 Drivers/STM32F4xx_HAL_Driver/Src/stm32f4xx_hal.o
                0x080002a0                HAL_GetTick
 .text.NVIC_SetPriorityGrouping
                0x080002b8       0x48 Drivers/STM32F4xx_HAL_Driver/Src/stm32f4xx_hal_cortex.o
 .text.NVIC_GetPriorityGrouping
                0x08000300       0x1c Drivers/STM32F4xx_HAL_Driver/Src/stm32f4xx_hal_cortex.o
 .text.NVIC_SetPendingIRQ
                0x0800031c       0x34 Drivers/STM32F4xx_HAL_Driver/Src/stm32f4xx_hal_cortex.o
 .text.NVIC_SetPriority
                0x08000350       0x54 Drivers/STM32F4xx_HAL_Driver/Src/stm32f4xx_hal_cortex.o
 .text.NVIC_EncodePriority
                0x080003a4       0x64 Drivers/STM32F4xx_HAL_Driver/Src/stm32f4xx_hal_cortex.o
 .text.SysTick_Config
                0x08000408       0x44 Drivers/STM32F4xx_HAL_Driver/Src/stm32f4xx_hal_cortex.o
 .text.HAL_NVIC_SetPriorityGrouping
                0x0800044c       0x18 Drivers/STM32F4xx_HAL_Driver/Src/stm32f4xx_hal_cortex.o
                0x0800044c                HAL_NVIC_SetPriorityGrouping
 .text.HAL_NVIC_SetPriority
                0x08000464       0x38 Drivers/STM32F4xx_HAL_Driver/Src/stm32f4xx_hal_cortex.o
                0x08000464                HAL_NVIC_SetPriority
 .text.HAL_SYSTICK_Config
                0x0800049c       0x18 Drivers/STM32F4xx_HAL_Driver/Src/stm32f4xx_hal_cortex.o
                0x0800049c                HAL_SYSTICK_Config
 .text.HAL_NVIC_SetPendingIRQ
                0x080004b4       0x1c Drivers/STM32F4xx_HAL_Driver/Src/stm32f4xx_hal_cortex.o
                0x080004b4                HAL_NVIC_SetPendingIRQ
 .text.HAL_SYSTICK_CLKSourceConfig
                0x080004d0       0x38 Drivers/STM32F4xx_HAL_Driver/Src/stm32f4xx_hal_cortex.o
                0x080004d0                HAL_SYSTICK_CLKSourceConfig
 .text.HAL_SYSTICK_IRQHandler
                0x08000508        0xc Drivers/STM32F4xx_HAL_Driver/Src/stm32f4xx_hal_cortex.o
                0x08000508                HAL_SYSTICK_IRQHandler
 .text.HAL_SYSTICK_Callback
                0x08000514       0x10 Drivers/STM32F4xx_HAL_Driver/Src/stm32f4xx_hal_cortex.o
                0x08000514                HAL_SYSTICK_Callback
 .text.HAL_GPIO_Init
                0x08000524      0x354 Drivers/STM32F4xx_HAL_Driver/Src/stm32f4xx_hal_gpio.o
                0x08000524                HAL_GPIO_Init
 .text.HAL_GPIO_WritePin
                0x08000878       0x34 Drivers/STM32F4xx_HAL_Driver/Src/stm32f4xx_hal_gpio.o
                0x08000878                HAL_GPIO_WritePin
 .text.HAL_GPIO_TogglePin
                0x080008ac       0x24 Drivers/STM32F4xx_HAL_Driver/Src/stm32f4xx_hal_gpio.o
                0x080008ac                HAL_GPIO_TogglePin
 .text.HAL_I2C_Init
                0x080008d0      0x1c0 Drivers/STM32F4xx_HAL_Driver/Src/stm32f4xx_hal_i2c.o
                0x080008d0                HAL_I2C_Init
 .text.HAL_LTDC_Init
                0x08000a90      0x1a8 Drivers/STM32F4xx_HAL_Driver/Src/stm32f4xx_hal_ltdc.o
                0x08000a90                HAL_LTDC_Init
 .text.HAL_LTDC_ConfigLayer
                0x08000c38       0x7c Drivers/STM32F4xx_HAL_Driver/Src/stm32f4xx_hal_ltdc.o
                0x08000c38                HAL_LTDC_ConfigLayer
 .text.LTDC_SetConfig
                0x08000cb4      0x354 Drivers/STM32F4xx_HAL_Driver/Src/stm32f4xx_hal_ltdc.o
 .text.HAL_RCC_OscConfig
                0x08001008      0x4b4 Drivers/STM32F4xx_HAL_Driver/Src/stm32f4xx_hal_rcc.o
                0x08001008                HAL_RCC_OscConfig
 .text.HAL_RCC_ClockConfig
                0x080014bc      0x224 Drivers/STM32F4xx_HAL_Driver/Src/stm32f4xx_hal_rcc.o
                0x080014bc                HAL_RCC_ClockConfig
 .text.HAL_RCC_GetSysClockFreq
                0x080016e0       0xfc Drivers/STM32F4xx_HAL_Driver/Src/stm32f4xx_hal_rcc.o
                0x080016e0                HAL_RCC_GetSysClockFreq
 .text.HAL_RCC_GetHCLKFreq
                0x080017dc       0x18 Drivers/STM32F4xx_HAL_Driver/Src/stm32f4xx_hal_rcc.o
                0x080017dc                HAL_RCC_GetHCLKFreq
 .text.HAL_RCC_GetPCLK1Freq
                0x080017f4       0x44 Drivers/STM32F4xx_HAL_Driver/Src/stm32f4xx_hal_rcc.o
                0x080017f4                HAL_RCC_GetPCLK1Freq
 .text.HAL_RCC_GetPCLK2Freq
                0x08001838       0x44 Drivers/STM32F4xx_HAL_Driver/Src/stm32f4xx_hal_rcc.o
                0x08001838                HAL_RCC_GetPCLK2Freq
 .text.HAL_RCCEx_PeriphCLKConfig
                0x0800187c      0x434 Drivers/STM32F4xx_HAL_Driver/Src/stm32f4xx_hal_rcc_ex.o
                0x0800187c                HAL_RCCEx_PeriphCLKConfig
 .text.HAL_SDRAM_Init
                0x08001cb0       0x68 Drivers/STM32F4xx_HAL_Driver/Src/stm32f4xx_hal_sdram.o
                0x08001cb0                HAL_SDRAM_Init
 .text.HAL_SPI_Init
                0x08001d18       0xc8 Drivers/STM32F4xx_HAL_Driver/Src/stm32f4xx_hal_spi.o
                0x08001d18                HAL_SPI_Init
 .text.HAL_UART_Init
                0x08001de0       0x9c Drivers/STM32F4xx_HAL_Driver/Src/stm32f4xx_hal_uart.o
                0x08001de0                HAL_UART_Init
 .text.HAL_UART_Transmit
                0x08001e7c      0x130 Drivers/STM32F4xx_HAL_Driver/Src/stm32f4xx_hal_uart.o
                0x08001e7c                HAL_UART_Transmit
 .text.UART_WaitOnFlagUntilTimeout
                0x08001fac       0x94 Drivers/STM32F4xx_HAL_Driver/Src/stm32f4xx_hal_uart.o
 .text.UART_SetConfig
                0x08002040      0x438 Drivers/STM32F4xx_HAL_Driver/Src/stm32f4xx_hal_uart.o
 .text.FMC_SDRAM_Init
                0x08002478       0xe8 Drivers/STM32F4xx_HAL_Driver/Src/stm32f4xx_ll_fmc.o
                0x08002478                FMC_SDRAM_Init
 .text.FMC_SDRAM_Timing_Init
                0x08002560      0x100 Drivers/STM32F4xx_HAL_Driver/Src/stm32f4xx_ll_fmc.o
                0x08002560                FMC_SDRAM_Timing_Init
 .text.main     0x08002660       0xa0 Src/main.o
                0x08002660                main
 .text.SystemClock_Config
                0x08002700      0x118 Src/main.o
                0x08002700                SystemClock_Config
 .text.MX_I2C3_Init
                0x08002818       0x64 Src/main.o
 .text.MX_LTDC_Init
                0x0800287c      0x15c Src/main.o
 .text.MX_SPI5_Init
                0x080029d8       0x78 Src/main.o
 .text.MX_USART1_UART_Init
                0x08002a50       0x5c Src/main.o
 .text.MX_FMC_Init
                0x08002aac       0x94 Src/main.o
 .text.MX_GPIO_Init
                0x08002b40      0x24c Src/main.o
 .text.Toggle_Leds
                0x08002d8c       0x30 Src/main.o
                0x08002d8c                Toggle_Leds
 .text.puts     0x08002dbc       0x44 Src/main.o
                0x08002dbc                puts
 .text.delay    0x08002e00       0x2c Src/main.o
 .text.busy_loop
                0x08002e2c       0x20 Src/main.o
 .text.test1    0x08002e4c       0x18 Src/main.o
                0x08002e4c                test1
 .text.test2    0x08002e64       0x18 Src/main.o
                0x08002e64                test2
 .text.test3    0x08002e7c       0x18 Src/main.o
                0x08002e7c                test3
 .text._Error_Handler
                0x08002e94        0xc Src/main.o
                0x08002e94                _Error_Handler
 .text.sbrk     0x08002ea0       0x58 Src/malloc.o
 .text.malloc   0x08002ef8       0xdc Src/malloc.o
                0x08002ef8                malloc
 .text.free     0x08002fd4       0xc4 Src/malloc.o
                0x08002fd4                free
 .text.BSP_LED_Toggle
                0x08003098       0x30 Src/stm32f429i_discovery.o
                0x08003098                BSP_LED_Toggle
 .text.HAL_MspInit
                0x080030c8       0x64 Src/stm32f4xx_hal_msp.o
                0x080030c8                HAL_MspInit
 .text.HAL_I2C_MspInit
                0x0800312c       0x8c Src/stm32f4xx_hal_msp.o
                0x0800312c                HAL_I2C_MspInit
 .text.HAL_LTDC_MspInit
                0x080031b8      0x164 Src/stm32f4xx_hal_msp.o
                0x080031b8                HAL_LTDC_MspInit
 .text.HAL_SPI_MspInit
                0x0800331c       0x64 Src/stm32f4xx_hal_msp.o
                0x0800331c                HAL_SPI_MspInit
 .text.HAL_UART_MspInit
                0x08003380       0x64 Src/stm32f4xx_hal_msp.o
                0x08003380                HAL_UART_MspInit
 .text.HAL_FMC_MspInit
                0x080033e4      0x118 Src/stm32f4xx_hal_msp.o
 .text.HAL_SDRAM_MspInit
                0x080034fc       0x14 Src/stm32f4xx_hal_msp.o
                0x080034fc                HAL_SDRAM_MspInit
 .text.SVC_Handler
                0x08003510       0x10 Src/stm32f4xx_it.o
                0x08003510                SVC_Handler
 .text.SysTick_Handler
                0x08003520       0x2c Src/stm32f4xx_it.o
                0x08003520                SysTick_Handler
 .text.SystemInit
                0x0800354c       0x6c Src/system_stm32f4xx.o
                0x0800354c                SystemInit
 .text.PendSV_Handler
                0x080035b8       0x74 Src/threads.o
                0x080035b8                PendSV_Handler
 .text.thread_start
                0x0800362c       0x50 Src/threads.o
                0x0800362c                thread_start
 .text.thread_create
                0x0800367c      0x104 Src/threads.o
                0x0800367c                thread_create
 .text.thread_kill
                0x08003780       0x40 Src/threads.o
                0x08003780                thread_kill
 .text.thread_self_terminal
                0x080037c0       0x18 Src/threads.o
                0x080037c0                thread_self_terminal
 .text.Reset_Handler
                0x080037d8       0x50 startup/startup_stm32f429xx.o
                0x080037d8                Reset_Handler
 .text.Default_Handler
                0x08003828        0x2 startup/startup_stm32f429xx.o
                0x08003828                RTC_Alarm_IRQHandler
                0x08003828                HASH_RNG_IRQHandler
                0x08003828                EXTI2_IRQHandler
                0x08003828                TIM8_CC_IRQHandler
                0x08003828                DebugMon_Handler
                0x08003828                UART8_IRQHandler
                0x08003828                SPI4_IRQHandler
                0x08003828                TIM1_CC_IRQHandler
                0x08003828                DMA2_Stream5_IRQHandler
                0x08003828                HardFault_Handler
                0x08003828                DMA1_Stream5_IRQHandler
                0x08003828                PVD_IRQHandler
                0x08003828                SDIO_IRQHandler
                0x08003828                TAMP_STAMP_IRQHandler
                0x08003828                NMI_Handler
                0x08003828                CAN2_RX1_IRQHandler
                0x08003828                EXTI3_IRQHandler
                0x08003828                TIM8_TRG_COM_TIM14_IRQHandler
                0x08003828                TIM1_UP_TIM10_IRQHandler
                0x08003828                TIM8_UP_TIM13_IRQHandler
                0x08003828                I2C3_ER_IRQHandler
                0x08003828                EXTI0_IRQHandler
                0x08003828                I2C2_EV_IRQHandler
                0x08003828                DMA1_Stream2_IRQHandler
                0x08003828                CAN1_RX0_IRQHandler
                0x08003828                FPU_IRQHandler
                0x08003828                OTG_HS_WKUP_IRQHandler
                0x08003828                UsageFault_Handler
                0x08003828                LTDC_ER_IRQHandler
                0x08003828                CAN2_SCE_IRQHandler
                0x08003828                DMA2_Stream2_IRQHandler
                0x08003828                SPI1_IRQHandler
                0x08003828                TIM6_DAC_IRQHandler
                0x08003828                TIM1_BRK_TIM9_IRQHandler
                0x08003828                DCMI_IRQHandler
                0x08003828                CAN2_RX0_IRQHandler
                0x08003828                DMA2_Stream3_IRQHandler
                0x08003828                USART6_IRQHandler
                0x08003828                USART3_IRQHandler
                0x08003828                CAN1_RX1_IRQHandler
                0x08003828                UART5_IRQHandler
                0x08003828                DMA2_Stream0_IRQHandler
                0x08003828                TIM4_IRQHandler
                0x08003828                I2C1_EV_IRQHandler
                0x08003828                DMA1_Stream6_IRQHandler
                0x08003828                DMA1_Stream1_IRQHandler
                0x08003828                UART4_IRQHandler
                0x08003828                TIM3_IRQHandler
                0x08003828                RCC_IRQHandler
                0x08003828                TIM8_BRK_TIM12_IRQHandler
                0x08003828                Default_Handler
                0x08003828                EXTI15_10_IRQHandler
                0x08003828                ADC_IRQHandler
                0x08003828                DMA1_Stream7_IRQHandler
                0x08003828                SPI5_IRQHandler
                0x08003828                TIM7_IRQHandler
                0x08003828                CAN2_TX_IRQHandler
                0x08003828                TIM5_IRQHandler
                0x08003828                DMA2_Stream7_IRQHandler
                0x08003828                I2C3_EV_IRQHandler
                0x08003828                EXTI9_5_IRQHandler
                0x08003828                RTC_WKUP_IRQHandler
                0x08003828                LTDC_IRQHandler
                0x08003828                ETH_WKUP_IRQHandler
                0x08003828                SPI2_IRQHandler
                0x08003828                OTG_HS_EP1_IN_IRQHandler
                0x08003828                MemManage_Handler
                0x08003828                DMA1_Stream0_IRQHandler
                0x08003828                CAN1_TX_IRQHandler
                0x08003828                EXTI4_IRQHandler
                0x08003828                ETH_IRQHandler
                0x08003828                OTG_HS_EP1_OUT_IRQHandler
                0x08003828                WWDG_IRQHandler
                0x08003828                SPI6_IRQHandler
                0x08003828                TIM2_IRQHandler
                0x08003828                OTG_FS_WKUP_IRQHandler
                0x08003828                TIM1_TRG_COM_TIM11_IRQHandler
                0x08003828                OTG_HS_IRQHandler
                0x08003828                DMA2D_IRQHandler
                0x08003828                EXTI1_IRQHandler
                0x08003828                UART7_IRQHandler
                0x08003828                USART2_IRQHandler
                0x08003828                I2C2_ER_IRQHandler
                0x08003828                DMA2_Stream1_IRQHandler
                0x08003828                CAN1_SCE_IRQHandler
                0x08003828                FLASH_IRQHandler
                0x08003828                DMA2_Stream4_IRQHandler
                0x08003828                BusFault_Handler
                0x08003828                USART1_IRQHandler
                0x08003828                OTG_FS_IRQHandler
                0x08003828                SPI3_IRQHandler
                0x08003828                DMA1_Stream4_IRQHandler
                0x08003828                I2C1_ER_IRQHandler
                0x08003828                FMC_IRQHandler
                0x08003828                DMA2_Stream6_IRQHandler
                0x08003828                SAI1_IRQHandler
                0x08003828                DMA1_Stream3_IRQHandler
 *fill*         0x0800382a        0x2 
 .text.__libc_init_array
                0x0800382c       0x4c c:/ac6/systemworkbench/plugins/fr.ac6.mcu.externaltools.arm-none.win32_1.13.2.201705091103/tools/compiler/bin/../lib/gcc/arm-none-eabi/5.4.1/../../../../arm-none-eabi/lib/armv7e-m/fpu\libc_nano.a(lib_a-init.o)
                0x0800382c                __libc_init_array
 *(.glue_7)
 .glue_7        0x08003878        0x0 linker stubs
 *(.glue_7t)
 .glue_7t       0x08003878        0x0 linker stubs
 *(.eh_frame)
 .eh_frame      0x08003878        0x0 c:/ac6/systemworkbench/plugins/fr.ac6.mcu.externaltools.arm-none.win32_1.13.2.201705091103/tools/compiler/bin/../lib/gcc/arm-none-eabi/5.4.1/armv7e-m/fpu/crtbegin.o
 *(.init)
 .init          0x08003878        0x4 c:/ac6/systemworkbench/plugins/fr.ac6.mcu.externaltools.arm-none.win32_1.13.2.201705091103/tools/compiler/bin/../lib/gcc/arm-none-eabi/5.4.1/armv7e-m/fpu/crti.o
                0x08003878                _init
 .init          0x0800387c        0x8 c:/ac6/systemworkbench/plugins/fr.ac6.mcu.externaltools.arm-none.win32_1.13.2.201705091103/tools/compiler/bin/../lib/gcc/arm-none-eabi/5.4.1/armv7e-m/fpu/crtn.o
 *(.fini)
 .fini          0x08003884        0x4 c:/ac6/systemworkbench/plugins/fr.ac6.mcu.externaltools.arm-none.win32_1.13.2.201705091103/tools/compiler/bin/../lib/gcc/arm-none-eabi/5.4.1/armv7e-m/fpu/crti.o
                0x08003884                _fini
 .fini          0x08003888        0x8 c:/ac6/systemworkbench/plugins/fr.ac6.mcu.externaltools.arm-none.win32_1.13.2.201705091103/tools/compiler/bin/../lib/gcc/arm-none-eabi/5.4.1/armv7e-m/fpu/crtn.o
                0x08003890                . = ALIGN (0x4)
                0x08003890                _etext = .

.vfp11_veneer   0x08003890        0x0
 .vfp11_veneer  0x08003890        0x0 linker stubs

.v4_bx          0x08003890        0x0
 .v4_bx         0x08003890        0x0 linker stubs

.iplt           0x08003890        0x0
 .iplt          0x08003890        0x0 c:/ac6/systemworkbench/plugins/fr.ac6.mcu.externaltools.arm-none.win32_1.13.2.201705091103/tools/compiler/bin/../lib/gcc/arm-none-eabi/5.4.1/armv7e-m/fpu/crtbegin.o

.rodata         0x08003890       0xb0
                0x08003890                . = ALIGN (0x4)
 *(.rodata)
 .rodata        0x08003890       0x8b Src/main.o
 *fill*         0x0800391b        0x1 
 .rodata        0x0800391c        0x9 Src/stm32f429i_discovery.o
                0x0800391c                GPIO_PIN
                0x08003920                BUTTON_PIN
                0x08003924                BUTTON_IRQn
 *fill*         0x08003925        0x3 
 .rodata        0x08003928       0x18 Src/system_stm32f4xx.o
                0x08003928                AHBPrescTable
                0x08003938                APBPrescTable
 *(.rodata*)
                0x08003940                . = ALIGN (0x4)

.rel.dyn        0x08003940        0x0
 .rel.iplt      0x08003940        0x0 c:/ac6/systemworkbench/plugins/fr.ac6.mcu.externaltools.arm-none.win32_1.13.2.201705091103/tools/compiler/bin/../lib/gcc/arm-none-eabi/5.4.1/armv7e-m/fpu/crtbegin.o

.ARM.extab
 *(.ARM.extab* .gnu.linkonce.armextab.*)

.ARM            0x08003940        0x0
                0x08003940                __exidx_start = .
 *(.ARM.exidx*)
                0x08003940                __exidx_end = .

.preinit_array  0x08003940        0x0
                0x08003940                PROVIDE (__preinit_array_start, .)
 *(.preinit_array*)
                0x08003940                PROVIDE (__preinit_array_end, .)

.init_array     0x08003940        0x4
                0x08003940                PROVIDE (__init_array_start, .)
 *(SORT(.init_array.*))
 *(.init_array*)
 .init_array    0x08003940        0x4 c:/ac6/systemworkbench/plugins/fr.ac6.mcu.externaltools.arm-none.win32_1.13.2.201705091103/tools/compiler/bin/../lib/gcc/arm-none-eabi/5.4.1/armv7e-m/fpu/crtbegin.o
                0x08003944                PROVIDE (__init_array_end, .)

.fini_array     0x08003944        0x4
                [!provide]                PROVIDE (__fini_array_start, .)
 *(SORT(.fini_array.*))
 *(.fini_array*)
 .fini_array    0x08003944        0x4 c:/ac6/systemworkbench/plugins/fr.ac6.mcu.externaltools.arm-none.win32_1.13.2.201705091103/tools/compiler/bin/../lib/gcc/arm-none-eabi/5.4.1/armv7e-m/fpu/crtbegin.o
                [!provide]                PROVIDE (__fini_array_end, .)
                0x08003948                _sidata = LOADADDR (.data)

.data           0x20000000       0x20 load address 0x08003948
                0x20000000                . = ALIGN (0x4)
                0x20000000                _sdata = .
 *(.data)
 .data          0x20000000        0x4 Src/malloc.o
 .data          0x20000004       0x14 Src/stm32f429i_discovery.o
                0x20000004                GPIO_PORT
                0x2000000c                BUTTON_PORT
                0x20000010                I2cxTimeout
                0x20000014                SpixTimeout
 .data          0x20000018        0x4 Src/system_stm32f4xx.o
                0x20000018                SystemCoreClock
 .data          0x2000001c        0x4 Src/threads.o
 *(.data*)
                0x20000020                . = ALIGN (0x4)
                0x20000020                _edata = .
                0x08003968                _siccmram = LOADADDR (.ccmram)

.jcr            0x20000020        0x0 load address 0x08003968
 .jcr           0x20000020        0x0 c:/ac6/systemworkbench/plugins/fr.ac6.mcu.externaltools.arm-none.win32_1.13.2.201705091103/tools/compiler/bin/../lib/gcc/arm-none-eabi/5.4.1/armv7e-m/fpu/crtbegin.o

.igot.plt       0x20000020        0x0 load address 0x08003968
 .igot.plt      0x20000020        0x0 c:/ac6/systemworkbench/plugins/fr.ac6.mcu.externaltools.arm-none.win32_1.13.2.201705091103/tools/compiler/bin/../lib/gcc/arm-none-eabi/5.4.1/armv7e-m/fpu/crtbegin.o

.ccmram         0x10000000        0x0 load address 0x08003968
                0x10000000                . = ALIGN (0x4)
                0x10000000                _sccmram = .
 *(.ccmram)
 *(.ccmram*)
                0x10000000                . = ALIGN (0x4)
                0x10000000                _eccmram = .
                0x10000000                . = ALIGN (0x4)

.bss            0x20000020     0x127c
                0x20000020                _sbss = .
                0x20000020                __bss_start__ = _sbss
 *(.bss)
 .bss           0x20000020       0x1c c:/ac6/systemworkbench/plugins/fr.ac6.mcu.externaltools.arm-none.win32_1.13.2.201705091103/tools/compiler/bin/../lib/gcc/arm-none-eabi/5.4.1/armv7e-m/fpu/crtbegin.o
 .bss           0x2000003c        0x4 Src/main.o
 .bss           0x20000040     0x100c Src/malloc.o
 .bss           0x2000104c        0x8 Src/stm32f4xx_hal_msp.o
 .bss           0x20001054       0x7c Src/threads.o
 *(.bss*)
 *(COMMON)
 COMMON         0x200010d0        0x4 Drivers/STM32F4xx_HAL_Driver/Src/stm32f4xx_hal.o
                0x200010d0                uwTick
 COMMON         0x200010d4      0x1c8 Src/main.o
                0x200010d4                hi2c3
                0x20001128                hspi5
                0x20001180                hltdc
                0x20001228                huart1
                0x20001268                hsdram1
                0x2000129c                . = ALIGN (0x4)
                0x2000129c                _ebss = .
                0x2000129c                __bss_end__ = _ebss

._user_heap_stack
                0x2000129c      0x604
                0x200012a0                . = ALIGN (0x8)
 *fill*         0x2000129c        0x4 
                [!provide]                PROVIDE (end, .)
                [!provide]                PROVIDE (_end, .)
                0x200014a0                . = (. + _Min_Heap_Size)
 *fill*         0x200012a0      0x200 
                0x200018a0                . = (. + _Min_Stack_Size)
 *fill*         0x200014a0      0x400 
                0x200018a0                . = ALIGN (0x8)

/DISCARD/
 libc.a(*)
 libm.a(*)
 libgcc.a(*)

.ARM.attributes
                0x00000000       0x30
 *(.ARM.attributes)
 .ARM.attributes
                0x00000000       0x22 c:/ac6/systemworkbench/plugins/fr.ac6.mcu.externaltools.arm-none.win32_1.13.2.201705091103/tools/compiler/bin/../lib/gcc/arm-none-eabi/5.4.1/armv7e-m/fpu/crti.o
 .ARM.attributes
                0x00000022       0x34 c:/ac6/systemworkbench/plugins/fr.ac6.mcu.externaltools.arm-none.win32_1.13.2.201705091103/tools/compiler/bin/../lib/gcc/arm-none-eabi/5.4.1/armv7e-m/fpu/crtbegin.o
 .ARM.attributes
                0x00000056       0x39 Drivers/STM32F4xx_HAL_Driver/Src/stm32f4xx_hal.o
 .ARM.attributes
                0x0000008f       0x39 Drivers/STM32F4xx_HAL_Driver/Src/stm32f4xx_hal_cortex.o
 .ARM.attributes
                0x000000c8       0x39 Drivers/STM32F4xx_HAL_Driver/Src/stm32f4xx_hal_gpio.o
 .ARM.attributes
                0x00000101       0x39 Drivers/STM32F4xx_HAL_Driver/Src/stm32f4xx_hal_i2c.o
 .ARM.attributes
                0x0000013a       0x39 Drivers/STM32F4xx_HAL_Driver/Src/stm32f4xx_hal_ltdc.o
 .ARM.attributes
                0x00000173       0x39 Drivers/STM32F4xx_HAL_Driver/Src/stm32f4xx_hal_rcc.o
 .ARM.attributes
                0x000001ac       0x39 Drivers/STM32F4xx_HAL_Driver/Src/stm32f4xx_hal_rcc_ex.o
 .ARM.attributes
                0x000001e5       0x39 Drivers/STM32F4xx_HAL_Driver/Src/stm32f4xx_hal_sdram.o
 .ARM.attributes
                0x0000021e       0x39 Drivers/STM32F4xx_HAL_Driver/Src/stm32f4xx_hal_spi.o
 .ARM.attributes
                0x00000257       0x39 Drivers/STM32F4xx_HAL_Driver/Src/stm32f4xx_hal_uart.o
 .ARM.attributes
                0x00000290       0x39 Drivers/STM32F4xx_HAL_Driver/Src/stm32f4xx_ll_fmc.o
 .ARM.attributes
                0x000002c9       0x39 Src/main.o
 .ARM.attributes
                0x00000302       0x39 Src/malloc.o
 .ARM.attributes
                0x0000033b       0x39 Src/stm32f429i_discovery.o
 .ARM.attributes
                0x00000374       0x39 Src/stm32f4xx_hal_msp.o
 .ARM.attributes
                0x000003ad       0x39 Src/stm32f4xx_it.o
 .ARM.attributes
                0x000003e6       0x39 Src/system_stm32f4xx.o
 .ARM.attributes
                0x0000041f       0x39 Src/threads.o
 .ARM.attributes
                0x00000458       0x21 startup/startup_stm32f429xx.o
 .ARM.attributes
                0x00000479       0x34 c:/ac6/systemworkbench/plugins/fr.ac6.mcu.externaltools.arm-none.win32_1.13.2.201705091103/tools/compiler/bin/../lib/gcc/arm-none-eabi/5.4.1/../../../../arm-none-eabi/lib/armv7e-m/fpu\libc_nano.a(lib_a-init.o)
 .ARM.attributes
                0x000004ad       0x22 c:/ac6/systemworkbench/plugins/fr.ac6.mcu.externaltools.arm-none.win32_1.13.2.201705091103/tools/compiler/bin/../lib/gcc/arm-none-eabi/5.4.1/armv7e-m/fpu/crtn.o
OUTPUT(makeOS.elf elf32-littlearm)

.comment        0x00000000       0x6e
 .comment       0x00000000       0x6e Drivers/STM32F4xx_HAL_Driver/Src/stm32f4xx_hal.o
                                 0x6f (size before relaxing)
 .comment       0x0000006e       0x6f Drivers/STM32F4xx_HAL_Driver/Src/stm32f4xx_hal_cortex.o
 .comment       0x0000006e       0x6f Drivers/STM32F4xx_HAL_Driver/Src/stm32f4xx_hal_gpio.o
 .comment       0x0000006e       0x6f Drivers/STM32F4xx_HAL_Driver/Src/stm32f4xx_hal_i2c.o
 .comment       0x0000006e       0x6f Drivers/STM32F4xx_HAL_Driver/Src/stm32f4xx_hal_ltdc.o
 .comment       0x0000006e       0x6f Drivers/STM32F4xx_HAL_Driver/Src/stm32f4xx_hal_rcc.o
 .comment       0x0000006e       0x6f Drivers/STM32F4xx_HAL_Driver/Src/stm32f4xx_hal_rcc_ex.o
 .comment       0x0000006e       0x6f Drivers/STM32F4xx_HAL_Driver/Src/stm32f4xx_hal_sdram.o
 .comment       0x0000006e       0x6f Drivers/STM32F4xx_HAL_Driver/Src/stm32f4xx_hal_spi.o
 .comment       0x0000006e       0x6f Drivers/STM32F4xx_HAL_Driver/Src/stm32f4xx_hal_uart.o
 .comment       0x0000006e       0x6f Drivers/STM32F4xx_HAL_Driver/Src/stm32f4xx_ll_fmc.o
 .comment       0x0000006e       0x6f Src/main.o
 .comment       0x0000006e       0x6f Src/malloc.o
 .comment       0x0000006e       0x6f Src/stm32f429i_discovery.o
 .comment       0x0000006e       0x6f Src/stm32f4xx_hal_msp.o
 .comment       0x0000006e       0x6f Src/stm32f4xx_it.o
 .comment       0x0000006e       0x6f Src/system_stm32f4xx.o
 .comment       0x0000006e       0x6f Src/threads.o

.debug_line     0x00000000       0x7f
 .debug_line    0x00000000       0x7f startup/startup_stm32f429xx.o

.debug_info     0x00000000       0x69
 .debug_info    0x00000000       0x69 startup/startup_stm32f429xx.o

.debug_abbrev   0x00000000       0x12
 .debug_abbrev  0x00000000       0x12 startup/startup_stm32f429xx.o

.debug_aranges  0x00000000       0x28
 .debug_aranges
                0x00000000       0x28 startup/startup_stm32f429xx.o

.debug_ranges   0x00000000       0x20
 .debug_ranges  0x00000000       0x20 startup/startup_stm32f429xx.o

.debug_frame    0x00000000       0x2c
 .debug_frame   0x00000000       0x2c c:/ac6/systemworkbench/plugins/fr.ac6.mcu.externaltools.arm-none.win32_1.13.2.201705091103/tools/compiler/bin/../lib/gcc/arm-none-eabi/5.4.1/../../../../arm-none-eabi/lib/armv7e-m/fpu\libc_nano.a(lib_a-init.o)
