<html>
<body>
<pre>
<h1>µVision Build Log</h1>
<h2>Tool Versions:</h2>
IDE-Version: £gVision V5.24.2.0
Copyright (C) 2017 ARM Ltd and ARM Germany GmbH. All rights reserved.
License Information: Chen-yu Li, QUN, LIC=6XJKP-MU3VW-IM39B-26S7J-XQR68-EJ0F7
 
Tool Versions:
Toolchain:       MDK-ARM Professional  Version: 5.24.1
Toolchain Path:  C:\Keil_v5\ARM\ARMCC\Bin
C Compiler:      Armcc.exe V5.06 update 5 (build 528)
Assembler:       Armasm.exe V5.06 update 5 (build 528)
Linker/Locator:  ArmLink.exe V5.06 update 5 (build 528)
Library Manager: ArmAr.exe V5.06 update 5 (build 528)
Hex Converter:   FromElf.exe V5.06 update 5 (build 528)
CPU DLL:         SARMCM3.DLL V5.24.1
Dialog DLL:      DCM.DLL V1.16.0.0
Target DLL:      STLink\ST-LINKIII-KEIL_SWO.dll V3.0.1.0
Dialog DLL:      TCM.DLL V1.32.0.0
 
<h2>Project:</h2>
D:\Desktop\WORK\NETOS\MDK-ARM\NETOS.uvprojx
Project File Date:  10/26/2017

<h2>Output:</h2>
*** Using Compiler 'V5.06 update 5 (build 528)', folder: 'C:\Keil_v5\ARM\ARMCC\Bin'
Rebuild target 'NETOS'
compiling freertos.c...
compiling stm32f4xx_hal_msp.c...
compiling lwip.c...
compiling ethernetif.c...
compiling stm32f4xx_hal_timebase_TIM.c...
compiling stm32f4xx_it.c...
compiling main.c...
compiling dhcp6.c...
compiling dhcp.c...
compiling ip4.c...
compiling upap.c...
compiling mppe.c...
compiling ecp.c...
compiling igmp.c...
compiling netifapi.c...
compiling pppoe.c...
compiling lcp.c...
compiling mld6.c...
compiling sockets.c...
compiling pppapi.c...
compiling mem.c...
compiling tcp_in.c...
compiling inet6.c...
compiling tcp.c...
compiling multilink.c...
compiling tcp_out.c...
compiling timeouts.c...
compiling nd6.c...
compiling err.c...
compiling api_msg.c...
compiling ip4_addr.c...
compiling vj.c...
compiling ipcp.c...
compiling pppos.c...
compiling ethip6.c...
compiling def.c...
compiling api_lib.c...
compiling pppol2tp.c...
compiling autoip.c...
compiling raw.c...
compiling magic.c...
compiling netbuf.c...
compiling udp.c...
compiling ip4_frag.c...
compiling sys.c...
compiling icmp.c...
compiling dns.c...
compiling ccp.c...
compiling stats.c...
compiling pppcrypt.c...
compiling netdb.c...
compiling eap.c...
compiling ethernet.c...
compiling chap-md5.c...
compiling sys_arch.c...
compiling slipif.c...
compiling lowpan6.c...
compiling ip6_addr.c...
compiling auth.c...
compiling utils.c...
compiling inet_chksum.c...
compiling chap-new.c...
compiling init.c...
compiling demand.c...
compiling memp.c...
compiling tcpip.c...
compiling ip.c...
compiling eui64.c...
compiling netif.c...
compiling etharp.c...
compiling ip6_frag.c...
compiling ppp.c...
compiling icmp6.c...
compiling pbuf.c...
compiling ipv6cp.c...
compiling fsm.c...
assembling startup_stm32f429xx.s...
compiling croutine.c...
compiling cmsis_os.c...
compiling queue.c...
compiling event_groups.c...
compiling chap_ms.c...
compiling tasks.c...
compiling timers.c...
compiling list.c...
compiling heap_4.c...
compiling port.c...
compiling ip6.c...
compiling system_stm32f4xx.c...
compiling stm32f4xx_hal_eth.c...
compiling stm32f4xx_hal_dma.c...
compiling stm32f4xx_hal.c...
compiling stm32f4xx_hal_flash_ramfunc.c...
compiling stm32f4xx_hal_tim_ex.c...
compiling stm32f4xx_hal_i2c_ex.c...
compiling stm32f4xx_hal_pwr_ex.c...
compiling stm32f4xx_hal_rcc.c...
compiling stm32f4xx_hal_pwr.c...
compiling stm32f4xx_hal_uart.c...
compiling stm32f4xx_hal_cortex.c...
compiling stm32f4xx_hal_flash.c...
compiling stm32f4xx_hal_dma_ex.c...
compiling stm32f4xx_hal_gpio.c...
compiling stm32f4xx_hal_flash_ex.c...
compiling stm32f4xx_hal_spi.c...
compiling stm32f4xx_hal_tim.c...
compiling stm32f4xx_hal_rcc_ex.c...
compiling stm32f4xx_hal_i2c.c...
compiling stm32f429i_discovery.c...
linking...
Program Size: Code=39936 RO-data=1008 RW-data=344 ZI-data=46864  
"NETOS\NETOS.axf" - 0 Error(s), 0 Warning(s).

<h2>Software Packages used:</h2>

Package Vendor: ARM
                http://www.keil.com/pack/ARM.CMSIS.5.1.1.pack
                ARM.CMSIS.5.1.1
                CMSIS (Cortex Microcontroller Software Interface Standard)
   * Component: CORE Version: 5.0.2

Package Vendor: Keil
                http://www.keil.com/pack/Keil.STM32F4xx_DFP.2.11.0.pack
                Keil.STM32F4xx_DFP.2.11.0
                STMicroelectronics STM32F4 Series Device Support, Drivers and Examples

<h2>Collection of Component include folders:</h2>
  .\RTE\_NETOS
  C:\Keil_v5\ARM\PACK\ARM\CMSIS\5.1.1\CMSIS\Include
  C:\Keil_v5\ARM\PACK\Keil\STM32F4xx_DFP\2.11.0\Drivers\CMSIS\Device\ST\STM32F4xx\Include

<h2>Collection of Component Files used:</h2>

   * Component: ARM::CMSIS:CORE:5.0.2
Build Time Elapsed:  00:09:47
</pre>
</body>
</html>
