Component: ARM Compiler 5.06 update 5 (build 528) Tool: armlink [4d35e2]

==============================================================================

Section Cross References

    lwip.o(i.MX_LWIP_Init) refers to tcpip.o(i.tcpip_init) for tcpip_init
    lwip.o(i.MX_LWIP_Init) refers to netif.o(i.netif_add) for netif_add
    lwip.o(i.MX_LWIP_Init) refers to netif.o(i.netif_set_default) for netif_set_default
    lwip.o(i.MX_LWIP_Init) refers to netif.o(i.netif_set_up) for netif_set_up
    lwip.o(i.MX_LWIP_Init) refers to netif.o(i.netif_set_down) for netif_set_down
    lwip.o(i.MX_LWIP_Init) refers to lwip.o(.data) for IP_ADDRESS
    lwip.o(i.MX_LWIP_Init) refers to tcpip.o(i.tcpip_input) for tcpip_input
    lwip.o(i.MX_LWIP_Init) refers to ethernetif.o(i.ethernetif_init) for ethernetif_init
    lwip.o(i.MX_LWIP_Init) refers to lwip.o(.bss) for gnetif
    stm32f4xx_hal_msp.o(i.HAL_I2C_MspDeInit) refers to stm32f4xx_hal_gpio.o(i.HAL_GPIO_DeInit) for HAL_GPIO_DeInit
    stm32f4xx_hal_msp.o(i.HAL_I2C_MspInit) refers to stm32f4xx_hal_gpio.o(i.HAL_GPIO_Init) for HAL_GPIO_Init
    stm32f4xx_hal_msp.o(i.HAL_MspInit) refers to stm32f4xx_hal_cortex.o(i.HAL_NVIC_SetPriorityGrouping) for HAL_NVIC_SetPriorityGrouping
    stm32f4xx_hal_msp.o(i.HAL_MspInit) refers to stm32f4xx_hal_cortex.o(i.HAL_NVIC_SetPriority) for HAL_NVIC_SetPriority
    stm32f4xx_hal_msp.o(i.HAL_SPI_MspDeInit) refers to stm32f4xx_hal_gpio.o(i.HAL_GPIO_DeInit) for HAL_GPIO_DeInit
    stm32f4xx_hal_msp.o(i.HAL_SPI_MspInit) refers to stm32f4xx_hal_gpio.o(i.HAL_GPIO_Init) for HAL_GPIO_Init
    stm32f4xx_hal_msp.o(i.HAL_UART_MspDeInit) refers to stm32f4xx_hal_gpio.o(i.HAL_GPIO_DeInit) for HAL_GPIO_DeInit
    stm32f4xx_hal_msp.o(i.HAL_UART_MspInit) refers to stm32f4xx_hal_gpio.o(i.HAL_GPIO_Init) for HAL_GPIO_Init
    ethernetif.o(i.HAL_ETH_MspDeInit) refers to stm32f4xx_hal_gpio.o(i.HAL_GPIO_DeInit) for HAL_GPIO_DeInit
    ethernetif.o(i.HAL_ETH_MspDeInit) refers to stm32f4xx_hal_cortex.o(i.HAL_NVIC_DisableIRQ) for HAL_NVIC_DisableIRQ
    ethernetif.o(i.HAL_ETH_MspInit) refers to stm32f4xx_hal_gpio.o(i.HAL_GPIO_Init) for HAL_GPIO_Init
    ethernetif.o(i.HAL_ETH_MspInit) refers to stm32f4xx_hal_cortex.o(i.HAL_NVIC_SetPriority) for HAL_NVIC_SetPriority
    ethernetif.o(i.HAL_ETH_MspInit) refers to stm32f4xx_hal_cortex.o(i.HAL_NVIC_EnableIRQ) for HAL_NVIC_EnableIRQ
    ethernetif.o(i.HAL_ETH_RxCpltCallback) refers to cmsis_os.o(i.osSemaphoreRelease) for osSemaphoreRelease
    ethernetif.o(i.HAL_ETH_RxCpltCallback) refers to ethernetif.o(.data) for s_xSemaphore
    ethernetif.o(i.ethernetif_init) refers to ethernetif.o(i.low_level_init) for low_level_init
    ethernetif.o(i.ethernetif_init) refers to etharp.o(i.etharp_output) for etharp_output
    ethernetif.o(i.ethernetif_init) refers to ethernetif.o(i.low_level_output) for low_level_output
    ethernetif.o(i.ethernetif_input) refers to cmsis_os.o(i.osSemaphoreWait) for osSemaphoreWait
    ethernetif.o(i.ethernetif_input) refers to ethernetif.o(i.low_level_input) for low_level_input
    ethernetif.o(i.ethernetif_input) refers to pbuf.o(i.pbuf_free) for pbuf_free
    ethernetif.o(i.ethernetif_input) refers to ethernetif.o(.data) for s_xSemaphore
    ethernetif.o(i.low_level_init) refers to stm32f4xx_hal_eth.o(i.HAL_ETH_Init) for HAL_ETH_Init
    ethernetif.o(i.low_level_init) refers to stm32f4xx_hal_eth.o(i.HAL_ETH_DMATxDescListInit) for HAL_ETH_DMATxDescListInit
    ethernetif.o(i.low_level_init) refers to stm32f4xx_hal_eth.o(i.HAL_ETH_DMARxDescListInit) for HAL_ETH_DMARxDescListInit
    ethernetif.o(i.low_level_init) refers to cmsis_os.o(i.osSemaphoreCreate) for osSemaphoreCreate
    ethernetif.o(i.low_level_init) refers to memcpya.o(.text) for __aeabi_memcpy4
    ethernetif.o(i.low_level_init) refers to cmsis_os.o(i.osThreadCreate) for osThreadCreate
    ethernetif.o(i.low_level_init) refers to stm32f4xx_hal_eth.o(i.HAL_ETH_Start) for HAL_ETH_Start
    ethernetif.o(i.low_level_init) refers to ethernetif.o(.bss) for heth
    ethernetif.o(i.low_level_init) refers to ethernetif.o(.data) for s_xSemaphore
    ethernetif.o(i.low_level_init) refers to ethernetif.o(.constdata) for .constdata
    ethernetif.o(i.low_level_input) refers to stm32f4xx_hal_eth.o(i.HAL_ETH_GetReceivedFrame_IT) for HAL_ETH_GetReceivedFrame_IT
    ethernetif.o(i.low_level_input) refers to pbuf.o(i.pbuf_alloc) for pbuf_alloc
    ethernetif.o(i.low_level_input) refers to memcpya.o(.text) for __aeabi_memcpy
    ethernetif.o(i.low_level_input) refers to ethernetif.o(.bss) for heth
    ethernetif.o(i.low_level_output) refers to memcpya.o(.text) for __aeabi_memcpy
    ethernetif.o(i.low_level_output) refers to stm32f4xx_hal_eth.o(i.HAL_ETH_TransmitFrame) for HAL_ETH_TransmitFrame
    ethernetif.o(i.low_level_output) refers to ethernetif.o(.bss) for heth
    ethernetif.o(i.sys_jiffies) refers to stm32f4xx_hal.o(i.HAL_GetTick) for HAL_GetTick
    ethernetif.o(i.sys_now) refers to stm32f4xx_hal.o(i.HAL_GetTick) for HAL_GetTick
[...]
    .data                                    0x20000154   Section        4  stm32f4xx_hal.o(.data)
    .bss                                     0x20000158   Section       48  lwip.o(.bss)
    .bss                                     0x20000188   Section    12520  ethernetif.o(.bss)
    .bss                                     0x20003270   Section       60  stm32f4xx_hal_timebase_tim.o(.bss)
    .bss                                     0x200032ac   Section      236  main.o(.bss)
    .bss                                     0x20003398   Section     1619  mem.o(.bss)
    .bss                                     0x200039ec   Section       16  tcp_in.o(.bss)
    inseg                                    0x200039ec   Data          16  tcp_in.o(.bss)
    .bss                                     0x200039fc   Section    12403  memp.o(.bss)
    .bss                                     0x20006a70   Section       24  ip.o(.bss)
    .bss                                     0x20006a88   Section      240  etharp.o(.bss)
    arp_table                                0x20006a88   Data         240  etharp.o(.bss)
    .bss                                     0x20006b78   Section      240  tasks.o(.bss)
    pxReadyTasksLists                        0x20006b78   Data         140  tasks.o(.bss)
    xDelayedTaskList1                        0x20006c04   Data          20  tasks.o(.bss)
    xDelayedTaskList2                        0x20006c18   Data          20  tasks.o(.bss)
    xPendingReadyList                        0x20006c2c   Data          20  tasks.o(.bss)
    xTasksWaitingTermination                 0x20006c40   Data          20  tasks.o(.bss)
    xSuspendedTaskList                       0x20006c54   Data          20  tasks.o(.bss)
    .bss                                     0x20006c68   Section    15360  heap_4.o(.bss)
    ucHeap                                   0x20006c68   Data       15360  heap_4.o(.bss)
    STACK                                    0x2000a868   Section     4096  startup_stm32f429xx.o(STACK)

    Global Symbols

    Symbol Name                              Value     Ov Type        Size  Object(Section)

    BuildAttributes$$THM_ISAv4$E$P$D$K$B$S$7EM$VFPi3$EXTD16$VFPS$VFMA$PE$A:L22UL41UL21$X:L11$S22US41US21$IEEE1$IW$USESV6$~STKCKD$USESV7$~SHL$OSPACE$EBA8$MICROLIB$REQ8$PRES8$EABIv2 0x00000000   Number         0  anon$$obj.o ABSOLUTE
    __ARM_use_no_argv                        0x00000000   Number         0  main.o ABSOLUTE
    __cpp_initialize__aeabi_                  - Undefined Weak Reference
    __cxa_finalize                            - Undefined Weak Reference
    _clock_init                               - Undefined Weak Reference
    _microlib_exit                            - Undefined Weak Reference
    __Vectors_Size                           0x000001ac   Number         0  startup_stm32f429xx.o ABSOLUTE
    __Vectors                                0x08000000   Data           4  startup_stm32f429xx.o(RESET)
    __Vectors_End                            0x080001ac   Data           0  startup_stm32f429xx.o(RESET)
    __main                                   0x080001ad   Thumb Code     0  entry.o(.ARM.Collect$$$$00000000)
    _main_stk                                0x080001ad   Thumb Code     0  entry2.o(.ARM.Collect$$$$00000001)
    _main_scatterload                        0x080001b1   Thumb Code     0  entry5.o(.ARM.Collect$$$$00000004)
    __main_after_scatterload                 0x080001b5   Thumb Code     0  entry5.o(.ARM.Collect$$$$00000004)
    _main_clock                              0x080001b5   Thumb Code     0  entry7b.o(.ARM.Collect$$$$00000008)
    _main_cpp_init                           0x080001b5   Thumb Code     0  entry8b.o(.ARM.Collect$$$$0000000A)
    _main_init                               0x080001b5   Thumb Code     0  entry9a.o(.ARM.Collect$$$$0000000B)
    __rt_final_cpp                           0x080001bd   Thumb Code     0  entry10a.o(.ARM.Collect$$$$0000000D)
    __rt_final_exit                          0x080001bd   Thumb Code     0  entry11a.o(.ARM.Collect$$$$0000000F)
    SVC_Handler                              0x080001c1   Thumb Code    28  port.o(.emb_text)
    __asm___6_port_c_39a90d8d__prvStartFirstTask 0x080001e1   Thumb Code    28  port.o(.emb_text)
    __asm___6_port_c_39a90d8d__prvEnableVFP  0x08000201   Thumb Code    16  port.o(.emb_text)
    PendSV_Handler                           0x08000215   Thumb Code    92  port.o(.emb_text)
    vPortGetIPSR                             0x08000275   Thumb Code     6  port.o(.emb_text)
    Reset_Handler                            0x0800027d   Thumb Code     8  startup_stm32f429xx.o(.text)
    ADC_IRQHandler                           0x08000297   Thumb Code     0  startup_stm32f429xx.o(.text)
    CAN1_RX0_IRQHandler                      0x08000297   Thumb Code     0  startup_stm32f429xx.o(.text)
    CAN1_RX1_IRQHandler                      0x08000297   Thumb Code     0  startup_stm32f429xx.o(.text)
    CAN1_SCE_IRQHandler                      0x08000297   Thumb Code     0  startup_stm32f429xx.o(.text)
    CAN1_TX_IRQHandler                       0x08000297   Thumb Code     0  startup_stm32f429xx.o(.text)
    CAN2_RX0_IRQHandler                      0x08000297   Thumb Code     0  startup_stm32f429xx.o(.text)
    CAN2_RX1_IRQHandler                      0x08000297   Thumb Code     0  startup_stm32f429xx.o(.text)
    CAN2_SCE_IRQHandler                      0x08000297   Thumb Code     0  startup_stm32f429xx.o(.text)
    CAN2_TX_IRQHandler                       0x08000297   Thumb Code     0  startup_stm32f429xx.o(.text)
    DCMI_IRQHandler                          0x08000297   Thumb Code     0  startup_stm32f429xx.o(.text)
    DMA1_Stream0_IRQHandler                  0x08000297   Thumb Code     0  startup_stm32f429xx.o(.text)
    DMA1_Stream1_IRQHandler                  0x08000297   Thumb Code     0  startup_stm32f429xx.o(.text)
    DMA1_Stream2_IRQHandler                  0x08000297   Thumb Code     0  startup_stm32f429xx.o(.text)
    DMA1_Stream3_IRQHandler                  0x08000297   Thumb Code     0  startup_stm32f429xx.o(.text)
    DMA1_Stream4_IRQHandler                  0x08000297   Thumb Code     0  startup_stm32f429xx.o(.text)
    DMA1_Stream5_IRQHandler                  0x08000297   Thumb Code     0  startup_stm32f429xx.o(.text)
    DMA1_Stream6_IRQHandler                  0x08000297   Thumb Code     0  startup_stm32f429xx.o(.text)
    DMA1_Stream7_IRQHandler                  0x08000297   Thumb Code     0  startup_stm32f429xx.o(.text)
    DMA2D_IRQHandler                         0x08000297   Thumb Code     0  startup_stm32f429xx.o(.text)
    DMA2_Stream0_IRQHandler                  0x08000297   Thumb Code     0  startup_stm32f429xx.o(.text)
    DMA2_Stream1_IRQHandler                  0x08000297   Thumb Code     0  startup_stm32f429xx.o(.text)
    DMA2_Stream2_IRQHandler                  0x08000297   Thumb Code     0  startup_stm32f429xx.o(.text)
    DMA2_Stream3_IRQHandler                  0x08000297   Thumb Code     0  startup_stm32f429xx.o(.text)
    DMA2_Stream4_IRQHandler                  0x08000297   Thumb Code     0  startup_stm32f429xx.o(.text)
    DMA2_Stream5_IRQHandler                  0x08000297   Thumb Code     0  startup_stm32f429xx.o(.text)
    DMA2_Stream6_IRQHandler                  0x08000297   Thumb Code     0  startup_stm32f429xx.o(.text)
    DMA2_Stream7_IRQHandler                  0x08000297   Thumb Code     0  startup_stm32f429xx.o(.text)
    ETH_WKUP_IRQHandler                      0x08000297   Thumb Code     0  startup_stm32f429xx.o(.text)
    EXTI0_IRQHandler                         0x08000297   Thumb Code     0  startup_stm32f429xx.o(.text)
    EXTI15_10_IRQHandler                     0x08000297   Thumb Code     0  startup_stm32f429xx.o(.text)
    EXTI1_IRQHandler                         0x08000297   Thumb Code     0  startup_stm32f429xx.o(.text)
    EXTI2_IRQHandler                         0x08000297   Thumb Code     0  startup_stm32f429xx.o(.text)
    EXTI3_IRQHandler                         0x08000297   Thumb Code     0  startup_stm32f429xx.o(.text)
    EXTI4_IRQHandler                         0x08000297   Thumb Code     0  startup_stm32f429xx.o(.text)
    EXTI9_5_IRQHandler                       0x08000297   Thumb Code     0  startup_stm32f429xx.o(.text)
    FLASH_IRQHandler                         0x08000297   Thumb Code     0  startup_stm32f429xx.o(.text)
    FMC_IRQHandler                           0x08000297   Thumb Code     0  startup_stm32f429xx.o(.text)
    FPU_IRQHandler                           0x08000297   Thumb Code     0  startup_stm32f429xx.o(.text)
    HASH_RNG_IRQHandler                      0x08000297   Thumb Code     0  startup_stm32f429xx.o(.text)
    I2C1_ER_IRQHandler                       0x08000297   Thumb Code     0  startup_stm32f429xx.o(.text)
    I2C1_EV_IRQHandler                       0x08000297   Thumb Code     0  startup_stm32f429xx.o(.text)
    I2C2_ER_IRQHandler                       0x08000297   Thumb Code     0  startup_stm32f429xx.o(.text)
    I2C2_EV_IRQHandler                       0x08000297   Thumb Code     0  startup_stm32f429xx.o(.text)
    I2C3_ER_IRQHandler                       0x08000297   Thumb Code     0  startup_stm32f429xx.o(.text)
    I2C3_EV_IRQHandler                       0x08000297   Thumb Code     0  startup_stm32f429xx.o(.text)
    LTDC_ER_IRQHandler                       0x08000297   Thumb Code     0  startup_stm32f429xx.o(.text)
    LTDC_IRQHandler                          0x08000297   Thumb Code     0  startup_stm32f429xx.o(.text)
    OTG_FS_IRQHandler                        0x08000297   Thumb Code     0  startup_stm32f429xx.o(.text)
    OTG_FS_WKUP_IRQHandler                   0x08000297   Thumb Code     0  startup_stm32f429xx.o(.text)
    OTG_HS_EP1_IN_IRQHandler                 0x08000297   Thumb Code     0  startup_stm32f429xx.o(.text)
    OTG_HS_EP1_OUT_IRQHandler                0x08000297   Thumb Code     0  startup_stm32f429xx.o(.text)
    OTG_HS_IRQHandler                        0x08000297   Thumb Code     0  startup_stm32f429xx.o(.text)
    OTG_HS_WKUP_IRQHandler                   0x08000297   Thumb Code     0  startup_stm32f429xx.o(.text)
    PVD_IRQHandler                           0x08000297   Thumb Code     0  startup_stm32f429xx.o(.text)
    RCC_IRQHandler                           0x08000297   Thumb Code     0  startup_stm32f429xx.o(.text)
    RTC_Alarm_IRQHandler                     0x08000297   Thumb Code     0  startup_stm32f429xx.o(.text)
    RTC_WKUP_IRQHandler                      0x08000297   Thumb Code     0  startup_stm32f429xx.o(.text)
    SAI1_IRQHandler                          0x08000297   Thumb Code     0  startup_stm32f429xx.o(.text)
    SDIO_IRQHandler                          0x08000297   Thumb Code     0  startup_stm32f429xx.o(.text)
    SPI1_IRQHandler                          0x08000297   Thumb Code     0  startup_stm32f429xx.o(.text)
    SPI2_IRQHandler                          0x08000297   Thumb Code     0  startup_stm32f429xx.o(.text)
    SPI3_IRQHandler                          0x08000297   Thumb Code     0  startup_stm32f429xx.o(.text)
    SPI4_IRQHandler                          0x08000297   Thumb Code     0  startup_stm32f429xx.o(.text)
    SPI5_IRQHandler                          0x08000297   Thumb Code     0  startup_stm32f429xx.o(.text)
    SPI6_IRQHandler                          0x08000297   Thumb Code     0  startup_stm32f429xx.o(.text)
    TAMP_STAMP_IRQHandler                    0x08000297   Thumb Code     0  startup_stm32f429xx.o(.text)
    TIM1_BRK_TIM9_IRQHandler                 0x08000297   Thumb Code     0  startup_stm32f429xx.o(.text)
    TIM1_CC_IRQHandler                       0x08000297   Thumb Code     0  startup_stm32f429xx.o(.text)
    TIM1_TRG_COM_TIM11_IRQHandler            0x08000297   Thumb Code     0  startup_stm32f429xx.o(.text)
    TIM2_IRQHandler                          0x08000297   Thumb Code     0  startup_stm32f429xx.o(.text)
    TIM3_IRQHandler                          0x08000297   Thumb Code     0  startup_stm32f429xx.o(.text)
    TIM4_IRQHandler                          0x08000297   Thumb Code     0  startup_stm32f429xx.o(.text)
    TIM5_IRQHandler                          0x08000297   Thumb Code     0  startup_stm32f429xx.o(.text)
    TIM6_DAC_IRQHandler                      0x08000297   Thumb Code     0  startup_stm32f429xx.o(.text)
    TIM7_IRQHandler                          0x08000297   Thumb Code     0  startup_stm32f429xx.o(.text)
    TIM8_BRK_TIM12_IRQHandler                0x08000297   Thumb Code     0  startup_stm32f429xx.o(.text)
    TIM8_CC_IRQHandler                       0x08000297   Thumb Code     0  startup_stm32f429xx.o(.text)
    TIM8_TRG_COM_TIM14_IRQHandler            0x08000297   Thumb Code     0  startup_stm32f429xx.o(.text)
    TIM8_UP_TIM13_IRQHandler                 0x08000297   Thumb Code     0  startup_stm32f429xx.o(.text)
    UART4_IRQHandler                         0x08000297   Thumb Code     0  startup_stm32f429xx.o(.text)
    UART5_IRQHandler                         0x08000297   Thumb Code     0  startup_stm32f429xx.o(.text)
    UART7_IRQHandler                         0x08000297   Thumb Code     0  startup_stm32f429xx.o(.text)
    UART8_IRQHandler                         0x08000297   Thumb Code     0  startup_stm32f429xx.o(.text)
    USART1_IRQHandler                        0x08000297   Thumb Code     0  startup_stm32f429xx.o(.text)
    USART2_IRQHandler                        0x08000297   Thumb Code     0  startup_stm32f429xx.o(.text)
    USART3_IRQHandler                        0x08000297   Thumb Code     0  startup_stm32f429xx.o(.text)
    USART6_IRQHandler                        0x08000297   Thumb Code     0  startup_stm32f429xx.o(.text)
    WWDG_IRQHandler                          0x08000297   Thumb Code     0  startup_stm32f429xx.o(.text)
    __aeabi_uldivmod                         0x080002a1   Thumb Code    98  uldiv.o(.text)
    __aeabi_memcpy                           0x08000303   Thumb Code    36  memcpya.o(.text)
    __aeabi_memcpy4                          0x08000303   Thumb Code     0  memcpya.o(.text)
    __aeabi_memcpy8                          0x08000303   Thumb Code     0  memcpya.o(.text)
    __aeabi_memset                           0x08000327   Thumb Code    14  memseta.o(.text)
    __aeabi_memset4                          0x08000327   Thumb Code     0  memseta.o(.text)
    __aeabi_memset8                          0x08000327   Thumb Code     0  memseta.o(.text)
    __aeabi_memclr                           0x08000335   Thumb Code     4  memseta.o(.text)
    __aeabi_memclr4                          0x08000335   Thumb Code     0  memseta.o(.text)
    __aeabi_memclr8                          0x08000335   Thumb Code     0  memseta.o(.text)
    _memset$wrapper                          0x08000339   Thumb Code    18  memseta.o(.text)
    memcmp                                   0x0800034b   Thumb Code    26  memcmp.o(.text)
    __aeabi_llsl                             0x08000365   Thumb Code    30  llshl.o(.text)
    _ll_shift_l                              0x08000365   Thumb Code     0  llshl.o(.text)
    __aeabi_llsr                             0x08000383   Thumb Code    32  llushr.o(.text)
    _ll_ushift_r                             0x08000383   Thumb Code     0  llushr.o(.text)
    __scatterload                            0x080003a5   Thumb Code    28  init.o(.text)
    __scatterload_rt2                        0x080003a5   Thumb Code     0  init.o(.text)
    __decompress                             0x080003c9   Thumb Code     0  __dczerorl.o(.text)
    __decompress0                            0x080003c9   Thumb Code    58  __dczerorl.o(.text)
    BusFault_Handler                         0x08000403   Thumb Code     4  stm32f4xx_it.o(i.BusFault_Handler)
    DebugMon_Handler                         0x08000407   Thumb Code     2  stm32f4xx_it.o(i.DebugMon_Handler)
    ETH_IRQHandler                           0x08000495   Thumb Code    10  stm32f4xx_it.o(i.ETH_IRQHandler)
    HAL_Delay                                0x0800076d   Thumb Code    30  stm32f4xx_hal.o(i.HAL_Delay)
    HAL_ETH_DMARxDescListInit                0x0800078b   Thumb Code   140  stm32f4xx_hal_eth.o(i.HAL_ETH_DMARxDescListInit)
    HAL_ETH_DMATxDescListInit                0x08000817   Thumb Code   132  stm32f4xx_hal_eth.o(i.HAL_ETH_DMATxDescListInit)
    HAL_ETH_ErrorCallback                    0x0800089b   Thumb Code     2  stm32f4xx_hal_eth.o(i.HAL_ETH_ErrorCallback)
    HAL_ETH_GetReceivedFrame_IT              0x0800089d   Thumb Code   186  stm32f4xx_hal_eth.o(i.HAL_ETH_GetReceivedFrame_IT)
    HAL_ETH_IRQHandler                       0x08000957   Thumb Code   164  stm32f4xx_hal_eth.o(i.HAL_ETH_IRQHandler)
    HAL_ETH_Init                             0x080009fd   Thumb Code   642  stm32f4xx_hal_eth.o(i.HAL_ETH_Init)
    HAL_ETH_MspInit                          0x08000c9d   Thumb Code   216  ethernetif.o(i.HAL_ETH_MspInit)
    HAL_ETH_ReadPHYRegister                  0x08000d89   Thumb Code   146  stm32f4xx_hal_eth.o(i.HAL_ETH_ReadPHYRegister)
    HAL_ETH_RxCpltCallback                   0x08000e1d   Thumb Code    14  ethernetif.o(i.HAL_ETH_RxCpltCallback)
    HAL_ETH_Start                            0x08000e31   Thumb Code    82  stm32f4xx_hal_eth.o(i.HAL_ETH_Start)
    HAL_ETH_TransmitFrame                    0x08000e83   Thumb Code   318  stm32f4xx_hal_eth.o(i.HAL_ETH_TransmitFrame)
    HAL_ETH_TxCpltCallback                   0x08000fc1   Thumb Code     2  stm32f4xx_hal_eth.o(i.HAL_ETH_TxCpltCallback)
    HAL_ETH_WritePHYRegister                 0x08000fc3   Thumb Code   144  stm32f4xx_hal_eth.o(i.HAL_ETH_WritePHYRegister)
    HAL_GPIO_Init                            0x08001055   Thumb Code   486  stm32f4xx_hal_gpio.o(i.HAL_GPIO_Init)
    HAL_GetTick                              0x08001271   Thumb Code     6  stm32f4xx_hal.o(i.HAL_GetTick)
    HAL_I2C_Init                             0x0800127d   Thumb Code   286  stm32f4xx_hal_i2c.o(i.HAL_I2C_Init)
    HAL_I2C_MspInit                          0x080013a5   Thumb Code   108  stm32f4xx_hal_msp.o(i.HAL_I2C_MspInit)
    HAL_IncTick                              0x08001421   Thumb Code    12  stm32f4xx_hal.o(i.HAL_IncTick)
    HAL_Init                                 0x08001431   Thumb Code    54  stm32f4xx_hal.o(i.HAL_Init)
    HAL_InitTick                             0x0800146d   Thumb Code   122  stm32f4xx_hal_timebase_tim.o(i.HAL_InitTick)
    HAL_MspInit                              0x080014f9   Thumb Code    86  stm32f4xx_hal_msp.o(i.HAL_MspInit)
    HAL_NVIC_EnableIRQ                       0x0800154f   Thumb Code    26  stm32f4xx_hal_cortex.o(i.HAL_NVIC_EnableIRQ)
    HAL_NVIC_SetPriority                     0x08001569   Thumb Code   124  stm32f4xx_hal_cortex.o(i.HAL_NVIC_SetPriority)
    HAL_NVIC_SetPriorityGrouping             0x080015e5   Thumb Code    32  stm32f4xx_hal_cortex.o(i.HAL_NVIC_SetPriorityGrouping)
    HAL_PWREx_EnableOverDrive                0x0800160d   Thumb Code   128  stm32f4xx_hal_pwr_ex.o(i.HAL_PWREx_EnableOverDrive)
    HAL_RCC_ClockConfig                      0x08001699   Thumb Code   366  stm32f4xx_hal_rcc.o(i.HAL_RCC_ClockConfig)
    HAL_RCC_GetClockConfig                   0x08001819   Thumb Code    58  stm32f4xx_hal_rcc.o(i.HAL_RCC_GetClockConfig)
    HAL_RCC_GetHCLKFreq                      0x0800185d   Thumb Code     6  stm32f4xx_hal_rcc.o(i.HAL_RCC_GetHCLKFreq)
    HAL_RCC_GetPCLK1Freq                     0x08001869   Thumb Code    22  stm32f4xx_hal_rcc.o(i.HAL_RCC_GetPCLK1Freq)
    HAL_RCC_GetPCLK2Freq                     0x08001889   Thumb Code    22  stm32f4xx_hal_rcc.o(i.HAL_RCC_GetPCLK2Freq)
    HAL_RCC_GetSysClockFreq                  0x080018a9   Thumb Code   162  stm32f4xx_hal_rcc.o(i.HAL_RCC_GetSysClockFreq)
    HAL_RCC_OscConfig                        0x08001959   Thumb Code  1040  stm32f4xx_hal_rcc.o(i.HAL_RCC_OscConfig)
    HAL_SPI_Init                             0x08001d69   Thumb Code   140  stm32f4xx_hal_spi.o(i.HAL_SPI_Init)
    HAL_SPI_MspInit                          0x08001df5   Thumb Code    80  stm32f4xx_hal_msp.o(i.HAL_SPI_MspInit)
    HAL_SYSTICK_CLKSourceConfig              0x08001e51   Thumb Code    40  stm32f4xx_hal_cortex.o(i.HAL_SYSTICK_CLKSourceConfig)
    HAL_SYSTICK_Config                       0x08001e79   Thumb Code    52  stm32f4xx_hal_cortex.o(i.HAL_SYSTICK_Config)
    HAL_TIMEx_BreakCallback                  0x08001ead   Thumb Code     2  stm32f4xx_hal_tim_ex.o(i.HAL_TIMEx_BreakCallback)
    HAL_TIMEx_CommutationCallback            0x08001eaf   Thumb Code     2  stm32f4xx_hal_tim_ex.o(i.HAL_TIMEx_CommutationCallback)
    HAL_TIM_Base_Init                        0x08001eb1   Thumb Code    52  stm32f4xx_hal_tim.o(i.HAL_TIM_Base_Init)
    HAL_TIM_Base_MspInit                     0x08001ee5   Thumb Code     2  stm32f4xx_hal_tim.o(i.HAL_TIM_Base_MspInit)
    HAL_TIM_Base_Start_IT                    0x08001ee7   Thumb Code    30  stm32f4xx_hal_tim.o(i.HAL_TIM_Base_Start_IT)
    HAL_TIM_IC_CaptureCallback               0x08001f05   Thumb Code     2  stm32f4xx_hal_tim.o(i.HAL_TIM_IC_CaptureCallback)
    HAL_TIM_IRQHandler                       0x08001f07   Thumb Code   406  stm32f4xx_hal_tim.o(i.HAL_TIM_IRQHandler)
    HAL_TIM_OC_DelayElapsedCallback          0x0800209d   Thumb Code     2  stm32f4xx_hal_tim.o(i.HAL_TIM_OC_DelayElapsedCallback)
    HAL_TIM_PWM_PulseFinishedCallback        0x0800209f   Thumb Code     2  stm32f4xx_hal_tim.o(i.HAL_TIM_PWM_PulseFinishedCallback)
    HAL_TIM_PeriodElapsedCallback            0x080020a1   Thumb Code    18  main.o(i.HAL_TIM_PeriodElapsedCallback)
    HAL_TIM_TriggerCallback                  0x080020b9   Thumb Code     2  stm32f4xx_hal_tim.o(i.HAL_TIM_TriggerCallback)
    HAL_UART_Init                            0x080020bb   Thumb Code   114  stm32f4xx_hal_uart.o(i.HAL_UART_Init)
    HAL_UART_MspInit                         0x0800212d   Thumb Code    80  stm32f4xx_hal_msp.o(i.HAL_UART_MspInit)
    HardFault_Handler                        0x08002189   Thumb Code     4  stm32f4xx_it.o(i.HardFault_Handler)
    MX_LWIP_Init                             0x08002391   Thumb Code   212  lwip.o(i.MX_LWIP_Init)
    MemManage_Handler                        0x0800252d   Thumb Code     4  stm32f4xx_it.o(i.MemManage_Handler)
    NMI_Handler                              0x08002531   Thumb Code     2  stm32f4xx_it.o(i.NMI_Handler)
    StartDefaultTask                         0x0800256d   Thumb Code    14  main.o(i.StartDefaultTask)
    SysTick_Handler                          0x0800257b   Thumb Code     8  stm32f4xx_it.o(i.SysTick_Handler)
    SystemClock_Config                       0x08002585   Thumb Code   212  main.o(i.SystemClock_Config)
    SystemInit                               0x08002671   Thumb Code    82  system_stm32f4xx.o(i.SystemInit)
    TIM1_UP_TIM10_IRQHandler                 0x080026d5   Thumb Code    10  stm32f4xx_it.o(i.TIM1_UP_TIM10_IRQHandler)
    TIM_Base_SetConfig                       0x080026e5   Thumb Code   184  stm32f4xx_hal_tim.o(i.TIM_Base_SetConfig)
    UsageFault_Handler                       0x08002b31   Thumb Code     4  stm32f4xx_it.o(i.UsageFault_Handler)
    _Error_Handler                           0x08002b35   Thumb Code     4  main.o(i._Error_Handler)
    __scatterload_copy                       0x08002b39   Thumb Code    14  handlers.o(i.__scatterload_copy)
    __scatterload_null                       0x08002b47   Thumb Code     2  handlers.o(i.__scatterload_null)
    __scatterload_zeroinit                   0x08002b49   Thumb Code    14  handlers.o(i.__scatterload_zeroinit)
    etharp_cleanup_netif                     0x08002bcd   Thumb Code    52  etharp.o(i.etharp_cleanup_netif)
    etharp_input                             0x08002da5   Thumb Code   214  etharp.o(i.etharp_input)
    etharp_output                            0x08002e7d   Thumb Code   296  etharp.o(i.etharp_output)
    etharp_query                             0x08003069   Thumb Code   362  etharp.o(i.etharp_query)
    etharp_request                           0x08003275   Thumb Code    18  etharp.o(i.etharp_request)
    etharp_tmr                               0x080032b9   Thumb Code   216  etharp.o(i.etharp_tmr)
    ethernet_input                           0x08003455   Thumb Code   196  ethernet.o(i.ethernet_input)
    ethernet_output                          0x0800351d   Thumb Code    86  ethernet.o(i.ethernet_output)
    ethernetif_init                          0x08003575   Thumb Code    38  ethernetif.o(i.ethernetif_init)
    ethernetif_input                         0x080035a5   Thumb Code    56  ethernetif.o(i.ethernetif_input)
    icmp_dest_unreach                        0x080035e1   Thumb Code    18  icmp.o(i.icmp_dest_unreach)
    icmp_input                               0x080035f5   Thumb Code   372  icmp.o(i.icmp_input)
    icmp_time_exceeded                       0x080037e1   Thumb Code    18  icmp.o(i.icmp_time_exceeded)
    ip4_addr_isbroadcast_u32                 0x08003803   Thumb Code    78  ip4_addr.o(i.ip4_addr_isbroadcast_u32)
    ip4_frag                                 0x08003851   Thumb Code   444  ip4_frag.o(i.ip4_frag)
    ip4_input                                0x08003a11   Thumb Code   438  ip4.o(i.ip4_input)
    ip4_output_if                            0x08003bd1   Thumb Code    54  ip4.o(i.ip4_output_if)
    ip4_output_if_src                        0x08003c09   Thumb Code   190  ip4.o(i.ip4_output_if_src)
    ip4_reass                                0x08003cd1   Thumb Code   408  ip4_frag.o(i.ip4_reass)
    ip4_route                                0x08003e71   Thumb Code   134  ip4.o(i.ip4_route)
    ip_reass_tmr                             0x08004231   Thumb Code    48  ip4_frag.o(i.ip_reass_tmr)
    lwip_htonl                               0x08004589   Thumb Code    26  def.o(i.lwip_htonl)
    lwip_htons                               0x080045a3   Thumb Code    12  def.o(i.lwip_htons)
    lwip_init                                0x080045af   Thumb Code    36  init.o(i.lwip_init)
    main                                     0x080045d5   Thumb Code    56  main.o(i.main)
    mem_free                                 0x08004625   Thumb Code    92  mem.o(i.mem_free)
    mem_init                                 0x08004691   Thumb Code    88  mem.o(i.mem_init)
    mem_malloc                               0x080046fd   Thumb Code   252  mem.o(i.mem_malloc)
    mem_trim                                 0x08004809   Thumb Code   276  mem.o(i.mem_trim)
    memp_free                                0x0800492d   Thumb Code    36  memp.o(i.memp_free)
    memp_init                                0x08004955   Thumb Code    26  memp.o(i.memp_init)
    memp_init_pool                           0x08004975   Thumb Code    44  memp.o(i.memp_init_pool)
    memp_malloc                              0x080049a1   Thumb Code    32  memp.o(i.memp_malloc)
    netif_add                                0x080049c5   Thumb Code   106  netif.o(i.netif_add)
    netif_init                               0x08004a39   Thumb Code     2  netif.o(i.netif_init)
    netif_set_addr                           0x08004a5f   Thumb Code    72  netif.o(i.netif_set_addr)
    netif_set_default                        0x08004aa9   Thumb Code     6  netif.o(i.netif_set_default)
    netif_set_down                           0x08004ab5   Thumb Code    42  netif.o(i.netif_set_down)
    netif_set_gw                             0x08004adf   Thumb Code    12  netif.o(i.netif_set_gw)
    netif_set_ipaddr                         0x08004aed   Thumb Code    72  netif.o(i.netif_set_ipaddr)
    netif_set_netmask                        0x08004b39   Thumb Code    12  netif.o(i.netif_set_netmask)
    netif_set_up                             0x08004b45   Thumb Code    44  netif.o(i.netif_set_up)
    osDelay                                  0x08004b71   Thumb Code    24  cmsis_os.o(i.osDelay)
    osKernelStart                            0x08004b89   Thumb Code    10  cmsis_os.o(i.osKernelStart)
    osKernelSysTick                          0x08004b93   Thumb Code    20  cmsis_os.o(i.osKernelSysTick)
    osMessageCreate                          0x08004ba7   Thumb Code    18  cmsis_os.o(i.osMessageCreate)
    osMessageGet                             0x08004bb9   Thumb Code   152  cmsis_os.o(i.osMessageGet)
    osMessagePut                             0x08004c55   Thumb Code    92  cmsis_os.o(i.osMessagePut)
    osMutexCreate                            0x08004cb5   Thumb Code    12  cmsis_os.o(i.osMutexCreate)
    osMutexRelease                           0x08004cc1   Thumb Code    76  cmsis_os.o(i.osMutexRelease)
    osMutexWait                              0x08004d11   Thumb Code   104  cmsis_os.o(i.osMutexWait)
    osSemaphoreCreate                        0x08004d7d   Thumb Code    44  cmsis_os.o(i.osSemaphoreCreate)
    osSemaphoreRelease                       0x08004da9   Thumb Code    76  cmsis_os.o(i.osSemaphoreRelease)
    osSemaphoreWait                          0x08004df9   Thumb Code   104  cmsis_os.o(i.osSemaphoreWait)
    osSystickHandler                         0x08004e65   Thumb Code    16  cmsis_os.o(i.osSystickHandler)
    osThreadCreate                           0x08004e75   Thumb Code    48  cmsis_os.o(i.osThreadCreate)
    pbuf_alloc                               0x08004ea5   Thumb Code   396  pbuf.o(i.pbuf_alloc)
    pbuf_alloced_custom                      0x08005031   Thumb Code   110  pbuf.o(i.pbuf_alloced_custom)
    pbuf_cat                                 0x0800509f   Thumb Code    56  pbuf.o(i.pbuf_cat)
    pbuf_clen                                0x080050d7   Thumb Code    18  pbuf.o(i.pbuf_clen)
    pbuf_copy                                0x080050e9   Thumb Code   192  pbuf.o(i.pbuf_copy)
    pbuf_copy_partial                        0x080051a9   Thumb Code   146  pbuf.o(i.pbuf_copy_partial)
    pbuf_free                                0x0800523b   Thumb Code   146  pbuf.o(i.pbuf_free)
    pbuf_header                              0x080052cd   Thumb Code    18  pbuf.o(i.pbuf_header)
    pbuf_header_force                        0x080052df   Thumb Code    18  pbuf.o(i.pbuf_header_force)
    pbuf_realloc                             0x0800537f   Thumb Code   128  pbuf.o(i.pbuf_realloc)
    pbuf_ref                                 0x080053ff   Thumb Code    30  pbuf.o(i.pbuf_ref)
    pvPortMalloc                             0x08005a99   Thumb Code   296  heap_4.o(i.pvPortMalloc)
    pvTaskIncrementMutexHeldCount            0x08005bd5   Thumb Code    26  tasks.o(i.pvTaskIncrementMutexHeldCount)
    pxPortInitialiseStack                    0x08005bf5   Thumb Code    38  port.o(i.pxPortInitialiseStack)
    sys_arch_mbox_fetch                      0x08005c21   Thumb Code    94  sys_arch.o(i.sys_arch_mbox_fetch)
    sys_arch_protect                         0x08005c81   Thumb Code    18  sys_arch.o(i.sys_arch_protect)
    sys_arch_unprotect                       0x08005c99   Thumb Code    14  sys_arch.o(i.sys_arch_unprotect)
    sys_init                                 0x08005d29   Thumb Code    14  sys_arch.o(i.sys_init)
    sys_mbox_new                             0x08005d41   Thumb Code    40  sys_arch.o(i.sys_mbox_new)
    sys_mbox_trypost                         0x08005d6d   Thumb Code    30  sys_arch.o(i.sys_mbox_trypost)
    sys_mbox_valid                           0x08005d8b   Thumb Code    14  sys_arch.o(i.sys_mbox_valid)
    sys_mutex_lock                           0x08005d99   Thumb Code    16  sys_arch.o(i.sys_mutex_lock)
    sys_mutex_new                            0x08005da9   Thumb Code    30  sys_arch.o(i.sys_mutex_new)
    sys_mutex_unlock                         0x08005dc7   Thumb Code    12  sys_arch.o(i.sys_mutex_unlock)
    sys_now                                  0x08005dd3   Thumb Code     8  ethernetif.o(i.sys_now)
    sys_thread_new                           0x08005ddb   Thumb Code    54  sys_arch.o(i.sys_thread_new)
    sys_timeout                              0x08005e11   Thumb Code   206  timeouts.o(i.sys_timeout)
    sys_timeouts_init                        0x08005ee9   Thumb Code    38  timeouts.o(i.sys_timeouts_init)
    sys_timeouts_mbox_fetch                  0x08005f1d   Thumb Code    58  timeouts.o(i.sys_timeouts_mbox_fetch)
    tcp_abandon                              0x08005f95   Thumb Code   216  tcp.o(i.tcp_abandon)
    tcp_abort                                0x0800607d   Thumb Code    14  tcp.o(i.tcp_abort)
    tcp_alloc                                0x0800608d   Thumb Code   176  tcp.o(i.tcp_alloc)
    tcp_close                                0x0800614d   Thumb Code    28  tcp.o(i.tcp_close)
    tcp_eff_send_mss_impl                    0x080063d3   Thumb Code    58  tcp.o(i.tcp_eff_send_mss_impl)
    tcp_enqueue_flags                        0x0800640d   Thumb Code   270  tcp_out.o(i.tcp_enqueue_flags)
    tcp_fasttmr                              0x0800651d   Thumb Code   108  tcp.o(i.tcp_fasttmr)
    tcp_init                                 0x080065ed   Thumb Code     2  tcp.o(i.tcp_init)
    tcp_input                                0x080065f1   Thumb Code  1250  tcp_in.o(i.tcp_input)
    tcp_keepalive                            0x08006af5   Thumb Code    90  tcp_out.o(i.tcp_keepalive)
    tcp_netif_ip_addr_changed                0x08006d9d   Thumb Code    70  tcp.o(i.tcp_netif_ip_addr_changed)
    tcp_next_iss                             0x08006e1d   Thumb Code    20  tcp.o(i.tcp_next_iss)
    tcp_output                               0x08006e39   Thumb Code   534  tcp_out.o(i.tcp_output)
    tcp_pcb_purge                            0x0800722d   Thumb Code    64  tcp.o(i.tcp_pcb_purge)
    tcp_pcb_remove                           0x0800726d   Thumb Code   120  tcp.o(i.tcp_pcb_remove)
    tcp_process_refused_data                 0x080078a1   Thumb Code   144  tcp.o(i.tcp_process_refused_data)
    tcp_recv_null                            0x08007f35   Thumb Code    46  tcp.o(i.tcp_recv_null)
    tcp_recved                               0x08007f63   Thumb Code    94  tcp.o(i.tcp_recved)
    tcp_rexmit                               0x08007fd9   Thumb Code    90  tcp_out.o(i.tcp_rexmit)
    tcp_rexmit_fast                          0x08008033   Thumb Code   116  tcp_out.o(i.tcp_rexmit_fast)
    tcp_rexmit_rto                           0x080080a7   Thumb Code    58  tcp_out.o(i.tcp_rexmit_rto)
    tcp_rst                                  0x080080e1   Thumb Code   136  tcp_out.o(i.tcp_rst)
    tcp_seg_free                             0x08008169   Thumb Code    26  tcp.o(i.tcp_seg_free)
    tcp_segs_free                            0x08008183   Thumb Code    24  tcp.o(i.tcp_segs_free)
    tcp_send_empty_ack                       0x0800819b   Thumb Code   118  tcp_out.o(i.tcp_send_empty_ack)
    tcp_send_fin                             0x08008211   Thumb Code    74  tcp_out.o(i.tcp_send_fin)
    tcp_slowtmr                              0x0800825d   Thumb Code   808  tcp.o(i.tcp_slowtmr)
    tcp_timer_needed                         0x080085a5   Thumb Code    38  timeouts.o(i.tcp_timer_needed)
    tcp_tmr                                  0x08008681   Thumb Code    30  tcp.o(i.tcp_tmr)
    tcp_trigger_input_pcb_close              0x080086a5   Thumb Code    14  tcp_in.o(i.tcp_trigger_input_pcb_close)
    tcp_update_rcv_ann_wnd                   0x080086b9   Thumb Code    78  tcp.o(i.tcp_update_rcv_ann_wnd)
    tcp_zero_window_probe                    0x08008707   Thumb Code   222  tcp_out.o(i.tcp_zero_window_probe)
    tcpip_init                               0x080087e5   Thumb Code    64  tcpip.o(i.tcpip_init)
    tcpip_inpkt                              0x08008849   Thumb Code    76  tcpip.o(i.tcpip_inpkt)
    tcpip_input                              0x08008899   Thumb Code    40  tcpip.o(i.tcpip_input)
    udp_init                                 0x08008995   Thumb Code     2  udp.o(i.udp_init)
    udp_input                                0x08008999   Thumb Code   308  udp.o(i.udp_input)
    udp_netif_ip_addr_changed                0x08008b1d   Thumb Code    42  udp.o(i.udp_netif_ip_addr_changed)
    uxListRemove                             0x08008b4d   Thumb Code    40  list.o(i.uxListRemove)
    vListInitialise                          0x08008b75   Thumb Code    26  list.o(i.vListInitialise)
    vListInitialiseItem                      0x08008b8f   Thumb Code     6  list.o(i.vListInitialiseItem)
    vListInsert                              0x08008b95   Thumb Code    52  list.o(i.vListInsert)
    vListInsertEnd                           0x08008bc9   Thumb Code    24  list.o(i.vListInsertEnd)
    vPortEnterCritical                       0x08008be1   Thumb Code    76  port.o(i.vPortEnterCritical)
    vPortExitCritical                        0x08008c35   Thumb Code    56  port.o(i.vPortExitCritical)
    vPortFree                                0x08008c71   Thumb Code   140  heap_4.o(i.vPortFree)
    vPortSetupTimerInterrupt                 0x08008d05   Thumb Code    26  port.o(i.vPortSetupTimerInterrupt)
    vPortValidateInterruptPriority           0x08008d25   Thumb Code   106  port.o(i.vPortValidateInterruptPriority)
    vTaskDelay                               0x08008d9d   Thumb Code    82  tasks.o(i.vTaskDelay)
    vTaskMissedYield                         0x08008df9   Thumb Code     8  tasks.o(i.vTaskMissedYield)
    vTaskPlaceOnEventList                    0x08008e05   Thumb Code    52  tasks.o(i.vTaskPlaceOnEventList)
    vTaskPriorityInherit                     0x08008e3d   Thumb Code   164  tasks.o(i.vTaskPriorityInherit)
    vTaskSetTimeOutState                     0x08008eed   Thumb Code    38  tasks.o(i.vTaskSetTimeOutState)
    vTaskStartScheduler                      0x08008f1d   Thumb Code   108  tasks.o(i.vTaskStartScheduler)
    vTaskSuspendAll                          0x08008fa5   Thumb Code    12  tasks.o(i.vTaskSuspendAll)
    vTaskSwitchContext                       0x08008fb5   Thumb Code   118  tasks.o(i.vTaskSwitchContext)
    xPortStartScheduler                      0x08009041   Thumb Code   288  port.o(i.xPortStartScheduler)
    xPortSysTickHandler                      0x0800917d   Thumb Code    46  port.o(i.xPortSysTickHandler)
    xQueueCreateMutex                        0x080091b1   Thumb Code    34  queue.o(i.xQueueCreateMutex)
    xQueueGenericCreate                      0x080091d3   Thumb Code    88  queue.o(i.xQueueGenericCreate)
    xQueueGenericReceive                     0x0800922d   Thumb Code   446  queue.o(i.xQueueGenericReceive)
    xQueueGenericReset                       0x080093f1   Thumb Code   146  queue.o(i.xQueueGenericReset)
    xQueueGenericSend                        0x08009489   Thumb Code   420  queue.o(i.xQueueGenericSend)
    xQueueGenericSendFromISR                 0x08009631   Thumb Code   248  queue.o(i.xQueueGenericSendFromISR)
    xQueueGiveFromISR                        0x08009729   Thumb Code   224  queue.o(i.xQueueGiveFromISR)
    xQueueReceiveFromISR                     0x08009809   Thumb Code   202  queue.o(i.xQueueReceiveFromISR)
    xTaskCheckForTimeOut                     0x080098d5   Thumb Code   132  tasks.o(i.xTaskCheckForTimeOut)
    xTaskCreate                              0x08009961   Thumb Code    96  tasks.o(i.xTaskCreate)
    xTaskGetSchedulerState                   0x080099c1   Thumb Code    24  tasks.o(i.xTaskGetSchedulerState)
    xTaskGetTickCount                        0x080099e1   Thumb Code     6  tasks.o(i.xTaskGetTickCount)
    xTaskGetTickCountFromISR                 0x080099ed   Thumb Code    16  tasks.o(i.xTaskGetTickCountFromISR)
    xTaskIncrementTick                       0x08009a01   Thumb Code   282  tasks.o(i.xTaskIncrementTick)
    xTaskPriorityDisinherit                  0x08009b49   Thumb Code   188  tasks.o(i.xTaskPriorityDisinherit)
    xTaskRemoveFromEventList                 0x08009c11   Thumb Code   128  tasks.o(i.xTaskRemoveFromEventList)
    xTaskResumeAll                           0x08009ca9   Thumb Code   224  tasks.o(i.xTaskResumeAll)
    tcp_pcb_lists                            0x08009e14   Data          16  tcp.o(.constdata)
    lwip_cyclic_timers                       0x08009e24   Data          24  timeouts.o(.constdata)
    ip_addr_any                              0x08009e3c   Data           4  ip4_addr.o(.constdata)
    ip_addr_broadcast                        0x08009e40   Data           4  ip4_addr.o(.constdata)
    ethbroadcast                             0x08009e44   Data           6  ethernet.o(.constdata)
    ethzero                                  0x08009e4a   Data           6  ethernet.o(.constdata)
    os_mutex_def_lwip_sys_mutex              0x08009e50   Data           4  sys_arch.o(.constdata)
    memp_UDP_PCB                             0x08009e5c   Data          12  memp.o(.constdata)
    memp_TCP_PCB                             0x08009e68   Data          12  memp.o(.constdata)
    memp_TCP_PCB_LISTEN                      0x08009e74   Data          12  memp.o(.constdata)
    memp_TCP_SEG                             0x08009e80   Data          12  memp.o(.constdata)
    memp_REASSDATA                           0x08009e8c   Data          12  memp.o(.constdata)
    memp_FRAG_PBUF                           0x08009e98   Data          12  memp.o(.constdata)
    memp_NETBUF                              0x08009ea4   Data          12  memp.o(.constdata)
    memp_NETCONN                             0x08009eb0   Data          12  memp.o(.constdata)
    memp_TCPIP_MSG_API                       0x08009ebc   Data          12  memp.o(.constdata)
    memp_TCPIP_MSG_INPKT                     0x08009ec8   Data          12  memp.o(.constdata)
    memp_SYS_TIMEOUT                         0x08009ed4   Data          12  memp.o(.constdata)
    memp_PBUF                                0x08009ee0   Data          12  memp.o(.constdata)
    memp_PBUF_POOL                           0x08009eec   Data          12  memp.o(.constdata)
    memp_pools                               0x08009ef8   Data          52  memp.o(.constdata)
    AHBPrescTable                            0x08009f2c   Data          16  system_stm32f4xx.o(.constdata)
    APBPrescTable                            0x08009f3c   Data           8  system_stm32f4xx.o(.constdata)
    Region$$Table$$Base                      0x08009fd0   Number         0  anon$$obj.o(Region$$Table)
    Region$$Table$$Limit                     0x08009ff0   Number         0  anon$$obj.o(Region$$Table)
    ipaddr                                   0x20000000   Data           4  lwip.o(.data)
    netmask                                  0x20000004   Data           4  lwip.o(.data)
    gw                                       0x20000008   Data           4  lwip.o(.data)
    IP_ADDRESS                               0x2000000c   Data           4  lwip.o(.data)
    NETMASK_ADDRESS                          0x20000010   Data           4  lwip.o(.data)
    GATEWAY_ADDRESS                          0x20000014   Data           4  lwip.o(.data)
    s_xSemaphore                             0x20000018   Data           4  ethernetif.o(.data)
    defaultTaskHandle                        0x2000001c   Data           4  main.o(.data)
    tcp_input_pcb                            0x20000058   Data           4  tcp_in.o(.data)
    tcp_ticks                                0x20000060   Data           4  tcp.o(.data)
    tcp_bound_pcbs                           0x20000064   Data           4  tcp.o(.data)
    tcp_listen_pcbs                          0x20000068   Data           4  tcp.o(.data)
    tcp_active_pcbs                          0x2000006c   Data           4  tcp.o(.data)
    tcp_tw_pcbs                              0x20000070   Data           4  tcp.o(.data)
    tcp_active_pcbs_changed                  0x20000074   Data           1  tcp.o(.data)
    udp_pcbs                                 0x2000008c   Data           4  udp.o(.data)
    errno                                    0x20000098   Data           4  sys_arch.o(.data)
    lwip_sys_mutex                           0x2000009c   Data           4  sys_arch.o(.data)
    lock_tcpip_core                          0x200000e0   Data           4  tcpip.o(.data)
    netif_list                               0x200000e4   Data           4  netif.o(.data)
    netif_default                            0x200000e8   Data           4  netif.o(.data)
    pxCurrentTCB                             0x200000f0   Data           4  tasks.o(.data)
    SystemCoreClock                          0x20000150   Data           4  system_stm32f4xx.o(.data)
    uwTick                                   0x20000154   Data           4  stm32f4xx_hal.o(.data)
    gnetif                                   0x20000158   Data          48  lwip.o(.bss)
    DMARxDscrTab                             0x20000188   Data         128  ethernetif.o(.bss)
    DMATxDscrTab                             0x20000208   Data         128  ethernetif.o(.bss)
    Rx_Buff                                  0x20000288   Data        6096  ethernetif.o(.bss)
    Tx_Buff                                  0x20001a58   Data        6096  ethernetif.o(.bss)
    heth                                     0x20003228   Data          72  ethernetif.o(.bss)
    htim1                                    0x20003270   Data          60  stm32f4xx_hal_timebase_tim.o(.bss)
    hi2c3                                    0x200032ac   Data          84  main.o(.bss)
    hspi5                                    0x20003300   Data          88  main.o(.bss)
    huart1                                   0x20003358   Data          64  main.o(.bss)
    ram_heap                                 0x20003398   Data        1619  mem.o(.bss)
    memp_memory_UDP_PCB_base                 0x200039fc   Data         131  memp.o(.bss)
    memp_memory_TCP_PCB_base                 0x20003a7f   Data         743  memp.o(.bss)
    memp_memory_TCP_PCB_LISTEN_base          0x20003d66   Data         227  memp.o(.bss)
    memp_memory_TCP_SEG_base                 0x20003e49   Data         259  memp.o(.bss)
    memp_memory_REASSDATA_base               0x20003f4c   Data         163  memp.o(.bss)
    memp_memory_FRAG_PBUF_base               0x20003fef   Data         363  memp.o(.bss)
    memp_memory_NETBUF_base                  0x2000415a   Data          35  memp.o(.bss)
    memp_memory_NETCONN_base                 0x2000417d   Data         179  memp.o(.bss)
    memp_memory_TCPIP_MSG_API_base           0x20004230   Data         131  memp.o(.bss)
    memp_memory_TCPIP_MSG_INPKT_base         0x200042b3   Data         131  memp.o(.bss)
    memp_memory_SYS_TIMEOUT_base             0x20004336   Data          51  memp.o(.bss)
    memp_memory_PBUF_base                    0x20004369   Data         259  memp.o(.bss)
    memp_memory_PBUF_POOL_base               0x2000446c   Data        9731  memp.o(.bss)
    ip_data                                  0x20006a70   Data          24  ip.o(.bss)
    __initial_sp                             0x2000b868   Data           0  startup_stm32f429xx.o(STACK)



==============================================================================

Memory Map of the image

  Image Entry point : 0x080001ad

  Load Region LR_IROM1 (Base: 0x08000000, Size: 0x0000a148, Max: 0x00200000, ABSOLUTE, COMPRESSED[0x0000a004])

    Execution Region ER_IROM1 (Exec base: 0x08000000, Load base: 0x08000000, Size: 0x00009ff0, Max: 0x00200000, ABSOLUTE)

    Exec Addr    Load Addr    Size         Type   Attr      Idx    E Section Name        Object

    0x08000000   0x08000000   0x000001ac   Data   RO         4222    RESET               startup_stm32f429xx.o
    0x080001ac   0x080001ac   0x00000000   Code   RO         8905  * .ARM.Collect$$$$00000000  mc_w.l(entry.o)
    0x080001ac   0x080001ac   0x00000004   Code   RO         8922    .ARM.Collect$$$$00000001  mc_w.l(entry2.o)
    0x080001b0   0x080001b0   0x00000004   Code   RO         8925    .ARM.Collect$$$$00000004  mc_w.l(entry5.o)
    0x080001b4   0x080001b4   0x00000000   Code   RO         8927    .ARM.Collect$$$$00000008  mc_w.l(entry7b.o)
    0x080001b4   0x080001b4   0x00000000   Code   RO         8929    .ARM.Collect$$$$0000000A  mc_w.l(entry8b.o)
    0x080001b4   0x080001b4   0x00000008   Code   RO         8930    .ARM.Collect$$$$0000000B  mc_w.l(entry9a.o)
    0x080001bc   0x080001bc   0x00000000   Code   RO         8932    .ARM.Collect$$$$0000000D  mc_w.l(entry10a.o)
    0x080001bc   0x080001bc   0x00000000   Code   RO         8934    .ARM.Collect$$$$0000000F  mc_w.l(entry11a.o)
    0x080001bc   0x080001bc   0x00000004   Code   RO         8923    .ARM.Collect$$$$00002712  mc_w.l(entry2.o)
    0x080001c0   0x080001c0   0x000000ba   Code   RO         5237    .emb_text           port.o
    0x0800027a   0x0800027a   0x00000002   PAD
    0x0800027c   0x0800027c   0x00000024   Code   RO         4223    .text               startup_stm32f429xx.o
    0x080002a0   0x080002a0   0x00000062   Code   RO         8908    .text               mc_w.l(uldiv.o)
    0x08000302   0x08000302   0x00000024   Code   RO         8910    .text               mc_w.l(memcpya.o)
    0x08000326   0x08000326   0x00000024   Code   RO         8912    .text               mc_w.l(memseta.o)
    0x0800034a   0x0800034a   0x0000001a   Code   RO         8916    .text               mc_w.l(memcmp.o)
    0x08000364   0x08000364   0x0000001e   Code   RO         8936    .text               mc_w.l(llshl.o)
    0x08000382   0x08000382   0x00000020   Code   RO         8938    .text               mc_w.l(llushr.o)
    0x080003a2   0x080003a2   0x00000002   PAD
    0x080003a4   0x080003a4   0x00000024   Code   RO         8940    .text               mc_w.l(init.o)
    0x080003c8   0x080003c8   0x0000003a   Code   RO         8950    .text               mc_w.l(__dczerorl.o)
    0x08000402   0x08000402   0x00000004   Code   RO          533    i.BusFault_Handler  stm32f4xx_it.o
    0x08000406   0x08000406   0x00000002   Code   RO          534    i.DebugMon_Handler  stm32f4xx_it.o
    0x08000408   0x08000408   0x00000016   Code   RO         5355    i.ETH_DMAReceptionEnable  stm32f4xx_hal_eth.o
    0x0800041e   0x0800041e   0x00000016   Code   RO         5357    i.ETH_DMATransmissionEnable  stm32f4xx_hal_eth.o
    0x08000434   0x08000434   0x00000028   Code   RO         5358    i.ETH_Delay         stm32f4xx_hal_eth.o
    0x0800045c   0x0800045c   0x00000038   Code   RO         5359    i.ETH_FlushTransmitFIFO  stm32f4xx_hal_eth.o
    0x08000494   0x08000494   0x00000010   Code   RO          535    i.ETH_IRQHandler    stm32f4xx_it.o
    0x080004a4   0x080004a4   0x00000034   Code   RO         5360    i.ETH_MACAddressConfig  stm32f4xx_hal_eth.o
    0x080004d8   0x080004d8   0x00000244   Code   RO         5361    i.ETH_MACDMAConfig  stm32f4xx_hal_eth.o
    0x0800071c   0x0800071c   0x00000028   Code   RO         5363    i.ETH_MACReceptionEnable  stm32f4xx_hal_eth.o
    0x08000744   0x08000744   0x00000028   Code   RO         5365    i.ETH_MACTransmissionEnable  stm32f4xx_hal_eth.o
    0x0800076c   0x0800076c   0x0000001e   Code   RO         5665    i.HAL_Delay         stm32f4xx_hal.o
    0x0800078a   0x0800078a   0x0000008c   Code   RO         5368    i.HAL_ETH_DMARxDescListInit  stm32f4xx_hal_eth.o
    0x08000816   0x08000816   0x00000084   Code   RO         5369    i.HAL_ETH_DMATxDescListInit  stm32f4xx_hal_eth.o
    0x0800089a   0x0800089a   0x00000002   Code   RO         5371    i.HAL_ETH_ErrorCallback  stm32f4xx_hal_eth.o
    0x0800089c   0x0800089c   0x000000ba   Code   RO         5373    i.HAL_ETH_GetReceivedFrame_IT  stm32f4xx_hal_eth.o
    0x08000956   0x08000956   0x000000a4   Code   RO         5375    i.HAL_ETH_IRQHandler  stm32f4xx_hal_eth.o
    0x080009fa   0x080009fa   0x00000002   PAD
    0x080009fc   0x080009fc   0x000002a0   Code   RO         5376    i.HAL_ETH_Init      stm32f4xx_hal_eth.o
    0x08000c9c   0x08000c9c   0x000000ec   Code   RO          401    i.HAL_ETH_MspInit   ethernetif.o
    0x08000d88   0x08000d88   0x00000092   Code   RO         5379    i.HAL_ETH_ReadPHYRegister  stm32f4xx_hal_eth.o
    0x08000e1a   0x08000e1a   0x00000002   PAD
    0x08000e1c   0x08000e1c   0x00000014   Code   RO          402    i.HAL_ETH_RxCpltCallback  ethernetif.o
    0x08000e30   0x08000e30   0x00000052   Code   RO         5381    i.HAL_ETH_Start     stm32f4xx_hal_eth.o
    0x08000e82   0x08000e82   0x0000013e   Code   RO         5383    i.HAL_ETH_TransmitFrame  stm32f4xx_hal_eth.o
    0x08000fc0   0x08000fc0   0x00000002   Code   RO         5384    i.HAL_ETH_TxCpltCallback  stm32f4xx_hal_eth.o
    0x08000fc2   0x08000fc2   0x00000090   Code   RO         5385    i.HAL_ETH_WritePHYRegister  stm32f4xx_hal_eth.o
    0x08001052   0x08001052   0x00000002   PAD
    0x08001054   0x08001054   0x0000021c   Code   RO         7037    i.HAL_GPIO_Init     stm32f4xx_hal_gpio.o
    0x08001270   0x08001270   0x0000000c   Code   RO         5673    i.HAL_GetTick       stm32f4xx_hal.o
    0x0800127c   0x0800127c   0x00000128   Code   RO         8219    i.HAL_I2C_Init      stm32f4xx_hal_i2c.o
    0x080013a4   0x080013a4   0x0000007c   Code   RO          325    i.HAL_I2C_MspInit   stm32f4xx_hal_msp.o
    0x08001420   0x08001420   0x00000010   Code   RO         5675    i.HAL_IncTick       stm32f4xx_hal.o
    0x08001430   0x08001430   0x0000003c   Code   RO         5676    i.HAL_Init          stm32f4xx_hal.o
    0x0800146c   0x0800146c   0x0000008c   Code   RO          493    i.HAL_InitTick      stm32f4xx_hal_timebase_tim.o
    0x080014f8   0x080014f8   0x00000056   Code   RO          326    i.HAL_MspInit       stm32f4xx_hal_msp.o
    0x0800154e   0x0800154e   0x0000001a   Code   RO         6740    i.HAL_NVIC_EnableIRQ  stm32f4xx_hal_cortex.o
    0x08001568   0x08001568   0x0000007c   Code   RO         6746    i.HAL_NVIC_SetPriority  stm32f4xx_hal_cortex.o
    0x080015e4   0x080015e4   0x00000028   Code   RO         6747    i.HAL_NVIC_SetPriorityGrouping  stm32f4xx_hal_cortex.o
    0x0800160c   0x0800160c   0x0000008c   Code   RO         6116    i.HAL_PWREx_EnableOverDrive  stm32f4xx_hal_pwr_ex.o
    0x08001698   0x08001698   0x00000180   Code   RO         6183    i.HAL_RCC_ClockConfig  stm32f4xx_hal_rcc.o
    0x08001818   0x08001818   0x00000044   Code   RO         6187    i.HAL_RCC_GetClockConfig  stm32f4xx_hal_rcc.o
    0x0800185c   0x0800185c   0x0000000c   Code   RO         6188    i.HAL_RCC_GetHCLKFreq  stm32f4xx_hal_rcc.o
    0x08001868   0x08001868   0x00000020   Code   RO         6190    i.HAL_RCC_GetPCLK1Freq  stm32f4xx_hal_rcc.o
    0x08001888   0x08001888   0x00000020   Code   RO         6191    i.HAL_RCC_GetPCLK2Freq  stm32f4xx_hal_rcc.o
    0x080018a8   0x080018a8   0x000000b0   Code   RO         6192    i.HAL_RCC_GetSysClockFreq  stm32f4xx_hal_rcc.o
    0x08001958   0x08001958   0x00000410   Code   RO         6195    i.HAL_RCC_OscConfig  stm32f4xx_hal_rcc.o
    0x08001d68   0x08001d68   0x0000008c   Code   RO         7261    i.HAL_SPI_Init      stm32f4xx_hal_spi.o
    0x08001df4   0x08001df4   0x0000005c   Code   RO          328    i.HAL_SPI_MspInit   stm32f4xx_hal_msp.o
    0x08001e50   0x08001e50   0x00000028   Code   RO         6749    i.HAL_SYSTICK_CLKSourceConfig  stm32f4xx_hal_cortex.o
    0x08001e78   0x08001e78   0x00000034   Code   RO         6751    i.HAL_SYSTICK_Config  stm32f4xx_hal_cortex.o
    0x08001eac   0x08001eac   0x00000002   Code   RO         5841    i.HAL_TIMEx_BreakCallback  stm32f4xx_hal_tim_ex.o
    0x08001eae   0x08001eae   0x00000002   Code   RO         5842    i.HAL_TIMEx_CommutationCallback  stm32f4xx_hal_tim_ex.o
    0x08001eb0   0x08001eb0   0x00000034   Code   RO         7569    i.HAL_TIM_Base_Init  stm32f4xx_hal_tim.o
    0x08001ee4   0x08001ee4   0x00000002   Code   RO         7571    i.HAL_TIM_Base_MspInit  stm32f4xx_hal_tim.o
    0x08001ee6   0x08001ee6   0x0000001e   Code   RO         7574    i.HAL_TIM_Base_Start_IT  stm32f4xx_hal_tim.o
    0x08001f04   0x08001f04   0x00000002   Code   RO         7598    i.HAL_TIM_IC_CaptureCallback  stm32f4xx_hal_tim.o
    0x08001f06   0x08001f06   0x00000196   Code   RO         7611    i.HAL_TIM_IRQHandler  stm32f4xx_hal_tim.o
    0x0800209c   0x0800209c   0x00000002   Code   RO         7614    i.HAL_TIM_OC_DelayElapsedCallback  stm32f4xx_hal_tim.o
    0x0800209e   0x0800209e   0x00000002   Code   RO         7641    i.HAL_TIM_PWM_PulseFinishedCallback  stm32f4xx_hal_tim.o
    0x080020a0   0x080020a0   0x00000018   Code   RO          615    i.HAL_TIM_PeriodElapsedCallback  main.o
    0x080020b8   0x080020b8   0x00000002   Code   RO         7652    i.HAL_TIM_TriggerCallback  stm32f4xx_hal_tim.o
    0x080020ba   0x080020ba   0x00000072   Code   RO         6429    i.HAL_UART_Init     stm32f4xx_hal_uart.o
    0x0800212c   0x0800212c   0x0000005c   Code   RO          330    i.HAL_UART_MspInit  stm32f4xx_hal_msp.o
    0x08002188   0x08002188   0x00000004   Code   RO          536    i.HardFault_Handler  stm32f4xx_it.o
    0x0800218c   0x0800218c   0x000001b4   Code   RO          616    i.MX_GPIO_Init      main.o
    0x08002340   0x08002340   0x00000050   Code   RO          617    i.MX_I2C3_Init      main.o
    0x08002390   0x08002390   0x000000f8   Code   RO            4    i.MX_LWIP_Init      lwip.o
    0x08002488   0x08002488   0x00000058   Code   RO          618    i.MX_SPI5_Init      main.o
    0x080024e0   0x080024e0   0x0000004c   Code   RO          619    i.MX_USART1_UART_Init  main.o
    0x0800252c   0x0800252c   0x00000004   Code   RO          537    i.MemManage_Handler  stm32f4xx_it.o
    0x08002530   0x08002530   0x00000002   Code   RO          538    i.NMI_Handler       stm32f4xx_it.o
    0x08002532   0x08002532   0x00000002   PAD
    0x08002534   0x08002534   0x00000010   Code   RO         6753    i.NVIC_GetPriorityGrouping  stm32f4xx_hal_cortex.o
    0x08002544   0x08002544   0x00000028   Code   RO         6754    i.NVIC_SetPriority  stm32f4xx_hal_cortex.o
    0x0800256c   0x0800256c   0x0000000e   Code   RO          620    i.StartDefaultTask  main.o
    0x0800257a   0x0800257a   0x00000008   Code   RO          539    i.SysTick_Handler   stm32f4xx_it.o
    0x08002582   0x08002582   0x00000002   PAD
    0x08002584   0x08002584   0x000000ec   Code   RO          621    i.SystemClock_Config  main.o
    0x08002670   0x08002670   0x00000064   Code   RO         5318    i.SystemInit        system_stm32f4xx.o
    0x080026d4   0x080026d4   0x00000010   Code   RO          540    i.TIM1_UP_TIM10_IRQHandler  stm32f4xx_it.o
    0x080026e4   0x080026e4   0x000000e4   Code   RO         7653    i.TIM_Base_SetConfig  stm32f4xx_hal_tim.o
    0x080027c8   0x080027c8   0x00000368   Code   RO         6456    i.UART_SetConfig    stm32f4xx_hal_uart.o
    0x08002b30   0x08002b30   0x00000004   Code   RO          541    i.UsageFault_Handler  stm32f4xx_it.o
    0x08002b34   0x08002b34   0x00000004   Code   RO          622    i._Error_Handler    main.o
    0x08002b38   0x08002b38   0x0000000e   Code   RO         8944    i.__scatterload_copy  mc_w.l(handlers.o)
    0x08002b46   0x08002b46   0x00000002   Code   RO         8945    i.__scatterload_null  mc_w.l(handlers.o)
    0x08002b48   0x08002b48   0x0000000e   Code   RO         8946    i.__scatterload_zeroinit  mc_w.l(handlers.o)
    0x08002b56   0x08002b56   0x00000002   PAD
    0x08002b58   0x08002b58   0x0000001c   Code   RO         1809    i.cyclic_timer      timeouts.o
    0x08002b74   0x08002b74   0x00000028   Code   RO         3467    i.do_memp_free_pool  memp.o
    0x08002b9c   0x08002b9c   0x0000002e   Code   RO         3468    i.do_memp_malloc_pool  memp.o
    0x08002bca   0x08002bca   0x00000002   PAD
    0x08002bcc   0x08002bcc   0x00000038   Code   RO         3832    i.etharp_cleanup_netif  etharp.o
    0x08002c04   0x08002c04   0x00000160   Code   RO         3834    i.etharp_find_entry  etharp.o
    0x08002d64   0x08002d64   0x00000040   Code   RO         3835    i.etharp_free_entry  etharp.o
    0x08002da4   0x08002da4   0x000000d6   Code   RO         3837    i.etharp_input      etharp.o
    0x08002e7a   0x08002e7a   0x00000002   PAD
    0x08002e7c   0x08002e7c   0x00000134   Code   RO         3838    i.etharp_output     etharp.o
    0x08002fb0   0x08002fb0   0x000000b8   Code   RO         3839    i.etharp_output_to_arp_index  etharp.o
    0x08003068   0x08003068   0x00000174   Code   RO         3840    i.etharp_query      etharp.o
    0x080031dc   0x080031dc   0x00000098   Code   RO         3841    i.etharp_raw        etharp.o
    0x08003274   0x08003274   0x00000018   Code   RO         3842    i.etharp_request    etharp.o
    0x0800328c   0x0800328c   0x0000002c   Code   RO         3843    i.etharp_request_dst  etharp.o
    0x080032b8   0x080032b8   0x000000dc   Code   RO         3844    i.etharp_tmr        etharp.o
    0x08003394   0x08003394   0x000000c0   Code   RO         3845    i.etharp_update_arp_entry  etharp.o
    0x08003454   0x08003454   0x000000c8   Code   RO         2980    i.ethernet_input    ethernet.o
    0x0800351c   0x0800351c   0x00000056   Code   RO         2981    i.ethernet_output   ethernet.o
    0x08003572   0x08003572   0x00000002   PAD
    0x08003574   0x08003574   0x00000030   Code   RO          403    i.ethernetif_init   ethernetif.o
    0x080035a4   0x080035a4   0x0000003c   Code   RO          404    i.ethernetif_input  ethernetif.o
    0x080035e0   0x080035e0   0x00000012   Code   RO         2828    i.icmp_dest_unreach  icmp.o
    0x080035f2   0x080035f2   0x00000002   PAD
    0x080035f4   0x080035f4   0x00000178   Code   RO         2829    i.icmp_input        icmp.o
    0x0800376c   0x0800376c   0x00000074   Code   RO         2830    i.icmp_send_response  icmp.o
    0x080037e0   0x080037e0   0x00000012   Code   RO         2831    i.icmp_time_exceeded  icmp.o
    0x080037f2   0x080037f2   0x00000010   Code   RO         4238    i.inHandlerMode     cmsis_os.o
    0x08003802   0x08003802   0x0000004e   Code   RO         2115    i.ip4_addr_isbroadcast_u32  ip4_addr.o
    0x08003850   0x08003850   0x000001c0   Code   RO         2726    i.ip4_frag          ip4_frag.o
    0x08003a10   0x08003a10   0x000001c0   Code   RO          744    i.ip4_input         ip4.o
    0x08003bd0   0x08003bd0   0x00000036   Code   RO          746    i.ip4_output_if     ip4.o
    0x08003c06   0x08003c06   0x00000002   PAD
    0x08003c08   0x08003c08   0x000000c8   Code   RO          747    i.ip4_output_if_src  ip4.o
    0x08003cd0   0x08003cd0   0x000001a0   Code   RO         2727    i.ip4_reass         ip4_frag.o
    0x08003e70   0x08003e70   0x00000090   Code   RO          748    i.ip4_route         ip4.o
    0x08003f00   0x08003f00   0x0000000a   Code   RO         2728    i.ip_frag_alloc_pbuf_custom_ref  ip4_frag.o
    0x08003f0a   0x08003f0a   0x00000012   Code   RO         2729    i.ip_frag_free_pbuf_custom_ref  ip4_frag.o
    0x08003f1c   0x08003f1c   0x0000016c   Code   RO         2730    i.ip_reass_chain_frag_into_datagram_and_validate  ip4_frag.o
    0x08004088   0x08004088   0x0000002c   Code   RO         2731    i.ip_reass_dequeue_datagram  ip4_frag.o
    0x080040b4   0x080040b4   0x00000054   Code   RO         2732    i.ip_reass_enqueue_new_datagram  ip4_frag.o
    0x08004108   0x08004108   0x000000a0   Code   RO         2733    i.ip_reass_free_complete_datagram  ip4_frag.o
    0x080041a8   0x080041a8   0x00000088   Code   RO         2734    i.ip_reass_remove_oldest_datagram  ip4_frag.o
    0x08004230   0x08004230   0x00000034   Code   RO         2735    i.ip_reass_tmr      ip4_frag.o
    0x08004264   0x08004264   0x00000020   Code   RO         2736    i.ipfrag_free_pbuf_custom  ip4_frag.o
    0x08004284   0x08004284   0x00000118   Code   RO          405    i.low_level_init    ethernetif.o
    0x0800439c   0x0800439c   0x00000104   Code   RO          406    i.low_level_input   ethernetif.o
    0x080044a0   0x080044a0   0x000000e8   Code   RO          407    i.low_level_output  ethernetif.o
    0x08004588   0x08004588   0x0000001a   Code   RO         2252    i.lwip_htonl        def.o
    0x080045a2   0x080045a2   0x0000000c   Code   RO         2253    i.lwip_htons        def.o
    0x080045ae   0x080045ae   0x00000024   Code   RO         3434    i.lwip_init         init.o
    0x080045d2   0x080045d2   0x00000002   PAD
    0x080045d4   0x080045d4   0x00000040   Code   RO          624    i.main              main.o
    0x08004614   0x08004614   0x0000000e   Code   RO         4240    i.makeFreeRtosPriority  cmsis_os.o
    0x08004622   0x08004622   0x00000002   PAD
    0x08004624   0x08004624   0x0000006c   Code   RO         1255    i.mem_free          mem.o
    0x08004690   0x08004690   0x0000006c   Code   RO         1256    i.mem_init          mem.o
    0x080046fc   0x080046fc   0x0000010c   Code   RO         1257    i.mem_malloc        mem.o
    0x08004808   0x08004808   0x00000124   Code   RO         1258    i.mem_trim          mem.o
    0x0800492c   0x0800492c   0x00000028   Code   RO         3469    i.memp_free         memp.o
    0x08004954   0x08004954   0x00000020   Code   RO         3471    i.memp_init         memp.o
    0x08004974   0x08004974   0x0000002c   Code   RO         3472    i.memp_init_pool    memp.o
    0x080049a0   0x080049a0   0x00000024   Code   RO         3473    i.memp_malloc       memp.o
    0x080049c4   0x080049c4   0x00000074   Code   RO         3715    i.netif_add         netif.o
    0x08004a38   0x08004a38   0x00000002   Code   RO         3717    i.netif_init        netif.o
    0x08004a3a   0x08004a3a   0x00000024   Code   RO         3719    i.netif_issue_reports  netif.o
    0x08004a5e   0x08004a5e   0x00000048   Code   RO         3721    i.netif_set_addr    netif.o
    0x08004aa6   0x08004aa6   0x00000002   PAD
    0x08004aa8   0x08004aa8   0x0000000c   Code   RO         3722    i.netif_set_default  netif.o
    0x08004ab4   0x08004ab4   0x0000002a   Code   RO         3723    i.netif_set_down    netif.o
    0x08004ade   0x08004ade   0x0000000c   Code   RO         3724    i.netif_set_gw      netif.o
    0x08004aea   0x08004aea   0x00000002   PAD
    0x08004aec   0x08004aec   0x0000004c   Code   RO         3725    i.netif_set_ipaddr  netif.o
    0x08004b38   0x08004b38   0x0000000c   Code   RO         3728    i.netif_set_netmask  netif.o
    0x08004b44   0x08004b44   0x0000002c   Code   RO         3729    i.netif_set_up      netif.o
    0x08004b70   0x08004b70   0x00000018   Code   RO         4242    i.osDelay           cmsis_os.o
    0x08004b88   0x08004b88   0x0000000a   Code   RO         4245    i.osKernelStart     cmsis_os.o
    0x08004b92   0x08004b92   0x00000014   Code   RO         4246    i.osKernelSysTick   cmsis_os.o
    0x08004ba6   0x08004ba6   0x00000012   Code   RO         4254    i.osMessageCreate   cmsis_os.o
    0x08004bb8   0x08004bb8   0x0000009c   Code   RO         4256    i.osMessageGet      cmsis_os.o
    0x08004c54   0x08004c54   0x00000060   Code   RO         4258    i.osMessagePut      cmsis_os.o
    0x08004cb4   0x08004cb4   0x0000000c   Code   RO         4260    i.osMutexCreate     cmsis_os.o
    0x08004cc0   0x08004cc0   0x00000050   Code   RO         4262    i.osMutexRelease    cmsis_os.o
    0x08004d10   0x08004d10   0x0000006c   Code   RO         4263    i.osMutexWait       cmsis_os.o
    0x08004d7c   0x08004d7c   0x0000002c   Code   RO         4271    i.osSemaphoreCreate  cmsis_os.o
    0x08004da8   0x08004da8   0x00000050   Code   RO         4274    i.osSemaphoreRelease  cmsis_os.o
    0x08004df8   0x08004df8   0x0000006c   Code   RO         4275    i.osSemaphoreWait   cmsis_os.o
    0x08004e64   0x08004e64   0x00000010   Code   RO         4278    i.osSystickHandler  cmsis_os.o
    0x08004e74   0x08004e74   0x00000030   Code   RO         4279    i.osThreadCreate    cmsis_os.o
    0x08004ea4   0x08004ea4   0x0000018c   Code   RO         3985    i.pbuf_alloc        pbuf.o
    0x08005030   0x08005030   0x0000006e   Code   RO         3986    i.pbuf_alloced_custom  pbuf.o
    0x0800509e   0x0800509e   0x00000038   Code   RO         3987    i.pbuf_cat          pbuf.o
    0x080050d6   0x080050d6   0x00000012   Code   RO         3989    i.pbuf_clen         pbuf.o
    0x080050e8   0x080050e8   0x000000c0   Code   RO         3991    i.pbuf_copy         pbuf.o
    0x080051a8   0x080051a8   0x00000092   Code   RO         3992    i.pbuf_copy_partial  pbuf.o
    0x0800523a   0x0800523a   0x00000092   Code   RO         3994    i.pbuf_free         pbuf.o
    0x080052cc   0x080052cc   0x00000012   Code   RO         3996    i.pbuf_header       pbuf.o
    0x080052de   0x080052de   0x00000012   Code   RO         3997    i.pbuf_header_force  pbuf.o
    0x080052f0   0x080052f0   0x0000008e   Code   RO         3998    i.pbuf_header_impl  pbuf.o
    0x0800537e   0x0800537e   0x00000080   Code   RO         4002    i.pbuf_realloc      pbuf.o
    0x080053fe   0x080053fe   0x0000001e   Code   RO         4003    i.pbuf_ref          pbuf.o
    0x0800541c   0x0800541c   0x00000088   Code   RO         1259    i.plug_holes        mem.o
    0x080054a4   0x080054a4   0x00000098   Code   RO         4849    i.prvAddCurrentTaskToDelayedList  tasks.o
    0x0800553c   0x0800553c   0x000000b4   Code   RO         4850    i.prvAddNewTaskToReadyList  tasks.o
    0x080055f0   0x080055f0   0x00000064   Code   RO         4851    i.prvCheckTasksWaitingTermination  tasks.o
    0x08005654   0x08005654   0x0000002a   Code   RO         4614    i.prvCopyDataFromQueue  queue.o
    0x0800567e   0x0800567e   0x0000007c   Code   RO         4615    i.prvCopyDataToQueue  queue.o
    0x080056fa   0x080056fa   0x00000012   Code   RO         4852    i.prvDeleteTCB      tasks.o
    0x0800570c   0x0800570c   0x0000007c   Code   RO         5176    i.prvHeapInit       heap_4.o
    0x08005788   0x08005788   0x00000028   Code   RO         4853    i.prvIdleTask       tasks.o
    0x080057b0   0x080057b0   0x0000001c   Code   RO         4616    i.prvInitialiseMutex  queue.o
    0x080057cc   0x080057cc   0x00000026   Code   RO         4617    i.prvInitialiseNewQueue  queue.o
    0x080057f2   0x080057f2   0x000000aa   Code   RO         4854    i.prvInitialiseNewTask  tasks.o
    0x0800589c   0x0800589c   0x00000068   Code   RO         4855    i.prvInitialiseTaskLists  tasks.o
    0x08005904   0x08005904   0x00000068   Code   RO         5177    i.prvInsertBlockIntoFreeList  heap_4.o
    0x0800596c   0x0800596c   0x0000001a   Code   RO         4618    i.prvIsQueueEmpty   queue.o
    0x08005986   0x08005986   0x0000001e   Code   RO         4619    i.prvIsQueueFull    queue.o
    0x080059a4   0x080059a4   0x00000034   Code   RO         4856    i.prvResetNextTaskUnblockTime  tasks.o
    0x080059d8   0x080059d8   0x00000040   Code   RO         5238    i.prvTaskExitError  port.o
    0x08005a18   0x08005a18   0x0000007e   Code   RO         4620    i.prvUnlockQueue    queue.o
    0x08005a96   0x08005a96   0x00000002   PAD
    0x08005a98   0x08005a98   0x0000013c   Code   RO         5178    i.pvPortMalloc      heap_4.o
    0x08005bd4   0x08005bd4   0x00000020   Code   RO         4858    i.pvTaskIncrementMutexHeldCount  tasks.o
    0x08005bf4   0x08005bf4   0x0000002c   Code   RO         5239    i.pxPortInitialiseStack  port.o
    0x08005c20   0x08005c20   0x0000005e   Code   RO         3037    i.sys_arch_mbox_fetch  sys_arch.o
    0x08005c7e   0x08005c7e   0x00000002   PAD
    0x08005c80   0x08005c80   0x00000018   Code   RO         3039    i.sys_arch_protect  sys_arch.o
    0x08005c98   0x08005c98   0x00000014   Code   RO         3041    i.sys_arch_unprotect  sys_arch.o
    0x08005cac   0x08005cac   0x0000007c   Code   RO         1810    i.sys_check_timeouts  timeouts.o
    0x08005d28   0x08005d28   0x00000018   Code   RO         3042    i.sys_init          sys_arch.o
    0x08005d40   0x08005d40   0x0000002c   Code   RO         3044    i.sys_mbox_new      sys_arch.o
    0x08005d6c   0x08005d6c   0x0000001e   Code   RO         3047    i.sys_mbox_trypost  sys_arch.o
    0x08005d8a   0x08005d8a   0x0000000e   Code   RO         3048    i.sys_mbox_valid    sys_arch.o
    0x08005d98   0x08005d98   0x00000010   Code   RO         3050    i.sys_mutex_lock    sys_arch.o
    0x08005da8   0x08005da8   0x0000001e   Code   RO         3051    i.sys_mutex_new     sys_arch.o
    0x08005dc6   0x08005dc6   0x0000000c   Code   RO         3052    i.sys_mutex_unlock  sys_arch.o
    0x08005dd2   0x08005dd2   0x00000008   Code   RO          409    i.sys_now           ethernetif.o
    0x08005dda   0x08005dda   0x00000036   Code   RO         3058    i.sys_thread_new    sys_arch.o
    0x08005e10   0x08005e10   0x000000d8   Code   RO         1812    i.sys_timeout       timeouts.o
    0x08005ee8   0x08005ee8   0x00000034   Code   RO         1813    i.sys_timeouts_init  timeouts.o
    0x08005f1c   0x08005f1c   0x00000040   Code   RO         1814    i.sys_timeouts_mbox_fetch  timeouts.o
    0x08005f5c   0x08005f5c   0x00000038   Code   RO         1815    i.sys_timeouts_sleeptime  timeouts.o
    0x08005f94   0x08005f94   0x000000e8   Code   RO         1403    i.tcp_abandon       tcp.o
    0x0800607c   0x0800607c   0x0000000e   Code   RO         1404    i.tcp_abort         tcp.o
    0x0800608a   0x0800608a   0x00000002   PAD
    0x0800608c   0x0800608c   0x000000c0   Code   RO         1407    i.tcp_alloc         tcp.o
    0x0800614c   0x0800614c   0x0000001c   Code   RO         1410    i.tcp_close         tcp.o
    0x08006168   0x08006168   0x000001ac   Code   RO         1411    i.tcp_close_shutdown  tcp.o
    0x08006314   0x08006314   0x000000be   Code   RO         1700    i.tcp_create_segment  tcp_out.o
    0x080063d2   0x080063d2   0x0000003a   Code   RO         1414    i.tcp_eff_send_mss_impl  tcp.o
    0x0800640c   0x0800640c   0x0000010e   Code   RO         1701    i.tcp_enqueue_flags  tcp_out.o
    0x0800651a   0x0800651a   0x00000002   PAD
    0x0800651c   0x0800651c   0x00000078   Code   RO         1416    i.tcp_fasttmr       tcp.o
    0x08006594   0x08006594   0x00000058   Code   RO         1311    i.tcp_getoptbyte    tcp_in.o
    0x080065ec   0x080065ec   0x00000002   Code   RO         1417    i.tcp_init          tcp.o
    0x080065ee   0x080065ee   0x00000002   PAD
    0x080065f0   0x080065f0   0x00000504   Code   RO         1312    i.tcp_input         tcp_in.o
    0x08006af4   0x08006af4   0x0000005a   Code   RO         1702    i.tcp_keepalive     tcp_out.o
    0x08006b4e   0x08006b4e   0x00000002   PAD
    0x08006b50   0x08006b50   0x00000058   Code   RO         1418    i.tcp_kill_prio     tcp.o
    0x08006ba8   0x08006ba8   0x0000004c   Code   RO         1419    i.tcp_kill_state    tcp.o
    0x08006bf4   0x08006bf4   0x0000003c   Code   RO         1420    i.tcp_kill_timewait  tcp.o
    0x08006c30   0x08006c30   0x0000002c   Code   RO         1421    i.tcp_listen_closed  tcp.o
    0x08006c5c   0x08006c5c   0x00000140   Code   RO         1313    i.tcp_listen_input  tcp_in.o
    0x08006d9c   0x08006d9c   0x00000054   Code   RO         1423    i.tcp_netif_ip_addr_changed  tcp.o
    0x08006df0   0x08006df0   0x0000002a   Code   RO         1424    i.tcp_netif_ip_addr_changed_pcblist  tcp.o
    0x08006e1a   0x08006e1a   0x00000002   PAD
    0x08006e1c   0x08006e1c   0x0000001c   Code   RO         1428    i.tcp_next_iss      tcp.o
    0x08006e38   0x08006e38   0x0000021c   Code   RO         1703    i.tcp_output        tcp_out.o
    0x08007054   0x08007054   0x00000078   Code   RO         1704    i.tcp_output_alloc_header  tcp_out.o
    0x080070cc   0x080070cc   0x000000c4   Code   RO         1705    i.tcp_output_segment  tcp_out.o
    0x08007190   0x08007190   0x0000009c   Code   RO         1314    i.tcp_parseopt      tcp_in.o
    0x0800722c   0x0800722c   0x00000040   Code   RO         1429    i.tcp_pcb_purge     tcp.o
    0x0800726c   0x0800726c   0x00000078   Code   RO         1430    i.tcp_pcb_remove    tcp.o
    0x080072e4   0x080072e4   0x000005bc   Code   RO         1315    i.tcp_process       tcp_in.o
    0x080078a0   0x080078a0   0x00000090   Code   RO         1432    i.tcp_process_refused_data  tcp.o
    0x08007930   0x08007930   0x00000604   Code   RO         1316    i.tcp_receive       tcp_in.o
    0x08007f34   0x08007f34   0x0000002e   Code   RO         1434    i.tcp_recv_null     tcp.o
    0x08007f62   0x08007f62   0x0000005e   Code   RO         1435    i.tcp_recved        tcp.o
    0x08007fc0   0x08007fc0   0x00000018   Code   RO         1436    i.tcp_remove_listener  tcp.o
    0x08007fd8   0x08007fd8   0x0000005a   Code   RO         1707    i.tcp_rexmit        tcp_out.o
    0x08008032   0x08008032   0x00000074   Code   RO         1708    i.tcp_rexmit_fast   tcp_out.o
    0x080080a6   0x080080a6   0x0000003a   Code   RO         1709    i.tcp_rexmit_rto    tcp_out.o
    0x080080e0   0x080080e0   0x00000088   Code   RO         1710    i.tcp_rst           tcp_out.o
    0x08008168   0x08008168   0x0000001a   Code   RO         1437    i.tcp_seg_free      tcp.o
    0x08008182   0x08008182   0x00000018   Code   RO         1438    i.tcp_segs_free     tcp.o
    0x0800819a   0x0800819a   0x00000076   Code   RO         1711    i.tcp_send_empty_ack  tcp_out.o
    0x08008210   0x08008210   0x0000004a   Code   RO         1712    i.tcp_send_fin      tcp_out.o
    0x0800825a   0x0800825a   0x00000002   PAD
    0x0800825c   0x0800825c   0x00000348   Code   RO         1442    i.tcp_slowtmr       tcp.o
    0x080085a4   0x080085a4   0x00000038   Code   RO         1817    i.tcp_timer_needed  timeouts.o
    0x080085dc   0x080085dc   0x000000a4   Code   RO         1317    i.tcp_timewait_input  tcp_in.o
    0x08008680   0x08008680   0x00000024   Code   RO         1443    i.tcp_tmr           tcp.o
    0x080086a4   0x080086a4   0x00000014   Code   RO         1318    i.tcp_trigger_input_pcb_close  tcp_in.o
    0x080086b8   0x080086b8   0x0000004e   Code   RO         1445    i.tcp_update_rcv_ann_wnd  tcp.o
    0x08008706   0x08008706   0x000000de   Code   RO         1715    i.tcp_zero_window_probe  tcp_out.o
    0x080087e4   0x080087e4   0x00000064   Code   RO         3577    i.tcpip_init        tcpip.o
    0x08008848   0x08008848   0x00000050   Code   RO         3578    i.tcpip_inpkt       tcpip.o
    0x08008898   0x08008898   0x00000030   Code   RO         3579    i.tcpip_input       tcpip.o
    0x080088c8   0x080088c8   0x00000038   Code   RO         1818    i.tcpip_tcp_timer   timeouts.o
    0x08008900   0x08008900   0x00000094   Code   RO         3581    i.tcpip_thread      tcpip.o
    0x08008994   0x08008994   0x00000002   Code   RO         2605    i.udp_init          udp.o
    0x08008996   0x08008996   0x00000002   PAD
    0x08008998   0x08008998   0x0000013c   Code   RO         2606    i.udp_input         udp.o
    0x08008ad4   0x08008ad4   0x00000048   Code   RO         2607    i.udp_input_local_match  udp.o
    0x08008b1c   0x08008b1c   0x00000030   Code   RO         2608    i.udp_netif_ip_addr_changed  udp.o
    0x08008b4c   0x08008b4c   0x00000028   Code   RO         5140    i.uxListRemove      list.o
    0x08008b74   0x08008b74   0x0000001a   Code   RO         5141    i.vListInitialise   list.o
    0x08008b8e   0x08008b8e   0x00000006   Code   RO         5142    i.vListInitialiseItem  list.o
    0x08008b94   0x08008b94   0x00000034   Code   RO         5143    i.vListInsert       list.o
    0x08008bc8   0x08008bc8   0x00000018   Code   RO         5144    i.vListInsertEnd    list.o
    0x08008be0   0x08008be0   0x00000054   Code   RO         5241    i.vPortEnterCritical  port.o
    0x08008c34   0x08008c34   0x0000003c   Code   RO         5242    i.vPortExitCritical  port.o
    0x08008c70   0x08008c70   0x00000094   Code   RO         5179    i.vPortFree         heap_4.o
    0x08008d04   0x08008d04   0x00000020   Code   RO         5243    i.vPortSetupTimerInterrupt  port.o
    0x08008d24   0x08008d24   0x00000078   Code   RO         5244    i.vPortValidateInterruptPriority  port.o
    0x08008d9c   0x08008d9c   0x0000005c   Code   RO         4864    i.vTaskDelay        tasks.o
    0x08008df8   0x08008df8   0x0000000c   Code   RO         4867    i.vTaskMissedYield  tasks.o
    0x08008e04   0x08008e04   0x00000038   Code   RO         4869    i.vTaskPlaceOnEventList  tasks.o
    0x08008e3c   0x08008e3c   0x000000b0   Code   RO         4871    i.vTaskPriorityInherit  tasks.o
    0x08008eec   0x08008eec   0x00000030   Code   RO         4874    i.vTaskSetTimeOutState  tasks.o
    0x08008f1c   0x08008f1c   0x00000088   Code   RO         4875    i.vTaskStartScheduler  tasks.o
    0x08008fa4   0x08008fa4   0x00000010   Code   RO         4877    i.vTaskSuspendAll   tasks.o
    0x08008fb4   0x08008fb4   0x0000008c   Code   RO         4878    i.vTaskSwitchContext  tasks.o
    0x08009040   0x08009040   0x0000013c   Code   RO         5245    i.xPortStartScheduler  port.o
    0x0800917c   0x0800917c   0x00000034   Code   RO         5246    i.xPortSysTickHandler  port.o
    0x080091b0   0x080091b0   0x00000022   Code   RO         4627    i.xQueueCreateMutex  queue.o
    0x080091d2   0x080091d2   0x00000058   Code   RO         4628    i.xQueueGenericCreate  queue.o
    0x0800922a   0x0800922a   0x00000002   PAD
    0x0800922c   0x0800922c   0x000001c4   Code   RO         4629    i.xQueueGenericReceive  queue.o
    0x080093f0   0x080093f0   0x00000098   Code   RO         4630    i.xQueueGenericReset  queue.o
    0x08009488   0x08009488   0x000001a8   Code   RO         4631    i.xQueueGenericSend  queue.o
    0x08009630   0x08009630   0x000000f8   Code   RO         4632    i.xQueueGenericSendFromISR  queue.o
    0x08009728   0x08009728   0x000000e0   Code   RO         4633    i.xQueueGiveFromISR  queue.o
    0x08009808   0x08009808   0x000000ca   Code   RO         4637    i.xQueueReceiveFromISR  queue.o
    0x080098d2   0x080098d2   0x00000002   PAD
    0x080098d4   0x080098d4   0x0000008c   Code   RO         4879    i.xTaskCheckForTimeOut  tasks.o
    0x08009960   0x08009960   0x00000060   Code   RO         4880    i.xTaskCreate       tasks.o
    0x080099c0   0x080099c0   0x00000020   Code   RO         4884    i.xTaskGetSchedulerState  tasks.o
    0x080099e0   0x080099e0   0x0000000c   Code   RO         4885    i.xTaskGetTickCount  tasks.o
    0x080099ec   0x080099ec   0x00000014   Code   RO         4886    i.xTaskGetTickCountFromISR  tasks.o
    0x08009a00   0x08009a00   0x00000148   Code   RO         4887    i.xTaskIncrementTick  tasks.o
    0x08009b48   0x08009b48   0x000000c8   Code   RO         4890    i.xTaskPriorityDisinherit  tasks.o
    0x08009c10   0x08009c10   0x00000098   Code   RO         4891    i.xTaskRemoveFromEventList  tasks.o
    0x08009ca8   0x08009ca8   0x00000104   Code   RO         4893    i.xTaskResumeAll    tasks.o
    0x08009dac   0x08009dac   0x00000014   Data   RO          411    .constdata          ethernetif.o
    0x08009dc0   0x08009dc0   0x00000014   Data   RO          626    .constdata          main.o
    0x08009dd4   0x08009dd4   0x00000050   Data   RO         1446    .constdata          tcp.o
    0x08009e24   0x08009e24   0x00000018   Data   RO         1819    .constdata          timeouts.o
    0x08009e3c   0x08009e3c   0x00000008   Data   RO         2122    .constdata          ip4_addr.o
    0x08009e44   0x08009e44   0x0000000c   Data   RO         2982    .constdata          ethernet.o
    0x08009e50   0x08009e50   0x0000000c   Data   RO         3059    .constdata          sys_arch.o
    0x08009e5c   0x08009e5c   0x000000d0   Data   RO         3476    .constdata          memp.o
    0x08009f2c   0x08009f2c   0x00000018   Data   RO         5319    .constdata          system_stm32f4xx.o
    0x08009f44   0x08009f44   0x00000006   Data   RO          412    .conststring        ethernetif.o
    0x08009f4a   0x08009f4a   0x00000002   PAD
    0x08009f4c   0x08009f4c   0x0000000c   Data   RO          627    .conststring        main.o
    0x08009f58   0x08009f58   0x00000075   Data   RO         1447    .conststring        tcp.o
    0x08009fcd   0x08009fcd   0x00000003   PAD
    0x08009fd0   0x08009fd0   0x00000020   Data   RO         8942    Region$$Table       anon$$obj.o


    Execution Region RW_IRAM1 (Exec base: 0x20000000, Load base: 0x08009ff0, Size: 0x0000b868, Max: 0x00030000, ABSOLUTE, COMPRESSED[0x00000014])

    Exec Addr    Load Addr    Size         Type   Attr      Idx    E Section Name        Object

    0x20000000   COMPRESSED   0x00000018   Data   RW           10    .data               lwip.o
    0x20000018   COMPRESSED   0x00000004   Data   RW          413    .data               ethernetif.o
    0x2000001c   COMPRESSED   0x00000004   Data   RW          628    .data               main.o
    0x20000020   COMPRESSED   0x00000002   Data   RW          749    .data               ip4.o
    0x20000022   COMPRESSED   0x00000002   PAD
    0x20000024   COMPRESSED   0x00000010   Data   RW         1261    .data               mem.o
    0x20000034   COMPRESSED   0x00000028   Data   RW         1320    .data               tcp_in.o
    0x2000005c   COMPRESSED   0x00000020   Data   RW         1448    .data               tcp.o
    0x2000007c   COMPRESSED   0x0000000c   Data   RW         1820    .data               timeouts.o
    0x20000088   COMPRESSED   0x00000008   Data   RW         2618    .data               udp.o
    0x20000090   COMPRESSED   0x00000006   Data   RW         2737    .data               ip4_frag.o
    0x20000096   COMPRESSED   0x00000002   PAD
    0x20000098   COMPRESSED   0x00000008   Data   RW         3060    .data               sys_arch.o
    0x200000a0   COMPRESSED   0x00000034   Data   RW         3477    .data               memp.o
    0x200000d4   COMPRESSED   0x00000010   Data   RW         3583    .data               tcpip.o
    0x200000e4   COMPRESSED   0x00000009   Data   RW         3730    .data               netif.o
    0x200000ed   COMPRESSED   0x00000001   Data   RW         3847    .data               etharp.o
    0x200000ee   COMPRESSED   0x00000002   PAD
    0x200000f0   COMPRESSED   0x0000003c   Data   RW         4896    .data               tasks.o
    0x2000012c   COMPRESSED   0x00000018   Data   RW         5184    .data               heap_4.o
    0x20000144   COMPRESSED   0x0000000c   Data   RW         5247    .data               port.o
    0x20000150   COMPRESSED   0x00000004   Data   RW         5320    .data               system_stm32f4xx.o
    0x20000154   COMPRESSED   0x00000004   Data   RW         5682    .data               stm32f4xx_hal.o
    0x20000158        -       0x00000030   Zero   RW            9    .bss                lwip.o
    0x20000188        -       0x000030e8   Zero   RW          410    .bss                ethernetif.o
    0x20003270        -       0x0000003c   Zero   RW          496    .bss                stm32f4xx_hal_timebase_tim.o
    0x200032ac        -       0x000000ec   Zero   RW          625    .bss                main.o
    0x20003398        -       0x00000653   Zero   RW         1260    .bss                mem.o
    0x200039eb   COMPRESSED   0x00000001   PAD
    0x200039ec        -       0x00000010   Zero   RW         1319    .bss                tcp_in.o
    0x200039fc        -       0x00003073   Zero   RW         3475    .bss                memp.o
    0x20006a6f   COMPRESSED   0x00000001   PAD
    0x20006a70        -       0x00000018   Zero   RW         3673    .bss                ip.o
    0x20006a88        -       0x000000f0   Zero   RW         3846    .bss                etharp.o
    0x20006b78        -       0x000000f0   Zero   RW         4895    .bss                tasks.o
    0x20006c68        -       0x00003c00   Zero   RW         5183    .bss                heap_4.o
    0x2000a868        -       0x00001000   Zero   RW         4220    STACK               startup_stm32f429xx.o


==============================================================================

Image component sizes


      Code (inc. data)   RO Data    RW Data    ZI Data      Debug   Object Name

       850         24          0          0          0      22746   cmsis_os.o
        38          0          0          0          0       1106   def.o
      2182         64          0          1        240      11807   etharp.o
       286          4         12          0          0       2678   ethernet.o
      1144         86         26          4      12520      10284   ethernetif.o
       692         62          0         24      15360       7227   heap_4.o
       528          4          0          0          0       3906   icmp.o
        36          0          0          0          0        536   init.o
         0          0          0          0         24       2970   ip.o
       846         30          0          2          0      17291   ip4.o
        78          0          8          0          0       6714   ip4_addr.o
      1764         38          0          6          0      10786   ip4_frag.o
       148          0          0          0          0       3470   list.o
       248         36          0         24         48     819272   lwip.o
      1022        146         32          4        236       5771   main.o
       912         80          0         16       1619       5397   mem.o
       238         14        208         52      12403      10816   memp.o
       424         20          0          9          0       9479   netif.o
      1400         12          0          0          0      10746   pbuf.o
       958         92          0         12          0      11797   port.o
      2238         16          0          0          0      24624   queue.o
         0          0          0          0          0        712   sockets.o
        36          8        428          0       4096        788   startup_stm32f429xx.o
       118         16          0          4          0       3684   stm32f4xx_hal.o
       338         22          0          0          0      31385   stm32f4xx_hal_cortex.o
      2840         52          0          0          0      14780   stm32f4xx_hal_eth.o
       540         54          0          0          0       1640   stm32f4xx_hal_gpio.o
       296         10          0          0          0       1879   stm32f4xx_hal_i2c.o
       394         40          0          0          0       2797   stm32f4xx_hal_msp.o
       140         12          0          0          0       1248   stm32f4xx_hal_pwr_ex.o
      1744         84          0          0          0       5977   stm32f4xx_hal_rcc.o
       140          0          0          0          0       1091   stm32f4xx_hal_spi.o
       726         44          0          0          0       6102   stm32f4xx_hal_tim.o
         4          0          0          0          0       1530   stm32f4xx_hal_tim_ex.o
       140         18          0          0         60       1448   stm32f4xx_hal_timebase_tim.o
       986          8          0          0          0       1788   stm32f4xx_hal_uart.o
        60         12          0          0          0       7507   stm32f4xx_it.o
       362         26         12          8          0      13976   sys_arch.o
       100         18         24          4          0       1107   system_stm32f4xx.o
      2764        368          0         60        240      23350   tasks.o
      2992        170        197         32          0      28728   tcp.o
      5040        324          0         40         16      18219   tcp_in.o
      2220         10          0          0          0      12363   tcp_out.o
       376         64          0         16          0       5815   tcpip.o
       652         90         24         12          0       7092   timeouts.o
       438         20          0          8          0       5118   udp.o

    ----------------------------------------------------------------------
     39530       2198       1008        344      46864    1199547   Object Totals
         0          0         32          0          0          0   (incl. Generated)
        52          0          5          6          2          0   (incl. Padding)

    ----------------------------------------------------------------------

      Code (inc. data)   RO Data    RW Data    ZI Data      Debug   Library Member Name

        58          0          0          0          0          0   __dczerorl.o
         0          0          0          0          0          0   entry.o
         0          0          0          0          0          0   entry10a.o
         0          0          0          0          0          0   entry11a.o
         8          4          0          0          0          0   entry2.o
         4          0          0          0          0          0   entry5.o
         0          0          0          0          0          0   entry7b.o
         0          0          0          0          0          0   entry8b.o
         8          4          0          0          0          0   entry9a.o
        30          0          0          0          0          0   handlers.o
        36          8          0          0          0         68   init.o
        30          0          0          0          0         68   llshl.o
        32          0          0          0          0         68   llushr.o
        26          0          0          0          0         80   memcmp.o
        36          0          0          0          0         68   memcpya.o
        36          0          0          0          0        108   memseta.o
        98          0          0          0          0         92   uldiv.o

    ----------------------------------------------------------------------
       406         16          0          0          0        552   Library Totals
         4          0          0          0          0          0   (incl. Padding)

    ----------------------------------------------------------------------

      Code (inc. data)   RO Data    RW Data    ZI Data      Debug   Library Name

       402         16          0          0          0        552   mc_w.l

    ----------------------------------------------------------------------
       406         16          0          0          0        552   Library Totals

    ----------------------------------------------------------------------

==============================================================================


      Code (inc. data)   RO Data    RW Data    ZI Data      Debug   

     39936       2214       1008        344      46864    1170175   Grand Totals
     39936       2214       1008         20      46864    1170175   ELF Image Totals (compressed)
     39936       2214       1008         20          0          0   ROM Totals

==============================================================================

    Total RO  Size (Code + RO Data)                40944 (  39.98kB)
    Total RW  Size (RW Data + ZI Data)             47208 (  46.10kB)
    Total ROM Size (Code + RO Data + RW Data)      40964 (  40.00kB)

==============================================================================

