Archive member included to satisfy reference by file (symbol)

c:/users/user/.p2/pool/plugins/fr.ac6.mcu.externaltools.arm-none.win32_1.13.2.201703061525/tools/compiler/bin/../lib/gcc/arm-none-eabi/5.4.1/../../../../arm-none-eabi/lib/armv7e-m/fpu\libc_nano.a(lib_a-exit.o)
                              c:/users/user/.p2/pool/plugins/fr.ac6.mcu.externaltools.arm-none.win32_1.13.2.201703061525/tools/compiler/bin/../lib/gcc/arm-none-eabi/5.4.1/../../../../arm-none-eabi/lib/armv7e-m/fpu/crt0.o (exit)
c:/users/user/.p2/pool/plugins/fr.ac6.mcu.externaltools.arm-none.win32_1.13.2.201703061525/tools/compiler/bin/../lib/gcc/arm-none-eabi/5.4.1/../../../../arm-none-eabi/lib/armv7e-m/fpu\libc_nano.a(lib_a-impure.o)
                              c:/users/user/.p2/pool/plugins/fr.ac6.mcu.externaltools.arm-none.win32_1.13.2.201703061525/tools/compiler/bin/../lib/gcc/arm-none-eabi/5.4.1/../../../../arm-none-eabi/lib/armv7e-m/fpu\libc_nano.a(lib_a-exit.o) (_global_impure_ptr)
c:/users/user/.p2/pool/plugins/fr.ac6.mcu.externaltools.arm-none.win32_1.13.2.201703061525/tools/compiler/bin/../lib/gcc/arm-none-eabi/5.4.1/../../../../arm-none-eabi/lib/armv7e-m/fpu\libc_nano.a(lib_a-init.o)
                              c:/users/user/.p2/pool/plugins/fr.ac6.mcu.externaltools.arm-none.win32_1.13.2.201703061525/tools/compiler/bin/../lib/gcc/arm-none-eabi/5.4.1/../../../../arm-none-eabi/lib/armv7e-m/fpu/crt0.o (__libc_init_array)
c:/users/user/.p2/pool/plugins/fr.ac6.mcu.externaltools.arm-none.win32_1.13.2.201703061525/tools/compiler/bin/../lib/gcc/arm-none-eabi/5.4.1/../../../../arm-none-eabi/lib/armv7e-m/fpu\libc_nano.a(lib_a-memset.o)
                              c:/users/user/.p2/pool/plugins/fr.ac6.mcu.externaltools.arm-none.win32_1.13.2.201703061525/tools/compiler/bin/../lib/gcc/arm-none-eabi/5.4.1/../../../../arm-none-eabi/lib/armv7e-m/fpu/crt0.o (memset)
c:/users/user/.p2/pool/plugins/fr.ac6.mcu.externaltools.arm-none.win32_1.13.2.201703061525/tools/compiler/bin/../lib/gcc/arm-none-eabi/5.4.1/../../../../arm-none-eabi/lib/armv7e-m/fpu\libnosys.a(_exit.o)
                              c:/users/user/.p2/pool/plugins/fr.ac6.mcu.externaltools.arm-none.win32_1.13.2.201703061525/tools/compiler/bin/../lib/gcc/arm-none-eabi/5.4.1/../../../../arm-none-eabi/lib/armv7e-m/fpu\libc_nano.a(lib_a-exit.o) (_exit)

Allocating common symbols
Common symbol       size              file

hi2c3               0x54              Src/main.o
hspi5               0x58              Src/main.o
uwTick              0x4               Drivers/STM32F4xx_HAL_Driver/Src/stm32f4xx_hal.o
pFlash              0x20              Drivers/STM32F4xx_HAL_Driver/Src/stm32f4xx_hal_flash.o
hltdc               0xa8              Src/main.o
huart1              0x40              Src/main.o
hsdram1             0x34              Src/main.o
I2cHandle           0x54              Drivers/BSP/STM32F429I-Discovery/stm32f429i_discovery.o

Discarded input sections

 .text          0x00000000        0x0 c:/users/user/.p2/pool/plugins/fr.ac6.mcu.externaltools.arm-none.win32_1.13.2.201703061525/tools/compiler/bin/../lib/gcc/arm-none-eabi/5.4.1/armv7e-m/fpu/crti.o
 .data          0x00000000        0x0 c:/users/user/.p2/pool/plugins/fr.ac6.mcu.externaltools.arm-none.win32_1.13.2.201703061525/tools/compiler/bin/../lib/gcc/arm-none-eabi/5.4.1/armv7e-m/fpu/crti.o
 .bss           0x00000000        0x0 c:/users/user/.p2/pool/plugins/fr.ac6.mcu.externaltools.arm-none.win32_1.13.2.201703061525/tools/compiler/bin/../lib/gcc/arm-none-eabi/5.4.1/armv7e-m/fpu/crti.o
 .data          0x00000000        0x4 c:/users/user/.p2/pool/plugins/fr.ac6.mcu.externaltools.arm-none.win32_1.13.2.201703061525/tools/compiler/bin/../lib/gcc/arm-none-eabi/5.4.1/armv7e-m/fpu/crtbegin.o
 .text          0x00000000       0x74 c:/users/user/.p2/pool/plugins/fr.ac6.mcu.externaltools.arm-none.win32_1.13.2.201703061525/tools/compiler/bin/../lib/gcc/arm-none-eabi/5.4.1/../../../../arm-none-eabi/lib/armv7e-m/fpu/crt0.o
 .data          0x00000000        0x0 c:/users/user/.p2/pool/plugins/fr.ac6.mcu.externaltools.arm-none.win32_1.13.2.201703061525/tools/compiler/bin/../lib/gcc/arm-none-eabi/5.4.1/../../../../arm-none-eabi/lib/armv7e-m/fpu/crt0.o
 .bss           0x00000000        0x0 c:/users/user/.p2/pool/plugins/fr.ac6.mcu.externaltools.arm-none.win32_1.13.2.201703061525/tools/compiler/bin/../lib/gcc/arm-none-eabi/5.4.1/../../../../arm-none-eabi/lib/armv7e-m/fpu/crt0.o
 .ARM.extab     0x00000000        0x0 c:/users/user/.p2/pool/plugins/fr.ac6.mcu.externaltools.arm-none.win32_1.13.2.201703061525/tools/compiler/bin/../lib/gcc/arm-none-eabi/5.4.1/../../../../arm-none-eabi/lib/armv7e-m/fpu/crt0.o
 .ARM.exidx     0x00000000        0x8 c:/users/user/.p2/pool/plugins/fr.ac6.mcu.externaltools.arm-none.win32_1.13.2.201703061525/tools/compiler/bin/../lib/gcc/arm-none-eabi/5.4.1/../../../../arm-none-eabi/lib/armv7e-m/fpu/crt0.o
 .ARM.attributes
[...]
Memory Configuration

Name             Origin             Length             Attributes
RAM              0x20000000         0x00030000         xrw
CCMRAM           0x10000000         0x00010000         rw
FLASH            0x08000000         0x00200000         xr
*default*        0x00000000         0xffffffff

Linker script and memory map

LOAD c:/users/user/.p2/pool/plugins/fr.ac6.mcu.externaltools.arm-none.win32_1.13.2.201703061525/tools/compiler/bin/../lib/gcc/arm-none-eabi/5.4.1/armv7e-m/fpu/crti.o
LOAD c:/users/user/.p2/pool/plugins/fr.ac6.mcu.externaltools.arm-none.win32_1.13.2.201703061525/tools/compiler/bin/../lib/gcc/arm-none-eabi/5.4.1/armv7e-m/fpu/crtbegin.o
LOAD c:/users/user/.p2/pool/plugins/fr.ac6.mcu.externaltools.arm-none.win32_1.13.2.201703061525/tools/compiler/bin/../lib/gcc/arm-none-eabi/5.4.1/../../../../arm-none-eabi/lib/armv7e-m/fpu/crt0.o
LOAD c:/users/user/.p2/pool/plugins/fr.ac6.mcu.externaltools.arm-none.win32_1.13.2.201703061525/tools/compiler/bin/../lib/gcc/arm-none-eabi/5.4.1/../../../../arm-none-eabi/lib/armv7e-m/fpu\libm.a
LOAD Drivers/BSP/STM32F429I-Discovery/stm32f429i_discovery.o
LOAD Drivers/STM32F4xx_HAL_Driver/Src/stm32f4xx_hal.o
LOAD Drivers/STM32F4xx_HAL_Driver/Src/stm32f4xx_hal_cortex.o
LOAD Drivers/STM32F4xx_HAL_Driver/Src/stm32f4xx_hal_dma.o
LOAD Drivers/STM32F4xx_HAL_Driver/Src/stm32f4xx_hal_dma_ex.o
LOAD Drivers/STM32F4xx_HAL_Driver/Src/stm32f4xx_hal_dsi.o
LOAD Drivers/STM32F4xx_HAL_Driver/Src/stm32f4xx_hal_flash.o
LOAD Drivers/STM32F4xx_HAL_Driver/Src/stm32f4xx_hal_flash_ex.o
LOAD Drivers/STM32F4xx_HAL_Driver/Src/stm32f4xx_hal_flash_ramfunc.o
LOAD Drivers/STM32F4xx_HAL_Driver/Src/stm32f4xx_hal_gpio.o
LOAD Drivers/STM32F4xx_HAL_Driver/Src/stm32f4xx_hal_i2c.o
LOAD Drivers/STM32F4xx_HAL_Driver/Src/stm32f4xx_hal_i2c_ex.o
LOAD Drivers/STM32F4xx_HAL_Driver/Src/stm32f4xx_hal_ltdc.o
LOAD Drivers/STM32F4xx_HAL_Driver/Src/stm32f4xx_hal_ltdc_ex.o
LOAD Drivers/STM32F4xx_HAL_Driver/Src/stm32f4xx_hal_pwr.o
LOAD Drivers/STM32F4xx_HAL_Driver/Src/stm32f4xx_hal_pwr_ex.o
LOAD Drivers/STM32F4xx_HAL_Driver/Src/stm32f4xx_hal_rcc.o
LOAD Drivers/STM32F4xx_HAL_Driver/Src/stm32f4xx_hal_rcc_ex.o
LOAD Drivers/STM32F4xx_HAL_Driver/Src/stm32f4xx_hal_sdram.o
LOAD Drivers/STM32F4xx_HAL_Driver/Src/stm32f4xx_hal_spi.o
LOAD Drivers/STM32F4xx_HAL_Driver/Src/stm32f4xx_hal_tim.o
LOAD Drivers/STM32F4xx_HAL_Driver/Src/stm32f4xx_hal_tim_ex.o
LOAD Drivers/STM32F4xx_HAL_Driver/Src/stm32f4xx_hal_uart.o
LOAD Drivers/STM32F4xx_HAL_Driver/Src/stm32f4xx_ll_fmc.o
LOAD Src/main.o
LOAD Src/malloc.o
LOAD Src/stm32f4xx_hal_msp.o
LOAD Src/stm32f4xx_it.o
LOAD Src/system_stm32f4xx.o
LOAD Src/threads.o
LOAD startup/startup_stm32f429xx.o
START GROUP
LOAD c:/users/user/.p2/pool/plugins/fr.ac6.mcu.externaltools.arm-none.win32_1.13.2.201703061525/tools/compiler/bin/../lib/gcc/arm-none-eabi/5.4.1/armv7e-m/fpu\libgcc.a
LOAD c:/users/user/.p2/pool/plugins/fr.ac6.mcu.externaltools.arm-none.win32_1.13.2.201703061525/tools/compiler/bin/../lib/gcc/arm-none-eabi/5.4.1/../../../../arm-none-eabi/lib/armv7e-m/fpu\libc_nano.a
END GROUP
START GROUP
LOAD c:/users/user/.p2/pool/plugins/fr.ac6.mcu.externaltools.arm-none.win32_1.13.2.201703061525/tools/compiler/bin/../lib/gcc/arm-none-eabi/5.4.1/armv7e-m/fpu\libgcc.a
LOAD c:/users/user/.p2/pool/plugins/fr.ac6.mcu.externaltools.arm-none.win32_1.13.2.201703061525/tools/compiler/bin/../lib/gcc/arm-none-eabi/5.4.1/../../../../arm-none-eabi/lib/armv7e-m/fpu\libc_nano.a
LOAD c:/users/user/.p2/pool/plugins/fr.ac6.mcu.externaltools.arm-none.win32_1.13.2.201703061525/tools/compiler/bin/../lib/gcc/arm-none-eabi/5.4.1/../../../../arm-none-eabi/lib/armv7e-m/fpu\libnosys.a
END GROUP
START GROUP
LOAD c:/users/user/.p2/pool/plugins/fr.ac6.mcu.externaltools.arm-none.win32_1.13.2.201703061525/tools/compiler/bin/../lib/gcc/arm-none-eabi/5.4.1/armv7e-m/fpu\libgcc.a
LOAD c:/users/user/.p2/pool/plugins/fr.ac6.mcu.externaltools.arm-none.win32_1.13.2.201703061525/tools/compiler/bin/../lib/gcc/arm-none-eabi/5.4.1/../../../../arm-none-eabi/lib/armv7e-m/fpu\libc_nano.a
LOAD c:/users/user/.p2/pool/plugins/fr.ac6.mcu.externaltools.arm-none.win32_1.13.2.201703061525/tools/compiler/bin/../lib/gcc/arm-none-eabi/5.4.1/../../../../arm-none-eabi/lib/armv7e-m/fpu\libnosys.a
END GROUP
LOAD c:/users/user/.p2/pool/plugins/fr.ac6.mcu.externaltools.arm-none.win32_1.13.2.201703061525/tools/compiler/bin/../lib/gcc/arm-none-eabi/5.4.1/armv7e-m/fpu/crtend.o
LOAD c:/users/user/.p2/pool/plugins/fr.ac6.mcu.externaltools.arm-none.win32_1.13.2.201703061525/tools/compiler/bin/../lib/gcc/arm-none-eabi/5.4.1/armv7e-m/fpu/crtn.o
                0x20030000                _estack = 0x20030000
                0x00000200                _Min_Heap_Size = 0x200
                0x00000400                _Min_Stack_Size = 0x400

.isr_vector     0x08000000      0x1ac
                0x08000000                . = ALIGN (0x4)
 *(.isr_vector)
 .isr_vector    0x08000000      0x1ac startup/startup_stm32f429xx.o
                0x08000000                g_pfnVectors
                0x080001ac                . = ALIGN (0x4)

.text           0x080001ac     0x2530
                0x080001ac                . = ALIGN (0x4)
 *(.text)
 .text          0x080001ac       0x5c c:/users/user/.p2/pool/plugins/fr.ac6.mcu.externaltools.arm-none.win32_1.13.2.201703061525/tools/compiler/bin/../lib/gcc/arm-none-eabi/5.4.1/armv7e-m/fpu/crtbegin.o
 *(.text*)
 .text.BSP_LED_Toggle
                0x08000208       0x20 Drivers/BSP/STM32F429I-Discovery/stm32f429i_discovery.o
                0x08000208                BSP_LED_Toggle
 .text.HAL_InitTick
                0x08000228       0x2c Drivers/STM32F4xx_HAL_Driver/Src/stm32f4xx_hal.o
                0x08000228                HAL_InitTick
 .text.HAL_Init
                0x08000254       0x34 Drivers/STM32F4xx_HAL_Driver/Src/stm32f4xx_hal.o
                0x08000254                HAL_Init
 .text.HAL_IncTick
                0x08000288       0x10 Drivers/STM32F4xx_HAL_Driver/Src/stm32f4xx_hal.o
                0x08000288                HAL_IncTick
 .text.HAL_GetTick
                0x08000298        0xc Drivers/STM32F4xx_HAL_Driver/Src/stm32f4xx_hal.o
                0x08000298                HAL_GetTick
 .text.HAL_NVIC_SetPriorityGrouping
                0x080002a4       0x24 Drivers/STM32F4xx_HAL_Driver/Src/stm32f4xx_hal_cortex.o
                0x080002a4                HAL_NVIC_SetPriorityGrouping
 .text.HAL_NVIC_SetPriority
                0x080002c8       0x64 Drivers/STM32F4xx_HAL_Driver/Src/stm32f4xx_hal_cortex.o
                0x080002c8                HAL_NVIC_SetPriority
 .text.HAL_SYSTICK_Config
                0x0800032c       0x2c Drivers/STM32F4xx_HAL_Driver/Src/stm32f4xx_hal_cortex.o
                0x0800032c                HAL_SYSTICK_Config
 .text.HAL_NVIC_SetPendingIRQ
                0x08000358       0x1c Drivers/STM32F4xx_HAL_Driver/Src/stm32f4xx_hal_cortex.o
                0x08000358                HAL_NVIC_SetPendingIRQ
 .text.HAL_SYSTICK_CLKSourceConfig
                0x08000374       0x20 Drivers/STM32F4xx_HAL_Driver/Src/stm32f4xx_hal_cortex.o
                0x08000374                HAL_SYSTICK_CLKSourceConfig
 .text.HAL_SYSTICK_Callback
                0x08000394        0x4 Drivers/STM32F4xx_HAL_Driver/Src/stm32f4xx_hal_cortex.o
                0x08000394                HAL_SYSTICK_Callback
 .text.HAL_SYSTICK_IRQHandler
                0x08000398        0x8 Drivers/STM32F4xx_HAL_Driver/Src/stm32f4xx_hal_cortex.o
                0x08000398                HAL_SYSTICK_IRQHandler
 .text.HAL_GPIO_Init
                0x080003a0      0x1d8 Drivers/STM32F4xx_HAL_Driver/Src/stm32f4xx_hal_gpio.o
                0x080003a0                HAL_GPIO_Init
 .text.HAL_GPIO_WritePin
                0x08000578        0xc Drivers/STM32F4xx_HAL_Driver/Src/stm32f4xx_hal_gpio.o
                0x08000578                HAL_GPIO_WritePin
 .text.HAL_GPIO_TogglePin
                0x08000584        0x8 Drivers/STM32F4xx_HAL_Driver/Src/stm32f4xx_hal_gpio.o
                0x08000584                HAL_GPIO_TogglePin
 .text.HAL_I2C_Init
                0x0800058c      0x11c Drivers/STM32F4xx_HAL_Driver/Src/stm32f4xx_hal_i2c.o
                0x0800058c                HAL_I2C_Init
 .text.LTDC_SetConfig
                0x080006a8      0x198 Drivers/STM32F4xx_HAL_Driver/Src/stm32f4xx_hal_ltdc.o
 .text.HAL_LTDC_Init
                0x08000840       0xf4 Drivers/STM32F4xx_HAL_Driver/Src/stm32f4xx_hal_ltdc.o
                0x08000840                HAL_LTDC_Init
 .text.HAL_LTDC_ConfigLayer
                0x08000934       0x5c Drivers/STM32F4xx_HAL_Driver/Src/stm32f4xx_hal_ltdc.o
                0x08000934                HAL_LTDC_ConfigLayer
 .text.HAL_RCC_OscConfig
                0x08000990      0x3c8 Drivers/STM32F4xx_HAL_Driver/Src/stm32f4xx_hal_rcc.o
                0x08000990                HAL_RCC_OscConfig
 .text.HAL_RCC_GetSysClockFreq
                0x08000d58       0xa4 Drivers/STM32F4xx_HAL_Driver/Src/stm32f4xx_hal_rcc.o
                0x08000d58                HAL_RCC_GetSysClockFreq
 .text.HAL_RCC_ClockConfig
                0x08000dfc      0x1b0 Drivers/STM32F4xx_HAL_Driver/Src/stm32f4xx_hal_rcc.o
                0x08000dfc                HAL_RCC_ClockConfig
 .text.HAL_RCC_GetHCLKFreq
                0x08000fac        0xc Drivers/STM32F4xx_HAL_Driver/Src/stm32f4xx_hal_rcc.o
                0x08000fac                HAL_RCC_GetHCLKFreq
 .text.HAL_RCC_GetPCLK1Freq
                0x08000fb8       0x30 Drivers/STM32F4xx_HAL_Driver/Src/stm32f4xx_hal_rcc.o
                0x08000fb8                HAL_RCC_GetPCLK1Freq
 .text.HAL_RCC_GetPCLK2Freq
                0x08000fe8       0x30 Drivers/STM32F4xx_HAL_Driver/Src/stm32f4xx_hal_rcc.o
                0x08000fe8                HAL_RCC_GetPCLK2Freq
 .text.HAL_RCCEx_PeriphCLKConfig
                0x08001018      0x30c Drivers/STM32F4xx_HAL_Driver/Src/stm32f4xx_hal_rcc_ex.o
                0x08001018                HAL_RCCEx_PeriphCLKConfig
 .text.HAL_SDRAM_Init
                0x08001324       0x44 Drivers/STM32F4xx_HAL_Driver/Src/stm32f4xx_hal_sdram.o
                0x08001324                HAL_SDRAM_Init
 .text.HAL_SPI_Init
                0x08001368       0x84 Drivers/STM32F4xx_HAL_Driver/Src/stm32f4xx_hal_spi.o
                0x08001368                HAL_SPI_Init
 .text.UART_SetConfig
                0x080013ec      0x32c Drivers/STM32F4xx_HAL_Driver/Src/stm32f4xx_hal_uart.o
 .text.UART_WaitOnFlagUntilTimeout
                0x08001718       0x68 Drivers/STM32F4xx_HAL_Driver/Src/stm32f4xx_hal_uart.o
 .text.HAL_UART_Init
                0x08001780       0x64 Drivers/STM32F4xx_HAL_Driver/Src/stm32f4xx_hal_uart.o
                0x08001780                HAL_UART_Init
 .text.HAL_UART_Transmit
                0x080017e4       0xe4 Drivers/STM32F4xx_HAL_Driver/Src/stm32f4xx_hal_uart.o
                0x080017e4                HAL_UART_Transmit
 .text.FMC_SDRAM_Init
                0x080018c8       0x7c Drivers/STM32F4xx_HAL_Driver/Src/stm32f4xx_ll_fmc.o
                0x080018c8                FMC_SDRAM_Init
 .text.FMC_SDRAM_Timing_Init
                0x08001944       0x9c Drivers/STM32F4xx_HAL_Driver/Src/stm32f4xx_ll_fmc.o
                0x08001944                FMC_SDRAM_Timing_Init
 .text.delay    0x080019e0       0x20 Src/main.o
 .text.MX_GPIO_Init
                0x08001a00      0x1cc Src/main.o
 .text.Toggle_Leds
                0x08001bcc       0x28 Src/main.o
                0x08001bcc                Toggle_Leds
 .text.puts     0x08001bf4       0x2c Src/main.o
                0x08001bf4                puts
 .text.busy_loop
                0x08001c20       0x20 Src/main.o
 .text.test1    0x08001c40        0x8 Src/main.o
                0x08001c40                test1
 .text.test2    0x08001c48        0x8 Src/main.o
                0x08001c48                test2
 .text.test3    0x08001c50        0x8 Src/main.o
                0x08001c50                test3
 .text._Error_Handler
                0x08001c58        0x4 Src/main.o
                0x08001c58                _Error_Handler
 .text.MX_FMC_Init
                0x08001c5c       0x5c Src/main.o
 .text.MX_I2C3_Init
                0x08001cb8       0x40 Src/main.o
 .text.MX_LTDC_Init
                0x08001cf8       0xe8 Src/main.o
 .text.MX_SPI5_Init
                0x08001de0       0x48 Src/main.o
 .text.MX_USART1_UART_Init
                0x08001e28       0x3c Src/main.o
 .text.SystemClock_Config
                0x08001e64       0xec Src/main.o
                0x08001e64                SystemClock_Config
 .text.main     0x08001f50       0x88 Src/main.o
                0x08001f50                main
 .text.sbrk     0x08001fd8       0x30 Src/malloc.o
 .text.free     0x08002008       0x7c Src/malloc.o
                0x08002008                free
 .text.malloc   0x08002084       0x78 Src/malloc.o
                0x08002084                malloc
 .text.HAL_FMC_MspInit
                0x080020fc       0xe0 Src/stm32f4xx_hal_msp.o
 .text.HAL_MspInit
                0x080021dc       0x60 Src/stm32f4xx_hal_msp.o
                0x080021dc                HAL_MspInit
 .text.HAL_I2C_MspInit
                0x0800223c       0x70 Src/stm32f4xx_hal_msp.o
                0x0800223c                HAL_I2C_MspInit
 .text.HAL_LTDC_MspInit
                0x080022ac      0x108 Src/stm32f4xx_hal_msp.o
                0x080022ac                HAL_LTDC_MspInit
 .text.HAL_SPI_MspInit
                0x080023b4       0x54 Src/stm32f4xx_hal_msp.o
                0x080023b4                HAL_SPI_MspInit
 .text.HAL_UART_MspInit
                0x08002408       0x58 Src/stm32f4xx_hal_msp.o
                0x08002408                HAL_UART_MspInit
 .text.HAL_SDRAM_MspInit
                0x08002460        0x8 Src/stm32f4xx_hal_msp.o
                0x08002460                HAL_SDRAM_MspInit
 .text.SVC_Handler
                0x08002468        0x4 Src/stm32f4xx_it.o
                0x08002468                SVC_Handler
 .text.SysTick_Handler
                0x0800246c       0x18 Src/stm32f4xx_it.o
                0x0800246c                SysTick_Handler
 .text.SystemInit
                0x08002484       0x4c Src/system_stm32f4xx.o
                0x08002484                SystemInit
 .text.PendSV_Handler
                0x080024d0       0x58 Src/threads.o
                0x080024d0                PendSV_Handler
 .text.thread_start
                0x08002528       0x30 Src/threads.o
                0x08002528                thread_start
 .text.thread_create
                0x08002558       0x9c Src/threads.o
                0x08002558                thread_create
 .text.thread_kill
                0x080025f4       0x1c Src/threads.o
                0x080025f4                thread_kill
 .text.thread_self_terminal
                0x08002610       0x14 Src/threads.o
                0x08002610                thread_self_terminal
 .text.Reset_Handler
                0x08002624       0x50 startup/startup_stm32f429xx.o
                0x08002624                Reset_Handler
 .text.Default_Handler
                0x08002674        0x2 startup/startup_stm32f429xx.o
                0x08002674                RTC_Alarm_IRQHandler
                0x08002674                HASH_RNG_IRQHandler
                0x08002674                EXTI2_IRQHandler
                0x08002674                TIM8_CC_IRQHandler
                0x08002674                DebugMon_Handler
                0x08002674                UART8_IRQHandler
                0x08002674                SPI4_IRQHandler
                0x08002674                TIM1_CC_IRQHandler
                0x08002674                DMA2_Stream5_IRQHandler
                0x08002674                HardFault_Handler
                0x08002674                DMA1_Stream5_IRQHandler
                0x08002674                PVD_IRQHandler
                0x08002674                SDIO_IRQHandler
                0x08002674                TAMP_STAMP_IRQHandler
                0x08002674                NMI_Handler
                0x08002674                CAN2_RX1_IRQHandler
                0x08002674                EXTI3_IRQHandler
                0x08002674                TIM8_TRG_COM_TIM14_IRQHandler
                0x08002674                TIM1_UP_TIM10_IRQHandler
                0x08002674                TIM8_UP_TIM13_IRQHandler
                0x08002674                I2C3_ER_IRQHandler
                0x08002674                EXTI0_IRQHandler
                0x08002674                I2C2_EV_IRQHandler
                0x08002674                DMA1_Stream2_IRQHandler
                0x08002674                CAN1_RX0_IRQHandler
                0x08002674                FPU_IRQHandler
                0x08002674                OTG_HS_WKUP_IRQHandler
                0x08002674                UsageFault_Handler
                0x08002674                LTDC_ER_IRQHandler
                0x08002674                CAN2_SCE_IRQHandler
                0x08002674                DMA2_Stream2_IRQHandler
                0x08002674                SPI1_IRQHandler
                0x08002674                TIM6_DAC_IRQHandler
                0x08002674                TIM1_BRK_TIM9_IRQHandler
                0x08002674                DCMI_IRQHandler
                0x08002674                CAN2_RX0_IRQHandler
                0x08002674                DMA2_Stream3_IRQHandler
                0x08002674                USART6_IRQHandler
                0x08002674                USART3_IRQHandler
                0x08002674                CAN1_RX1_IRQHandler
                0x08002674                UART5_IRQHandler
                0x08002674                DMA2_Stream0_IRQHandler
                0x08002674                TIM4_IRQHandler
                0x08002674                I2C1_EV_IRQHandler
                0x08002674                DMA1_Stream6_IRQHandler
                0x08002674                DMA1_Stream1_IRQHandler
                0x08002674                UART4_IRQHandler
                0x08002674                TIM3_IRQHandler
                0x08002674                RCC_IRQHandler
                0x08002674                TIM8_BRK_TIM12_IRQHandler
                0x08002674                Default_Handler
                0x08002674                EXTI15_10_IRQHandler
                0x08002674                ADC_IRQHandler
                0x08002674                DMA1_Stream7_IRQHandler
                0x08002674                SPI5_IRQHandler
                0x08002674                TIM7_IRQHandler
                0x08002674                CAN2_TX_IRQHandler
                0x08002674                TIM5_IRQHandler
                0x08002674                DMA2_Stream7_IRQHandler
                0x08002674                I2C3_EV_IRQHandler
                0x08002674                EXTI9_5_IRQHandler
                0x08002674                RTC_WKUP_IRQHandler
                0x08002674                LTDC_IRQHandler
                0x08002674                ETH_WKUP_IRQHandler
                0x08002674                SPI2_IRQHandler
                0x08002674                OTG_HS_EP1_IN_IRQHandler
                0x08002674                MemManage_Handler
                0x08002674                DMA1_Stream0_IRQHandler
                0x08002674                CAN1_TX_IRQHandler
                0x08002674                EXTI4_IRQHandler
                0x08002674                ETH_IRQHandler
                0x08002674                OTG_HS_EP1_OUT_IRQHandler
                0x08002674                WWDG_IRQHandler
                0x08002674                SPI6_IRQHandler
                0x08002674                TIM2_IRQHandler
                0x08002674                OTG_FS_WKUP_IRQHandler
                0x08002674                TIM1_TRG_COM_TIM11_IRQHandler
                0x08002674                OTG_HS_IRQHandler
                0x08002674                DMA2D_IRQHandler
                0x08002674                EXTI1_IRQHandler
                0x08002674                UART7_IRQHandler
                0x08002674                USART2_IRQHandler
                0x08002674                I2C2_ER_IRQHandler
                0x08002674                DMA2_Stream1_IRQHandler
                0x08002674                CAN1_SCE_IRQHandler
                0x08002674                FLASH_IRQHandler
                0x08002674                DMA2_Stream4_IRQHandler
                0x08002674                BusFault_Handler
                0x08002674                USART1_IRQHandler
                0x08002674                OTG_FS_IRQHandler
                0x08002674                SPI3_IRQHandler
                0x08002674                DMA1_Stream4_IRQHandler
                0x08002674                I2C1_ER_IRQHandler
                0x08002674                FMC_IRQHandler
                0x08002674                DMA2_Stream6_IRQHandler
                0x08002674                SAI1_IRQHandler
                0x08002674                DMA1_Stream3_IRQHandler
 *fill*         0x08002676        0x2 
 .text.__libc_init_array
                0x08002678       0x4c c:/users/user/.p2/pool/plugins/fr.ac6.mcu.externaltools.arm-none.win32_1.13.2.201703061525/tools/compiler/bin/../lib/gcc/arm-none-eabi/5.4.1/../../../../arm-none-eabi/lib/armv7e-m/fpu\libc_nano.a(lib_a-init.o)
                0x08002678                __libc_init_array
 *(.glue_7)
 .glue_7        0x080026c4        0x0 linker stubs
 *(.glue_7t)
 .glue_7t       0x080026c4        0x0 linker stubs
 *(.eh_frame)
 .eh_frame      0x080026c4        0x0 c:/users/user/.p2/pool/plugins/fr.ac6.mcu.externaltools.arm-none.win32_1.13.2.201703061525/tools/compiler/bin/../lib/gcc/arm-none-eabi/5.4.1/armv7e-m/fpu/crtbegin.o
 *(.init)
 .init          0x080026c4        0x4 c:/users/user/.p2/pool/plugins/fr.ac6.mcu.externaltools.arm-none.win32_1.13.2.201703061525/tools/compiler/bin/../lib/gcc/arm-none-eabi/5.4.1/armv7e-m/fpu/crti.o
                0x080026c4                _init
 .init          0x080026c8        0x8 c:/users/user/.p2/pool/plugins/fr.ac6.mcu.externaltools.arm-none.win32_1.13.2.201703061525/tools/compiler/bin/../lib/gcc/arm-none-eabi/5.4.1/armv7e-m/fpu/crtn.o
 *(.fini)
 .fini          0x080026d0        0x4 c:/users/user/.p2/pool/plugins/fr.ac6.mcu.externaltools.arm-none.win32_1.13.2.201703061525/tools/compiler/bin/../lib/gcc/arm-none-eabi/5.4.1/armv7e-m/fpu/crti.o
                0x080026d0                _fini
 .fini          0x080026d4        0x8 c:/users/user/.p2/pool/plugins/fr.ac6.mcu.externaltools.arm-none.win32_1.13.2.201703061525/tools/compiler/bin/../lib/gcc/arm-none-eabi/5.4.1/armv7e-m/fpu/crtn.o
                0x080026dc                . = ALIGN (0x4)
                0x080026dc                _etext = .

.vfp11_veneer   0x080026dc        0x0
 .vfp11_veneer  0x080026dc        0x0 linker stubs

.v4_bx          0x080026dc        0x0
 .v4_bx         0x080026dc        0x0 linker stubs

.iplt           0x080026dc        0x0
 .iplt          0x080026dc        0x0 c:/users/user/.p2/pool/plugins/fr.ac6.mcu.externaltools.arm-none.win32_1.13.2.201703061525/tools/compiler/bin/../lib/gcc/arm-none-eabi/5.4.1/armv7e-m/fpu/crtbegin.o

.rodata         0x080026dc       0xb0
                0x080026dc                . = ALIGN (0x4)
 *(.rodata)
 .rodata        0x080026dc        0xa Drivers/BSP/STM32F429I-Discovery/stm32f429i_discovery.o
                0x080026dc                GPIO_PIN
                0x080026e0                BUTTON_IRQn
                0x080026e4                BUTTON_PIN
 *fill*         0x080026e6        0x2 
 .rodata        0x080026e8       0x18 Src/system_stm32f4xx.o
                0x080026e8                AHBPrescTable
                0x080026f8                APBPrescTable
 *(.rodata*)
 .rodata.str1.4
                0x08002700       0x8c Src/main.o
                                 0x8b (size before relaxing)
                0x0800278c                . = ALIGN (0x4)

.rel.dyn        0x0800278c        0x0
 .rel.iplt      0x0800278c        0x0 c:/users/user/.p2/pool/plugins/fr.ac6.mcu.externaltools.arm-none.win32_1.13.2.201703061525/tools/compiler/bin/../lib/gcc/arm-none-eabi/5.4.1/armv7e-m/fpu/crtbegin.o

.ARM.extab
 *(.ARM.extab* .gnu.linkonce.armextab.*)

.ARM            0x0800278c        0x0
                0x0800278c                __exidx_start = .
 *(.ARM.exidx*)
                0x0800278c                __exidx_end = .

.preinit_array  0x0800278c        0x0
                0x0800278c                PROVIDE (__preinit_array_start, .)
 *(.preinit_array*)
                0x0800278c                PROVIDE (__preinit_array_end, .)

.init_array     0x0800278c        0x4
                0x0800278c                PROVIDE (__init_array_start, .)
 *(SORT(.init_array.*))
 *(.init_array*)
 .init_array    0x0800278c        0x4 c:/users/user/.p2/pool/plugins/fr.ac6.mcu.externaltools.arm-none.win32_1.13.2.201703061525/tools/compiler/bin/../lib/gcc/arm-none-eabi/5.4.1/armv7e-m/fpu/crtbegin.o
                0x08002790                PROVIDE (__init_array_end, .)

.fini_array     0x08002790        0x4
                [!provide]                PROVIDE (__fini_array_start, .)
 *(SORT(.fini_array.*))
 *(.fini_array*)
 .fini_array    0x08002790        0x4 c:/users/user/.p2/pool/plugins/fr.ac6.mcu.externaltools.arm-none.win32_1.13.2.201703061525/tools/compiler/bin/../lib/gcc/arm-none-eabi/5.4.1/armv7e-m/fpu/crtbegin.o
                [!provide]                PROVIDE (__fini_array_end, .)
                0x08002794                _sidata = LOADADDR (.data)

.data           0x20000000       0x20 load address 0x08002794
                0x20000000                . = ALIGN (0x4)
                0x20000000                _sdata = .
 *(.data)
 .data          0x20000000       0x14 Drivers/BSP/STM32F429I-Discovery/stm32f429i_discovery.o
                0x20000000                SpixTimeout
                0x20000004                I2cxTimeout
                0x20000008                GPIO_PORT
                0x20000010                BUTTON_PORT
 .data          0x20000014        0x4 Src/malloc.o
 .data          0x20000018        0x4 Src/system_stm32f4xx.o
                0x20000018                SystemCoreClock
 .data          0x2000001c        0x4 Src/threads.o
 *(.data*)
                0x20000020                . = ALIGN (0x4)
                0x20000020                _edata = .
                0x080027b4                _siccmram = LOADADDR (.ccmram)

.jcr            0x20000020        0x0 load address 0x080027b4
 .jcr           0x20000020        0x0 c:/users/user/.p2/pool/plugins/fr.ac6.mcu.externaltools.arm-none.win32_1.13.2.201703061525/tools/compiler/bin/../lib/gcc/arm-none-eabi/5.4.1/armv7e-m/fpu/crtbegin.o

.igot.plt       0x20000020        0x0 load address 0x080027b4
 .igot.plt      0x20000020        0x0 c:/users/user/.p2/pool/plugins/fr.ac6.mcu.externaltools.arm-none.win32_1.13.2.201703061525/tools/compiler/bin/../lib/gcc/arm-none-eabi/5.4.1/armv7e-m/fpu/crtbegin.o

.ccmram         0x10000000        0x0 load address 0x080027b4
                0x10000000                . = ALIGN (0x4)
                0x10000000                _sccmram = .
 *(.ccmram)
 *(.ccmram*)
                0x10000000                . = ALIGN (0x4)
                0x10000000                _eccmram = .
                0x10000000                . = ALIGN (0x4)

.bss            0x20000020     0x127c
                0x20000020                _sbss = .
                0x20000020                __bss_start__ = _sbss
 *(.bss)
 .bss           0x20000020       0x1c c:/users/user/.p2/pool/plugins/fr.ac6.mcu.externaltools.arm-none.win32_1.13.2.201703061525/tools/compiler/bin/../lib/gcc/arm-none-eabi/5.4.1/armv7e-m/fpu/crtbegin.o
 .bss           0x2000003c        0x4 Src/main.o
 .bss           0x20000040     0x100c Src/malloc.o
 .bss           0x2000104c        0x8 Src/stm32f4xx_hal_msp.o
 .bss           0x20001054       0x7c Src/threads.o
 *(.bss*)
 *(COMMON)
 COMMON         0x200010d0        0x4 Drivers/STM32F4xx_HAL_Driver/Src/stm32f4xx_hal.o
                0x200010d0                uwTick
 COMMON         0x200010d4      0x1c8 Src/main.o
                0x200010d4                hi2c3
                0x20001128                hspi5
                0x20001180                hltdc
                0x20001228                huart1
                0x20001268                hsdram1
                0x2000129c                . = ALIGN (0x4)
                0x2000129c                _ebss = .
                0x2000129c                __bss_end__ = _ebss

._user_heap_stack
                0x2000129c      0x604
                0x200012a0                . = ALIGN (0x8)
 *fill*         0x2000129c        0x4 
                [!provide]                PROVIDE (end, .)
                [!provide]                PROVIDE (_end, .)
                0x200014a0                . = (. + _Min_Heap_Size)
 *fill*         0x200012a0      0x200 
                0x200018a0                . = (. + _Min_Stack_Size)
 *fill*         0x200014a0      0x400 
                0x200018a0                . = ALIGN (0x8)

/DISCARD/
 libc.a(*)
 libm.a(*)
 libgcc.a(*)

.ARM.attributes
                0x00000000       0x30
 *(.ARM.attributes)
 .ARM.attributes
                0x00000000       0x22 c:/users/user/.p2/pool/plugins/fr.ac6.mcu.externaltools.arm-none.win32_1.13.2.201703061525/tools/compiler/bin/../lib/gcc/arm-none-eabi/5.4.1/armv7e-m/fpu/crti.o
 .ARM.attributes
                0x00000022       0x34 c:/users/user/.p2/pool/plugins/fr.ac6.mcu.externaltools.arm-none.win32_1.13.2.201703061525/tools/compiler/bin/../lib/gcc/arm-none-eabi/5.4.1/armv7e-m/fpu/crtbegin.o
 .ARM.attributes
                0x00000056       0x39 Drivers/BSP/STM32F429I-Discovery/stm32f429i_discovery.o
 .ARM.attributes
                0x0000008f       0x39 Drivers/STM32F4xx_HAL_Driver/Src/stm32f4xx_hal.o
 .ARM.attributes
                0x000000c8       0x39 Drivers/STM32F4xx_HAL_Driver/Src/stm32f4xx_hal_cortex.o
 .ARM.attributes
                0x00000101       0x39 Drivers/STM32F4xx_HAL_Driver/Src/stm32f4xx_hal_gpio.o
 .ARM.attributes
                0x0000013a       0x39 Drivers/STM32F4xx_HAL_Driver/Src/stm32f4xx_hal_i2c.o
 .ARM.attributes
                0x00000173       0x39 Drivers/STM32F4xx_HAL_Driver/Src/stm32f4xx_hal_ltdc.o
 .ARM.attributes
                0x000001ac       0x39 Drivers/STM32F4xx_HAL_Driver/Src/stm32f4xx_hal_rcc.o
 .ARM.attributes
                0x000001e5       0x39 Drivers/STM32F4xx_HAL_Driver/Src/stm32f4xx_hal_rcc_ex.o
 .ARM.attributes
                0x0000021e       0x39 Drivers/STM32F4xx_HAL_Driver/Src/stm32f4xx_hal_sdram.o
 .ARM.attributes
                0x00000257       0x39 Drivers/STM32F4xx_HAL_Driver/Src/stm32f4xx_hal_spi.o
 .ARM.attributes
                0x00000290       0x39 Drivers/STM32F4xx_HAL_Driver/Src/stm32f4xx_hal_uart.o
 .ARM.attributes
                0x000002c9       0x39 Drivers/STM32F4xx_HAL_Driver/Src/stm32f4xx_ll_fmc.o
 .ARM.attributes
                0x00000302       0x39 Src/main.o
 .ARM.attributes
                0x0000033b       0x39 Src/malloc.o
 .ARM.attributes
                0x00000374       0x39 Src/stm32f4xx_hal_msp.o
 .ARM.attributes
                0x000003ad       0x39 Src/stm32f4xx_it.o
 .ARM.attributes
                0x000003e6       0x39 Src/system_stm32f4xx.o
 .ARM.attributes
                0x0000041f       0x39 Src/threads.o
 .ARM.attributes
                0x00000458       0x21 startup/startup_stm32f429xx.o
 .ARM.attributes
                0x00000479       0x34 c:/users/user/.p2/pool/plugins/fr.ac6.mcu.externaltools.arm-none.win32_1.13.2.201703061525/tools/compiler/bin/../lib/gcc/arm-none-eabi/5.4.1/../../../../arm-none-eabi/lib/armv7e-m/fpu\libc_nano.a(lib_a-init.o)
 .ARM.attributes
                0x000004ad       0x22 c:/users/user/.p2/pool/plugins/fr.ac6.mcu.externaltools.arm-none.win32_1.13.2.201703061525/tools/compiler/bin/../lib/gcc/arm-none-eabi/5.4.1/armv7e-m/fpu/crtn.o
OUTPUT(TTT.elf elf32-littlearm)

.debug_info     0x00000000    0x13040
 .debug_info    0x00000000     0x2046 Drivers/BSP/STM32F429I-Discovery/stm32f429i_discovery.o
 .debug_info    0x00002046      0x9f8 Drivers/STM32F4xx_HAL_Driver/Src/stm32f4xx_hal.o
 .debug_info    0x00002a3e      0xf43 Drivers/STM32F4xx_HAL_Driver/Src/stm32f4xx_hal_cortex.o
 .debug_info    0x00003981      0x744 Drivers/STM32F4xx_HAL_Driver/Src/stm32f4xx_hal_gpio.o
 .debug_info    0x000040c5     0x2e95 Drivers/STM32F4xx_HAL_Driver/Src/stm32f4xx_hal_i2c.o
 .debug_info    0x00006f5a     0x12fb Drivers/STM32F4xx_HAL_Driver/Src/stm32f4xx_hal_ltdc.o
 .debug_info    0x00008255      0xcff Drivers/STM32F4xx_HAL_Driver/Src/stm32f4xx_hal_rcc.o
 .debug_info    0x00008f54      0x948 Drivers/STM32F4xx_HAL_Driver/Src/stm32f4xx_hal_rcc_ex.o
 .debug_info    0x0000989c      0xda4 Drivers/STM32F4xx_HAL_Driver/Src/stm32f4xx_hal_sdram.o
 .debug_info    0x0000a640     0x19ea Drivers/STM32F4xx_HAL_Driver/Src/stm32f4xx_hal_spi.o
 .debug_info    0x0000c02a     0x16b4 Drivers/STM32F4xx_HAL_Driver/Src/stm32f4xx_hal_uart.o
 .debug_info    0x0000d6de      0xec1 Drivers/STM32F4xx_HAL_Driver/Src/stm32f4xx_ll_fmc.o
 .debug_info    0x0000e59f     0x21a8 Src/main.o
 .debug_info    0x00010747      0x21a Src/malloc.o
 .debug_info    0x00010961     0x1bb8 Src/stm32f4xx_hal_msp.o
 .debug_info    0x00012519      0x389 Src/stm32f4xx_it.o
 .debug_info    0x000128a2      0x51a Src/system_stm32f4xx.o
 .debug_info    0x00012dbc      0x223 Src/threads.o
 .debug_info    0x00012fdf       0x61 startup/startup_stm32f429xx.o

.debug_abbrev   0x00000000     0x247c
 .debug_abbrev  0x00000000      0x281 Drivers/BSP/STM32F429I-Discovery/stm32f429i_discovery.o
 .debug_abbrev  0x00000281      0x25c Drivers/STM32F4xx_HAL_Driver/Src/stm32f4xx_hal.o
 .debug_abbrev  0x000004dd      0x2fe Drivers/STM32F4xx_HAL_Driver/Src/stm32f4xx_hal_cortex.o
 .debug_abbrev  0x000007db      0x1cd Drivers/STM32F4xx_HAL_Driver/Src/stm32f4xx_hal_gpio.o
 .debug_abbrev  0x000009a8      0x237 Drivers/STM32F4xx_HAL_Driver/Src/stm32f4xx_hal_i2c.o
 .debug_abbrev  0x00000bdf      0x206 Drivers/STM32F4xx_HAL_Driver/Src/stm32f4xx_hal_ltdc.o
 .debug_abbrev  0x00000de5      0x2b0 Drivers/STM32F4xx_HAL_Driver/Src/stm32f4xx_hal_rcc.o
 .debug_abbrev  0x00001095      0x1ee Drivers/STM32F4xx_HAL_Driver/Src/stm32f4xx_hal_rcc_ex.o
 .debug_abbrev  0x00001283      0x214 Drivers/STM32F4xx_HAL_Driver/Src/stm32f4xx_hal_sdram.o
 .debug_abbrev  0x00001497      0x23d Drivers/STM32F4xx_HAL_Driver/Src/stm32f4xx_hal_spi.o
 .debug_abbrev  0x000016d4      0x26f Drivers/STM32F4xx_HAL_Driver/Src/stm32f4xx_hal_uart.o
 .debug_abbrev  0x00001943      0x19f Drivers/STM32F4xx_HAL_Driver/Src/stm32f4xx_ll_fmc.o
 .debug_abbrev  0x00001ae2      0x2bc Src/main.o
 .debug_abbrev  0x00001d9e      0x16b Src/malloc.o
 .debug_abbrev  0x00001f09      0x1fb Src/stm32f4xx_hal_msp.o
 .debug_abbrev  0x00002104       0xeb Src/stm32f4xx_it.o
 .debug_abbrev  0x000021ef      0x104 Src/system_stm32f4xx.o
 .debug_abbrev  0x000022f3      0x177 Src/threads.o
 .debug_abbrev  0x0000246a       0x12 startup/startup_stm32f429xx.o

.debug_loc      0x00000000     0xa9d3
 .debug_loc     0x00000000      0x82b Drivers/BSP/STM32F429I-Discovery/stm32f429i_discovery.o
 .debug_loc     0x0000082b       0xbd Drivers/STM32F4xx_HAL_Driver/Src/stm32f4xx_hal.o
 .debug_loc     0x000008e8      0x548 Drivers/STM32F4xx_HAL_Driver/Src/stm32f4xx_hal_cortex.o
 .debug_loc     0x00000e30      0x38f Drivers/STM32F4xx_HAL_Driver/Src/stm32f4xx_hal_gpio.o
 .debug_loc     0x000011bf     0x2ed2 Drivers/STM32F4xx_HAL_Driver/Src/stm32f4xx_hal_i2c.o
 .debug_loc     0x00004091     0x17bc Drivers/STM32F4xx_HAL_Driver/Src/stm32f4xx_hal_ltdc.o
 .debug_loc     0x0000584d      0x622 Drivers/STM32F4xx_HAL_Driver/Src/stm32f4xx_hal_rcc.o
 .debug_loc     0x00005e6f      0x446 Drivers/STM32F4xx_HAL_Driver/Src/stm32f4xx_hal_rcc_ex.o
 .debug_loc     0x000062b5      0xc11 Drivers/STM32F4xx_HAL_Driver/Src/stm32f4xx_hal_sdram.o
 .debug_loc     0x00006ec6     0x17a8 Drivers/STM32F4xx_HAL_Driver/Src/stm32f4xx_hal_spi.o
 .debug_loc     0x0000866e     0x137a Drivers/STM32F4xx_HAL_Driver/Src/stm32f4xx_hal_uart.o
 .debug_loc     0x000099e8      0x994 Drivers/STM32F4xx_HAL_Driver/Src/stm32f4xx_ll_fmc.o
 .debug_loc     0x0000a37c      0x100 Src/main.o
 .debug_loc     0x0000a47c      0x1a8 Src/malloc.o
 .debug_loc     0x0000a624      0x176 Src/stm32f4xx_hal_msp.o
 .debug_loc     0x0000a79a      0x132 Src/system_stm32f4xx.o
 .debug_loc     0x0000a8cc      0x107 Src/threads.o

.debug_aranges  0x00000000      0xee8
 .debug_aranges
                0x00000000      0x138 Drivers/BSP/STM32F429I-Discovery/stm32f429i_discovery.o
 .debug_aranges
                0x00000138       0xd8 Drivers/STM32F4xx_HAL_Driver/Src/stm32f4xx_hal.o
 .debug_aranges
                0x00000210       0xa8 Drivers/STM32F4xx_HAL_Driver/Src/stm32f4xx_hal_cortex.o
 .debug_aranges
                0x000002b8       0x58 Drivers/STM32F4xx_HAL_Driver/Src/stm32f4xx_hal_gpio.o
 .debug_aranges
                0x00000310      0x268 Drivers/STM32F4xx_HAL_Driver/Src/stm32f4xx_hal_i2c.o
 .debug_aranges
                0x00000578      0x158 Drivers/STM32F4xx_HAL_Driver/Src/stm32f4xx_hal_ltdc.o
 .debug_aranges
                0x000006d0       0x88 Drivers/STM32F4xx_HAL_Driver/Src/stm32f4xx_hal_rcc.o
 .debug_aranges
                0x00000758       0x38 Drivers/STM32F4xx_HAL_Driver/Src/stm32f4xx_hal_rcc_ex.o
 .debug_aranges
                0x00000790       0xd0 Drivers/STM32F4xx_HAL_Driver/Src/stm32f4xx_hal_sdram.o
 .debug_aranges
                0x00000860      0x1c8 Drivers/STM32F4xx_HAL_Driver/Src/stm32f4xx_hal_spi.o
 .debug_aranges
                0x00000a28      0x1d0 Drivers/STM32F4xx_HAL_Driver/Src/stm32f4xx_hal_uart.o
 .debug_aranges
                0x00000bf8       0xf0 Drivers/STM32F4xx_HAL_Driver/Src/stm32f4xx_ll_fmc.o
 .debug_aranges
                0x00000ce8       0x98 Src/main.o
 .debug_aranges
                0x00000d80       0x30 Src/malloc.o
 .debug_aranges
                0x00000db0       0x80 Src/stm32f4xx_hal_msp.o
 .debug_aranges
                0x00000e30       0x28 Src/stm32f4xx_it.o
 .debug_aranges
                0x00000e58       0x28 Src/system_stm32f4xx.o
 .debug_aranges
                0x00000e80       0x40 Src/threads.o
 .debug_aranges
                0x00000ec0       0x28 startup/startup_stm32f429xx.o

.debug_ranges   0x00000000      0xdc0
 .debug_ranges  0x00000000      0x128 Drivers/BSP/STM32F429I-Discovery/stm32f429i_discovery.o
 .debug_ranges  0x00000128       0xc8 Drivers/STM32F4xx_HAL_Driver/Src/stm32f4xx_hal.o
 .debug_ranges  0x000001f0       0x98 Drivers/STM32F4xx_HAL_Driver/Src/stm32f4xx_hal_cortex.o
 .debug_ranges  0x00000288       0x48 Drivers/STM32F4xx_HAL_Driver/Src/stm32f4xx_hal_gpio.o
 .debug_ranges  0x000002d0      0x258 Drivers/STM32F4xx_HAL_Driver/Src/stm32f4xx_hal_i2c.o
 .debug_ranges  0x00000528      0x148 Drivers/STM32F4xx_HAL_Driver/Src/stm32f4xx_hal_ltdc.o
 .debug_ranges  0x00000670       0x78 Drivers/STM32F4xx_HAL_Driver/Src/stm32f4xx_hal_rcc.o
 .debug_ranges  0x000006e8       0x28 Drivers/STM32F4xx_HAL_Driver/Src/stm32f4xx_hal_rcc_ex.o
 .debug_ranges  0x00000710       0xc0 Drivers/STM32F4xx_HAL_Driver/Src/stm32f4xx_hal_sdram.o
 .debug_ranges  0x000007d0      0x1b8 Drivers/STM32F4xx_HAL_Driver/Src/stm32f4xx_hal_spi.o
 .debug_ranges  0x00000988      0x1c0 Drivers/STM32F4xx_HAL_Driver/Src/stm32f4xx_hal_uart.o
 .debug_ranges  0x00000b48       0xe0 Drivers/STM32F4xx_HAL_Driver/Src/stm32f4xx_ll_fmc.o
 .debug_ranges  0x00000c28       0x88 Src/main.o
 .debug_ranges  0x00000cb0       0x20 Src/malloc.o
 .debug_ranges  0x00000cd0       0x70 Src/stm32f4xx_hal_msp.o
 .debug_ranges  0x00000d40       0x18 Src/stm32f4xx_it.o
 .debug_ranges  0x00000d58       0x18 Src/system_stm32f4xx.o
 .debug_ranges  0x00000d70       0x30 Src/threads.o
 .debug_ranges  0x00000da0       0x20 startup/startup_stm32f429xx.o

.debug_macro    0x00000000    0x25774
 .debug_macro   0x00000000      0x379 Drivers/BSP/STM32F429I-Discovery/stm32f429i_discovery.o
 .debug_macro   0x00000379      0x898 Drivers/BSP/STM32F429I-Discovery/stm32f429i_discovery.o
 .debug_macro   0x00000c11      0x4df Drivers/BSP/STM32F429I-Discovery/stm32f429i_discovery.o
 .debug_macro   0x000010f0      0x192 Drivers/BSP/STM32F429I-Discovery/stm32f429i_discovery.o
 .debug_macro   0x00001282       0x33 Drivers/BSP/STM32F429I-Discovery/stm32f429i_discovery.o
 .debug_macro   0x000012b5       0x28 Drivers/BSP/STM32F429I-Discovery/stm32f429i_discovery.o
 .debug_macro   0x000012dd       0x22 Drivers/BSP/STM32F429I-Discovery/stm32f429i_discovery.o
 .debug_macro   0x000012ff       0x87 Drivers/BSP/STM32F429I-Discovery/stm32f429i_discovery.o
 .debug_macro   0x00001386       0x44 Drivers/BSP/STM32F429I-Discovery/stm32f429i_discovery.o
 .debug_macro   0x000013ca       0xfd Drivers/BSP/STM32F429I-Discovery/stm32f429i_discovery.o
 .debug_macro   0x000014c7       0x5e Drivers/BSP/STM32F429I-Discovery/stm32f429i_discovery.o
 .debug_macro   0x00001525      0x1df Drivers/BSP/STM32F429I-Discovery/stm32f429i_discovery.o
 .debug_macro   0x00001704       0x35 Drivers/BSP/STM32F429I-Discovery/stm32f429i_discovery.o
 .debug_macro   0x00001739       0x50 Drivers/BSP/STM32F429I-Discovery/stm32f429i_discovery.o
 .debug_macro   0x00001789      0xe66 Drivers/BSP/STM32F429I-Discovery/stm32f429i_discovery.o
 .debug_macro   0x000025ef    0x17f45 Drivers/BSP/STM32F429I-Discovery/stm32f429i_discovery.o
 .debug_macro   0x0001a534       0x43 Drivers/BSP/STM32F429I-Discovery/stm32f429i_discovery.o
 .debug_macro   0x0001a577     0x35e4 Drivers/BSP/STM32F429I-Discovery/stm32f429i_discovery.o
 .debug_macro   0x0001db5b       0x52 Drivers/BSP/STM32F429I-Discovery/stm32f429i_discovery.o
 .debug_macro   0x0001dbad       0x35 Drivers/BSP/STM32F429I-Discovery/stm32f429i_discovery.o
 .debug_macro   0x0001dbe2       0x9c Drivers/BSP/STM32F429I-Discovery/stm32f429i_discovery.o
 .debug_macro   0x0001dc7e       0x16 Drivers/BSP/STM32F429I-Discovery/stm32f429i_discovery.o
 .debug_macro   0x0001dc94       0x97 Drivers/BSP/STM32F429I-Discovery/stm32f429i_discovery.o
 .debug_macro   0x0001dd2b      0x30d Drivers/BSP/STM32F429I-Discovery/stm32f429i_discovery.o
 .debug_macro   0x0001e038       0xfd Drivers/BSP/STM32F429I-Discovery/stm32f429i_discovery.o
 .debug_macro   0x0001e135       0x10 Drivers/BSP/STM32F429I-Discovery/stm32f429i_discovery.o
 .debug_macro   0x0001e145       0x52 Drivers/BSP/STM32F429I-Discovery/stm32f429i_discovery.o
 .debug_macro   0x0001e197       0x1f Drivers/BSP/STM32F429I-Discovery/stm32f429i_discovery.o
 .debug_macro   0x0001e1b6       0x43 Drivers/BSP/STM32F429I-Discovery/stm32f429i_discovery.o
 .debug_macro   0x0001e1f9       0x20 Drivers/BSP/STM32F429I-Discovery/stm32f429i_discovery.o
 .debug_macro   0x0001e219      0x187 Drivers/BSP/STM32F429I-Discovery/stm32f429i_discovery.o
 .debug_macro   0x0001e3a0       0x10 Drivers/BSP/STM32F429I-Discovery/stm32f429i_discovery.o
 .debug_macro   0x0001e3b0       0x1c Drivers/BSP/STM32F429I-Discovery/stm32f429i_discovery.o
 .debug_macro   0x0001e3cc       0x52 Drivers/BSP/STM32F429I-Discovery/stm32f429i_discovery.o
 .debug_macro   0x0001e41e       0x40 Drivers/BSP/STM32F429I-Discovery/stm32f429i_discovery.o
 .debug_macro   0x0001e45e       0x10 Drivers/BSP/STM32F429I-Discovery/stm32f429i_discovery.o
 .debug_macro   0x0001e46e       0x40 Drivers/BSP/STM32F429I-Discovery/stm32f429i_discovery.o
 .debug_macro   0x0001e4ae       0xd7 Drivers/BSP/STM32F429I-Discovery/stm32f429i_discovery.o
 .debug_macro   0x0001e585       0x16 Drivers/BSP/STM32F429I-Discovery/stm32f429i_discovery.o
 .debug_macro   0x0001e59b      0x18b Drivers/BSP/STM32F429I-Discovery/stm32f429i_discovery.o
 .debug_macro   0x0001e726       0x50 Drivers/BSP/STM32F429I-Discovery/stm32f429i_discovery.o
 .debug_macro   0x0001e776      0xca5 Drivers/BSP/STM32F429I-Discovery/stm32f429i_discovery.o
 .debug_macro   0x0001f41b      0x9e1 Drivers/BSP/STM32F429I-Discovery/stm32f429i_discovery.o
 .debug_macro   0x0001fdfc      0x11e Drivers/BSP/STM32F429I-Discovery/stm32f429i_discovery.o
 .debug_macro   0x0001ff1a      0x161 Drivers/BSP/STM32F429I-Discovery/stm32f429i_discovery.o
 .debug_macro   0x0002007b       0x27 Drivers/BSP/STM32F429I-Discovery/stm32f429i_discovery.o
 .debug_macro   0x000200a2      0x287 Drivers/BSP/STM32F429I-Discovery/stm32f429i_discovery.o
 .debug_macro   0x00020329       0x5f Drivers/BSP/STM32F429I-Discovery/stm32f429i_discovery.o
 .debug_macro   0x00020388      0x23a Drivers/BSP/STM32F429I-Discovery/stm32f429i_discovery.o
 .debug_macro   0x000205c2      0x13a Drivers/BSP/STM32F429I-Discovery/stm32f429i_discovery.o
 .debug_macro   0x000206fc      0x41d Drivers/BSP/STM32F429I-Discovery/stm32f429i_discovery.o
 .debug_macro   0x00020b19       0x2e Drivers/BSP/STM32F429I-Discovery/stm32f429i_discovery.o
 .debug_macro   0x00020b47      0x582 Drivers/BSP/STM32F429I-Discovery/stm32f429i_discovery.o
 .debug_macro   0x000210c9      0x1a7 Drivers/BSP/STM32F429I-Discovery/stm32f429i_discovery.o
 .debug_macro   0x00021270       0x22 Drivers/BSP/STM32F429I-Discovery/stm32f429i_discovery.o
 .debug_macro   0x00021292       0xa5 Drivers/BSP/STM32F429I-Discovery/stm32f429i_discovery.o
 .debug_macro   0x00021337      0x198 Drivers/BSP/STM32F429I-Discovery/stm32f429i_discovery.o
 .debug_macro   0x000214cf       0xd6 Drivers/BSP/STM32F429I-Discovery/stm32f429i_discovery.o
 .debug_macro   0x000215a5      0x11e Drivers/BSP/STM32F429I-Discovery/stm32f429i_discovery.o
 .debug_macro   0x000216c3       0xe2 Drivers/BSP/STM32F429I-Discovery/stm32f429i_discovery.o
 .debug_macro   0x000217a5       0x89 Drivers/BSP/STM32F429I-Discovery/stm32f429i_discovery.o
 .debug_macro   0x0002182e      0x202 Drivers/BSP/STM32F429I-Discovery/stm32f429i_discovery.o
 .debug_macro   0x00021a30      0x287 Drivers/BSP/STM32F429I-Discovery/stm32f429i_discovery.o
 .debug_macro   0x00021cb7      0x12c Drivers/BSP/STM32F429I-Discovery/stm32f429i_discovery.o
 .debug_macro   0x00021de3      0x25f Drivers/BSP/STM32F429I-Discovery/stm32f429i_discovery.o
 .debug_macro   0x00022042      0x3ac Drivers/STM32F4xx_HAL_Driver/Src/stm32f4xx_hal.o
 .debug_macro   0x000223ee      0x34c Drivers/STM32F4xx_HAL_Driver/Src/stm32f4xx_hal_cortex.o
 .debug_macro   0x0002273a      0x384 Drivers/STM32F4xx_HAL_Driver/Src/stm32f4xx_hal_gpio.o
 .debug_macro   0x00022abe      0x38c Drivers/STM32F4xx_HAL_Driver/Src/stm32f4xx_hal_i2c.o
 .debug_macro   0x00022e4a      0x34c Drivers/STM32F4xx_HAL_Driver/Src/stm32f4xx_hal_ltdc.o
 .debug_macro   0x00023196      0x376 Drivers/STM32F4xx_HAL_Driver/Src/stm32f4xx_hal_rcc.o
 .debug_macro   0x0002350c      0x34c Drivers/STM32F4xx_HAL_Driver/Src/stm32f4xx_hal_rcc_ex.o
 .debug_macro   0x00023858      0x34c Drivers/STM32F4xx_HAL_Driver/Src/stm32f4xx_hal_sdram.o
 .debug_macro   0x00023ba4      0x354 Drivers/STM32F4xx_HAL_Driver/Src/stm32f4xx_hal_spi.o
 .debug_macro   0x00023ef8      0x34d Drivers/STM32F4xx_HAL_Driver/Src/stm32f4xx_hal_uart.o
 .debug_macro   0x00024245      0x34c Drivers/STM32F4xx_HAL_Driver/Src/stm32f4xx_ll_fmc.o
 .debug_macro   0x00024591      0x363 Src/main.o
 .debug_macro   0x000248f4      0x265 Src/main.o
 .debug_macro   0x00024b59       0x2d Src/malloc.o
 .debug_macro   0x00024b86      0x174 Src/malloc.o
 .debug_macro   0x00024cfa      0x34c Src/stm32f4xx_hal_msp.o
 .debug_macro   0x00025046      0x356 Src/stm32f4xx_it.o
 .debug_macro   0x0002539c      0x352 Src/system_stm32f4xx.o
 .debug_macro   0x000256ee       0x86 Src/threads.o

.debug_line     0x00000000     0xc3b4
 .debug_line    0x00000000      0xb0d Drivers/BSP/STM32F429I-Discovery/stm32f429i_discovery.o
 .debug_line    0x00000b0d      0x989 Drivers/STM32F4xx_HAL_Driver/Src/stm32f4xx_hal.o
 .debug_line    0x00001496      0x9b6 Drivers/STM32F4xx_HAL_Driver/Src/stm32f4xx_hal_cortex.o
 .debug_line    0x00001e4c      0x944 Drivers/STM32F4xx_HAL_Driver/Src/stm32f4xx_hal_gpio.o
 .debug_line    0x00002790     0x17f3 Drivers/STM32F4xx_HAL_Driver/Src/stm32f4xx_hal_i2c.o
 .debug_line    0x00003f83     0x1093 Drivers/STM32F4xx_HAL_Driver/Src/stm32f4xx_hal_ltdc.o
 .debug_line    0x00005016      0xad6 Drivers/STM32F4xx_HAL_Driver/Src/stm32f4xx_hal_rcc.o
 .debug_line    0x00005aec      0x980 Drivers/STM32F4xx_HAL_Driver/Src/stm32f4xx_hal_rcc_ex.o
 .debug_line    0x0000646c      0xab9 Drivers/STM32F4xx_HAL_Driver/Src/stm32f4xx_hal_sdram.o
 .debug_line    0x00006f25     0x1124 Drivers/STM32F4xx_HAL_Driver/Src/stm32f4xx_hal_spi.o
 .debug_line    0x00008049     0x1053 Drivers/STM32F4xx_HAL_Driver/Src/stm32f4xx_hal_uart.o
 .debug_line    0x0000909c      0xb11 Drivers/STM32F4xx_HAL_Driver/Src/stm32f4xx_ll_fmc.o
 .debug_line    0x00009bad      0x9ec Src/main.o
 .debug_line    0x0000a599      0x170 Src/malloc.o
 .debug_line    0x0000a709      0x91d Src/stm32f4xx_hal_msp.o
 .debug_line    0x0000b026      0x7c9 Src/stm32f4xx_it.o
 .debug_line    0x0000b7ef      0x7d2 Src/system_stm32f4xx.o
 .debug_line    0x0000bfc1      0x374 Src/threads.o
 .debug_line    0x0000c335       0x7f startup/startup_stm32f429xx.o

.debug_str      0x00000000    0xd627d
 .debug_str     0x00000000    0xd283e Drivers/BSP/STM32F429I-Discovery/stm32f429i_discovery.o
                              0xd2bf7 (size before relaxing)
 .debug_str     0x000d283e      0x5d2 Drivers/STM32F4xx_HAL_Driver/Src/stm32f4xx_hal.o
                              0xd1567 (size before relaxing)
 .debug_str     0x000d2e10      0x38a Drivers/STM32F4xx_HAL_Driver/Src/stm32f4xx_hal_cortex.o
                              0xd12e1 (size before relaxing)
 .debug_str     0x000d319a      0x1c8 Drivers/STM32F4xx_HAL_Driver/Src/stm32f4xx_hal_gpio.o
                              0xd0c23 (size before relaxing)
 .debug_str     0x000d3362      0xa5b Drivers/STM32F4xx_HAL_Driver/Src/stm32f4xx_hal_i2c.o
                              0xd182b (size before relaxing)
 .debug_str     0x000d3dbd      0x6f9 Drivers/STM32F4xx_HAL_Driver/Src/stm32f4xx_hal_ltdc.o
                              0xd102a (size before relaxing)
 .debug_str     0x000d44b6      0x377 Drivers/STM32F4xx_HAL_Driver/Src/stm32f4xx_hal_rcc.o
                              0xd0e20 (size before relaxing)
 .debug_str     0x000d482d      0x1ad Drivers/STM32F4xx_HAL_Driver/Src/stm32f4xx_hal_rcc_ex.o
                              0xd0b7e (size before relaxing)
 .debug_str     0x000d49da      0x5b1 Drivers/STM32F4xx_HAL_Driver/Src/stm32f4xx_hal_sdram.o
                              0xd10b9 (size before relaxing)
 .debug_str     0x000d4f8b      0x4a3 Drivers/STM32F4xx_HAL_Driver/Src/stm32f4xx_hal_spi.o
                              0xd1206 (size before relaxing)
 .debug_str     0x000d542e      0x672 Drivers/STM32F4xx_HAL_Driver/Src/stm32f4xx_hal_uart.o
                              0xd1255 (size before relaxing)
 .debug_str     0x000d5aa0      0x473 Drivers/STM32F4xx_HAL_Driver/Src/stm32f4xx_ll_fmc.o
                              0xd1020 (size before relaxing)
 .debug_str     0x000d5f13      0x150 Src/main.o
                              0xd2fe8 (size before relaxing)
 .debug_str     0x000d6063       0x86 Src/malloc.o
                               0x3896 (size before relaxing)
 .debug_str     0x000d60e9       0x5f Src/stm32f4xx_hal_msp.o
                              0xd1c34 (size before relaxing)
 .debug_str     0x000d6148       0x44 Src/stm32f4xx_it.o
                              0xd0dc7 (size before relaxing)
 .debug_str     0x000d618c       0x5a Src/system_stm32f4xx.o
                              0xd0a0b (size before relaxing)
 .debug_str     0x000d61e6       0x97 Src/threads.o
                               0x4497 (size before relaxing)

.comment        0x00000000       0x6e
 .comment       0x00000000       0x6e Drivers/BSP/STM32F429I-Discovery/stm32f429i_discovery.o
                                 0x6f (size before relaxing)
 .comment       0x0000006e       0x6f Drivers/STM32F4xx_HAL_Driver/Src/stm32f4xx_hal.o
 .comment       0x0000006e       0x6f Drivers/STM32F4xx_HAL_Driver/Src/stm32f4xx_hal_cortex.o
 .comment       0x0000006e       0x6f Drivers/STM32F4xx_HAL_Driver/Src/stm32f4xx_hal_gpio.o
 .comment       0x0000006e       0x6f Drivers/STM32F4xx_HAL_Driver/Src/stm32f4xx_hal_i2c.o
 .comment       0x0000006e       0x6f Drivers/STM32F4xx_HAL_Driver/Src/stm32f4xx_hal_ltdc.o
 .comment       0x0000006e       0x6f Drivers/STM32F4xx_HAL_Driver/Src/stm32f4xx_hal_rcc.o
 .comment       0x0000006e       0x6f Drivers/STM32F4xx_HAL_Driver/Src/stm32f4xx_hal_rcc_ex.o
 .comment       0x0000006e       0x6f Drivers/STM32F4xx_HAL_Driver/Src/stm32f4xx_hal_sdram.o
 .comment       0x0000006e       0x6f Drivers/STM32F4xx_HAL_Driver/Src/stm32f4xx_hal_spi.o
 .comment       0x0000006e       0x6f Drivers/STM32F4xx_HAL_Driver/Src/stm32f4xx_hal_uart.o
 .comment       0x0000006e       0x6f Drivers/STM32F4xx_HAL_Driver/Src/stm32f4xx_ll_fmc.o
 .comment       0x0000006e       0x6f Src/main.o
 .comment       0x0000006e       0x6f Src/malloc.o
 .comment       0x0000006e       0x6f Src/stm32f4xx_hal_msp.o
 .comment       0x0000006e       0x6f Src/stm32f4xx_it.o
 .comment       0x0000006e       0x6f Src/system_stm32f4xx.o
 .comment       0x0000006e       0x6f Src/threads.o

.debug_frame    0x00000000     0x2948
 .debug_frame   0x00000000      0x3fc Drivers/BSP/STM32F429I-Discovery/stm32f429i_discovery.o
 .debug_frame   0x000003fc      0x1b8 Drivers/STM32F4xx_HAL_Driver/Src/stm32f4xx_hal.o
 .debug_frame   0x000005b4      0x154 Drivers/STM32F4xx_HAL_Driver/Src/stm32f4xx_hal_cortex.o
 .debug_frame   0x00000708       0xc4 Drivers/STM32F4xx_HAL_Driver/Src/stm32f4xx_hal_gpio.o
 .debug_frame   0x000007cc      0x808 Drivers/STM32F4xx_HAL_Driver/Src/stm32f4xx_hal_i2c.o
 .debug_frame   0x00000fd4      0x410 Drivers/STM32F4xx_HAL_Driver/Src/stm32f4xx_hal_ltdc.o
 .debug_frame   0x000013e4      0x150 Drivers/STM32F4xx_HAL_Driver/Src/stm32f4xx_hal_rcc.o
 .debug_frame   0x00001534       0x74 Drivers/STM32F4xx_HAL_Driver/Src/stm32f4xx_hal_rcc_ex.o
 .debug_frame   0x000015a8      0x24c Drivers/STM32F4xx_HAL_Driver/Src/stm32f4xx_hal_sdram.o
 .debug_frame   0x000017f4      0x548 Drivers/STM32F4xx_HAL_Driver/Src/stm32f4xx_hal_spi.o
 .debug_frame   0x00001d3c      0x4e8 Drivers/STM32F4xx_HAL_Driver/Src/stm32f4xx_hal_uart.o
 .debug_frame   0x00002224      0x274 Drivers/STM32F4xx_HAL_Driver/Src/stm32f4xx_ll_fmc.o
 .debug_frame   0x00002498      0x1ac Src/main.o
 .debug_frame   0x00002644       0x54 Src/malloc.o
 .debug_frame   0x00002698      0x1a0 Src/stm32f4xx_hal_msp.o
 .debug_frame   0x00002838       0x38 Src/stm32f4xx_it.o
 .debug_frame   0x00002870       0x30 Src/system_stm32f4xx.o
 .debug_frame   0x000028a0       0x7c Src/threads.o
 .debug_frame   0x0000291c       0x2c c:/users/user/.p2/pool/plugins/fr.ac6.mcu.externaltools.arm-none.win32_1.13.2.201703061525/tools/compiler/bin/../lib/gcc/arm-none-eabi/5.4.1/../../../../arm-none-eabi/lib/armv7e-m/fpu\libc_nano.a(lib_a-init.o)
