<html>
<body>
<pre>
<h1>µVision Build Log</h1>
<h2>Tool Versions:</h2>
IDE-Version: £gVision V5.24.2.0
Copyright (C) 2017 ARM Ltd and ARM Germany GmbH. All rights reserved.
License Information: Wei Jason, Qemoy, LIC=BL2VE-5EWMK-8W92D-8FIFL-LM23E-W39HX
 
Tool Versions:
Toolchain:       MDK-ARM Professional  Version: 5.24.1
Toolchain Path:  C:\Keil_v5\ARM\ARMCC\Bin
C Compiler:      Armcc.exe V5.06 update 5 (build 528)
Assembler:       Armasm.exe V5.06 update 5 (build 528)
Linker/Locator:  ArmLink.exe V5.06 update 5 (build 528)
Library Manager: ArmAr.exe V5.06 update 5 (build 528)
Hex Converter:   FromElf.exe V5.06 update 5 (build 528)
CPU DLL:         SARMCM3.DLL V5.24.1
Dialog DLL:      DCM.DLL V1.16.0.0
Target DLL:      STLink\ST-LINKIII-KEIL_SWO.dll V3.0.1.0
Dialog DLL:      TCM.DLL V1.32.0.0
 
<h2>Project:</h2>
C:\Users\Jason\Desktop\makeOS\MDK-ARM\NET.uvprojx
Project File Date:  10/09/2017

<h2>Output:</h2>
*** Using Compiler 'V5.06 update 5 (build 528)', folder: 'C:\Keil_v5\ARM\ARMCC\Bin'
Rebuild target 'NET'
compiling stm32f4xx_hal_flash_ramfunc.c...
compiling stm32f4xx_hal_uart.c...
compiling stm32f4xx_hal_i2c_ex.c...
compiling stm32f4xx_hal_flash_ex.c...
compiling stm32f4xx_hal.c...
compiling stm32f4xx_ll_fmc.c...
compiling stm32f4xx_hal_dma_ex.c...
compiling stm32f4xx_hal_dma.c...
compiling stm32f4xx_hal_eth.c...
compiling stm32f4xx_hal_rcc.c...
compiling stm32f4xx_hal_cortex.c...
compiling stm32f4xx_hal_sdram.c...
compiling stm32f4xx_hal_gpio.c...
compiling stm32f4xx_hal_flash.c...
compiling stm32f4xx_hal_i2c.c...
compiling stm32f4xx_hal_tim.c...
compiling stm32f4xx_hal_pwr_ex.c...
compiling stm32f4xx_hal_pwr.c...
compiling stm32f4xx_hal_tim_ex.c...
compiling stm32f4xx_hal_crc.c...
compiling stm32f4xx_hal_rcc_ex.c...
compiling system_stm32f4xx.c...
compiling stm32f4xx_hal_spi.c...
compiling md4.c...
compiling ip4.c...
compiling err.c...
compiling pppos.c...
compiling multilink.c...
compiling chap-new.c...
compiling pppoe.c...
compiling tcp_in.c...
compiling api_msg.c...
compiling dhcp.c...
compiling fsm.c...
compiling icmp6.c...
compiling ipcp.c...
compiling autoip.c...
compiling upap.c...
compiling ip6_addr.c...
compiling netbuf.c...
compiling pbuf.c...
compiling def.c...
compiling ethernet.c...
compiling des.c...
compiling udp.c...
compiling tcpip.c...
compiling inet_chksum.c...
compiling sys.c...
compiling pppapi.c...
compiling mld6.c...
compiling chap_ms.c...
compiling etharp.c...
compiling ip4_frag.c...
compiling chap-md5.c...
compiling eui64.c...
compiling memp.c...
compiling ip6_frag.c...
compiling ecp.c...
compiling pppcrypt.c...
compiling ip4_addr.c...
compiling api_lib.c...
compiling magic.c...
compiling timeouts.c...
compiling icmp.c...
compiling utils.c...
compiling ethip6.c...
compiling igmp.c...
compiling lcp.c...
compiling tcp.c...
compiling stats.c...
compiling netifapi.c...
compiling tcp_out.c...
compiling mem.c...
compiling ip6.c...
compiling raw.c...
compiling sockets.c...
compiling ip.c...
compiling inet6.c...
compiling dns.c...
compiling ppp.c...
compiling lowpan6.c...
compiling netif.c...
compiling netdb.c...
compiling nd6.c...
compiling sha1.c...
compiling init.c...
compiling md5.c...
compiling arc4.c...
compiling ipv6cp.c...
compiling mppe.c...
compiling ccp.c...
compiling eap.c...
compiling slipif.c...
compiling auth.c...
compiling pppol2tp.c...
compiling vj.c...
assembling startup_stm32f429xx.s...
compiling lwip.c...
compiling demand.c...
compiling stm32f4xx_hal_msp.c...
compiling dhcp6.c...
compiling stm32f4xx_it.c...
compiling ethernetif.c...
compiling stm32f429i_discovery.c...
compiling main.c...
linking...
Program Size: Code=41204 RO-data=896 RW-data=272 ZI-data=27824  
"NET\NET.axf" - 0 Error(s), 0 Warning(s).

<h2>Software Packages used:</h2>

Package Vendor: ARM
                http://www.keil.com/pack/ARM.CMSIS.5.1.1.pack
                ARM.CMSIS.5.1.1
                CMSIS (Cortex Microcontroller Software Interface Standard)
   * Component: CORE Version: 5.0.2

Package Vendor: Keil
                http://www.keil.com/pack/Keil.STM32F4xx_DFP.2.11.0.pack
                Keil.STM32F4xx_DFP.2.11.0
                STMicroelectronics STM32F4 Series Device Support, Drivers and Examples

<h2>Collection of Component include folders:</h2>
  .\RTE\_NET
  C:\Keil_v5\ARM\PACK\ARM\CMSIS\5.1.1\CMSIS\Include
  C:\Keil_v5\ARM\PACK\Keil\STM32F4xx_DFP\2.11.0\Drivers\CMSIS\Device\ST\STM32F4xx\Include

<h2>Collection of Component Files used:</h2>

   * Component: ARM::CMSIS:CORE:5.0.2
Build Time Elapsed:  00:03:53
</pre>
</body>
</html>
